-- Logs begin at Tue 2021-08-03 16:23:38 UTC, end at Tue 2021-08-03 16:25:30 UTC. --
Aug 03 16:23:38 localhost kernel: Linux version 4.18.0-305.12.1.el8_4.x86_64 (mockbuild@x86-vm-09.build.eng.bos.redhat.com) (gcc version 8.4.1 20200928 (Red Hat 8.4.1-1) (GCC)) #1 SMP Mon Jul 26 08:06:24 EDT 2021
Aug 03 16:23:38 localhost kernel: Command line: method=http://download-node-02.eng.bos.redhat.com/rhel-8/devel/candidate-trees/RHEL-8/RHEL-8.4.0-updates-20210803.2/compose/BaseOS/x86_64/os/ ks=file:/ks.cfg
Aug 03 16:23:38 localhost kernel: x86/fpu: Supporting XSAVE feature 0x001: 'x87 floating point registers'
Aug 03 16:23:38 localhost kernel: x86/fpu: Supporting XSAVE feature 0x002: 'SSE registers'
Aug 03 16:23:38 localhost kernel: x86/fpu: Supporting XSAVE feature 0x004: 'AVX registers'
Aug 03 16:23:38 localhost kernel: x86/fpu: xstate_offset[2]:  576, xstate_sizes[2]:  256
Aug 03 16:23:38 localhost kernel: x86/fpu: Enabled xstate features 0x7, context size is 832 bytes, using 'standard' format.
Aug 03 16:23:38 localhost kernel: BIOS-provided physical RAM map:
Aug 03 16:23:38 localhost kernel: BIOS-e820: [mem 0x0000000000000000-0x000000000009fbff] usable
Aug 03 16:23:38 localhost kernel: BIOS-e820: [mem 0x000000000009fc00-0x000000000009ffff] reserved
Aug 03 16:23:38 localhost kernel: BIOS-e820: [mem 0x00000000000f0000-0x00000000000fffff] reserved
Aug 03 16:23:38 localhost kernel: BIOS-e820: [mem 0x0000000000100000-0x00000000bffdbfff] usable
Aug 03 16:23:38 localhost kernel: BIOS-e820: [mem 0x00000000bffdc000-0x00000000bfffffff] reserved
Aug 03 16:23:38 localhost kernel: BIOS-e820: [mem 0x00000000feffc000-0x00000000feffffff] reserved
Aug 03 16:23:38 localhost kernel: BIOS-e820: [mem 0x00000000fffc0000-0x00000000ffffffff] reserved
Aug 03 16:23:38 localhost kernel: BIOS-e820: [mem 0x0000000100000000-0x000000013fffffff] usable
Aug 03 16:23:38 localhost kernel: NX (Execute Disable) protection: active
Aug 03 16:23:38 localhost kernel: SMBIOS 2.8 present.
Aug 03 16:23:38 localhost kernel: DMI: Red Hat KVM, BIOS 1.11.0-2.el7 04/01/2014
Aug 03 16:23:38 localhost kernel: Hypervisor detected: KVM
Aug 03 16:23:38 localhost kernel: kvm-clock: Using msrs 4b564d01 and 4b564d00
Aug 03 16:23:38 localhost kernel: kvm-clock: cpu 0, msr 4f401001, primary cpu clock
Aug 03 16:23:38 localhost kernel: kvm-clock: using sched offset of 8993764469 cycles
Aug 03 16:23:38 localhost kernel: clocksource: kvm-clock: mask: 0xffffffffffffffff max_cycles: 0x1cd42e4dffb, max_idle_ns: 881590591483 ns
Aug 03 16:23:38 localhost kernel: tsc: Detected 2399.998 MHz processor
Aug 03 16:23:38 localhost kernel: e820: update [mem 0x00000000-0x00000fff] usable ==> reserved
Aug 03 16:23:38 localhost kernel: e820: remove [mem 0x000a0000-0x000fffff] usable
Aug 03 16:23:38 localhost kernel: last_pfn = 0x140000 max_arch_pfn = 0x400000000
Aug 03 16:23:38 localhost kernel: MTRR default type: write-back
Aug 03 16:23:38 localhost kernel: MTRR fixed ranges enabled:
Aug 03 16:23:38 localhost kernel:   00000-9FFFF write-back
Aug 03 16:23:38 localhost kernel:   A0000-BFFFF uncachable
Aug 03 16:23:38 localhost kernel:   C0000-FFFFF write-protect
Aug 03 16:23:38 localhost kernel: MTRR variable ranges enabled:
Aug 03 16:23:38 localhost kernel:   0 base 0000C0000000 mask 3FFFC0000000 uncachable
Aug 03 16:23:38 localhost kernel:   1 disabled
Aug 03 16:23:38 localhost kernel:   2 disabled
Aug 03 16:23:38 localhost kernel:   3 disabled
Aug 03 16:23:38 localhost kernel:   4 disabled
Aug 03 16:23:38 localhost kernel:   5 disabled
Aug 03 16:23:38 localhost kernel:   6 disabled
Aug 03 16:23:38 localhost kernel:   7 disabled
Aug 03 16:23:38 localhost kernel: x86/PAT: Configuration [0-7]: WB  WC  UC- UC  WB  WP  UC- WT  
Aug 03 16:23:38 localhost kernel: last_pfn = 0xbffdc max_arch_pfn = 0x400000000
Aug 03 16:23:38 localhost kernel: found SMP MP-table at [mem 0x000f6380-0x000f638f]
Aug 03 16:23:38 localhost kernel: Using GB pages for direct mapping
Aug 03 16:23:38 localhost kernel: BRK [0x4f601000, 0x4f601fff] PGTABLE
Aug 03 16:23:38 localhost kernel: BRK [0x4f602000, 0x4f602fff] PGTABLE
Aug 03 16:23:38 localhost kernel: BRK [0x4f603000, 0x4f603fff] PGTABLE
Aug 03 16:23:38 localhost kernel: BRK [0x4f604000, 0x4f604fff] PGTABLE
Aug 03 16:23:38 localhost kernel: RAMDISK: [mem 0x7b7f8000-0x7fffffff]
Aug 03 16:23:38 localhost kernel: ACPI: Early table checksum verification disabled
Aug 03 16:23:38 localhost kernel: ACPI: RSDP 0x00000000000F60F0 000014 (v00 BOCHS )
Aug 03 16:23:38 localhost kernel: ACPI: RSDT 0x00000000BFFE16E5 000030 (v01 BOCHS  BXPCRSDT 00000001 BXPC 00000001)
Aug 03 16:23:38 localhost kernel: ACPI: FACP 0x00000000BFFE0C14 000074 (v01 BOCHS  BXPCFACP 00000001 BXPC 00000001)
Aug 03 16:23:38 localhost kernel: ACPI: DSDT 0x00000000BFFE0040 000BD4 (v01 BOCHS  BXPCDSDT 00000001 BXPC 00000001)
Aug 03 16:23:38 localhost kernel: ACPI: FACS 0x00000000BFFE0000 000040
Aug 03 16:23:38 localhost kernel: ACPI: SSDT 0x00000000BFFE0C88 0009DD (v01 BOCHS  BXPCSSDT 00000001 BXPC 00000001)
Aug 03 16:23:38 localhost kernel: ACPI: APIC 0x00000000BFFE1665 000080 (v01 BOCHS  BXPCAPIC 00000001 BXPC 00000001)
Aug 03 16:23:38 localhost kernel: ACPI: Local APIC address 0xfee00000
Aug 03 16:23:38 localhost kernel: No NUMA configuration found
Aug 03 16:23:38 localhost kernel: Faking a node at [mem 0x0000000000000000-0x000000013fffffff]
Aug 03 16:23:38 localhost kernel: NODE_DATA(0) allocated [mem 0x13ffd4000-0x13fffdfff]
Aug 03 16:23:38 localhost kernel: Zone ranges:
Aug 03 16:23:38 localhost kernel:   DMA      [mem 0x0000000000001000-0x0000000000ffffff]
Aug 03 16:23:38 localhost kernel:   DMA32    [mem 0x0000000001000000-0x00000000ffffffff]
Aug 03 16:23:38 localhost kernel:   Normal   [mem 0x0000000100000000-0x000000013fffffff]
Aug 03 16:23:38 localhost kernel:   Device   empty
Aug 03 16:23:38 localhost kernel: Movable zone start for each node
Aug 03 16:23:38 localhost kernel: Early memory node ranges
Aug 03 16:23:38 localhost kernel:   node   0: [mem 0x0000000000001000-0x000000000009efff]
Aug 03 16:23:38 localhost kernel:   node   0: [mem 0x0000000000100000-0x00000000bffdbfff]
Aug 03 16:23:38 localhost kernel:   node   0: [mem 0x0000000100000000-0x000000013fffffff]
Aug 03 16:23:38 localhost kernel: Zeroed struct page in unavailable ranges: 134 pages
Aug 03 16:23:38 localhost kernel: Initmem setup node 0 [mem 0x0000000000001000-0x000000013fffffff]
Aug 03 16:23:38 localhost kernel: On node 0 totalpages: 1048442
Aug 03 16:23:38 localhost kernel:   DMA zone: 64 pages used for memmap
Aug 03 16:23:38 localhost kernel:   DMA zone: 21 pages reserved
Aug 03 16:23:38 localhost kernel:   DMA zone: 3998 pages, LIFO batch:0
Aug 03 16:23:38 localhost kernel:   DMA32 zone: 12224 pages used for memmap
Aug 03 16:23:38 localhost kernel:   DMA32 zone: 782300 pages, LIFO batch:63
Aug 03 16:23:38 localhost kernel:   Normal zone: 4096 pages used for memmap
Aug 03 16:23:38 localhost kernel:   Normal zone: 262144 pages, LIFO batch:63
Aug 03 16:23:38 localhost kernel: ACPI: PM-Timer IO Port: 0x608
Aug 03 16:23:38 localhost kernel: ACPI: Local APIC address 0xfee00000
Aug 03 16:23:38 localhost kernel: ACPI: LAPIC_NMI (acpi_id[0xff] dfl dfl lint[0x1])
Aug 03 16:23:38 localhost kernel: IOAPIC[0]: apic_id 0, version 17, address 0xfec00000, GSI 0-23
Aug 03 16:23:38 localhost kernel: ACPI: INT_SRC_OVR (bus 0 bus_irq 0 global_irq 2 dfl dfl)
Aug 03 16:23:38 localhost kernel: ACPI: INT_SRC_OVR (bus 0 bus_irq 5 global_irq 5 high level)
Aug 03 16:23:38 localhost kernel: ACPI: INT_SRC_OVR (bus 0 bus_irq 9 global_irq 9 high level)
Aug 03 16:23:38 localhost kernel: ACPI: INT_SRC_OVR (bus 0 bus_irq 10 global_irq 10 high level)
Aug 03 16:23:38 localhost kernel: ACPI: INT_SRC_OVR (bus 0 bus_irq 11 global_irq 11 high level)
Aug 03 16:23:38 localhost kernel: ACPI: IRQ0 used by override.
Aug 03 16:23:38 localhost kernel: ACPI: IRQ5 used by override.
Aug 03 16:23:38 localhost kernel: ACPI: IRQ9 used by override.
Aug 03 16:23:38 localhost kernel: ACPI: IRQ10 used by override.
Aug 03 16:23:38 localhost kernel: ACPI: IRQ11 used by override.
Aug 03 16:23:38 localhost kernel: Using ACPI (MADT) for SMP configuration information
Aug 03 16:23:38 localhost kernel: smpboot: Allowing 2 CPUs, 0 hotplug CPUs
Aug 03 16:23:38 localhost kernel: PM: Registered nosave memory: [mem 0x00000000-0x00000fff]
Aug 03 16:23:38 localhost kernel: PM: Registered nosave memory: [mem 0x0009f000-0x0009ffff]
Aug 03 16:23:38 localhost kernel: PM: Registered nosave memory: [mem 0x000a0000-0x000effff]
Aug 03 16:23:38 localhost kernel: PM: Registered nosave memory: [mem 0x000f0000-0x000fffff]
Aug 03 16:23:38 localhost kernel: PM: Registered nosave memory: [mem 0xbffdc000-0xbfffffff]
Aug 03 16:23:38 localhost kernel: PM: Registered nosave memory: [mem 0xc0000000-0xfeffbfff]
Aug 03 16:23:38 localhost kernel: PM: Registered nosave memory: [mem 0xfeffc000-0xfeffffff]
Aug 03 16:23:38 localhost kernel: PM: Registered nosave memory: [mem 0xff000000-0xfffbffff]
Aug 03 16:23:38 localhost kernel: PM: Registered nosave memory: [mem 0xfffc0000-0xffffffff]
Aug 03 16:23:38 localhost kernel: [mem 0xc0000000-0xfeffbfff] available for PCI devices
Aug 03 16:23:38 localhost kernel: Booting paravirtualized kernel on KVM
Aug 03 16:23:38 localhost kernel: clocksource: refined-jiffies: mask: 0xffffffff max_cycles: 0xffffffff, max_idle_ns: 1910969940391419 ns
Aug 03 16:23:38 localhost kernel: setup_percpu: NR_CPUS:8192 nr_cpumask_bits:2 nr_cpu_ids:2 nr_node_ids:1
Aug 03 16:23:38 localhost kernel: percpu: Embedded 54 pages/cpu s184320 r8192 d28672 u1048576
Aug 03 16:23:38 localhost kernel: pcpu-alloc: s184320 r8192 d28672 u1048576 alloc=1*2097152
Aug 03 16:23:38 localhost kernel: pcpu-alloc: [0] 0 1 
Aug 03 16:23:38 localhost kernel: kvm-guest: stealtime: cpu 0, msr 13bc2c080
Aug 03 16:23:38 localhost kernel: kvm-guest: PV spinlocks enabled
Aug 03 16:23:38 localhost kernel: PV qspinlock hash table entries: 256 (order: 0, 4096 bytes)
Aug 03 16:23:38 localhost kernel: Built 1 zonelists, mobility grouping on.  Total pages: 1032037
Aug 03 16:23:38 localhost kernel: Policy zone: Normal
Aug 03 16:23:38 localhost kernel: Kernel command line: method=http://download-node-02.eng.bos.redhat.com/rhel-8/devel/candidate-trees/RHEL-8/RHEL-8.4.0-updates-20210803.2/compose/BaseOS/x86_64/os/ ks=file:/ks.cfg
Aug 03 16:23:38 localhost kernel: Specific versions of hardware are certified with Red Hat Enterprise Linux 8. Please see the list of hardware certified with Red Hat Enterprise Linux 8 at https://catalog.redhat.com.
Aug 03 16:23:38 localhost kernel: Memory: 3091776K/4193768K available (12293K kernel code, 2225K rwdata, 7712K rodata, 2476K init, 14048K bss, 251088K reserved, 0K cma-reserved)
Aug 03 16:23:38 localhost kernel: random: get_random_u64 called from cache_random_seq_create+0x7c/0x140 with crng_init=0
Aug 03 16:23:38 localhost kernel: SLUB: HWalign=64, Order=0-3, MinObjects=0, CPUs=2, Nodes=1
Aug 03 16:23:38 localhost kernel: Kernel/User page tables isolation: enabled
Aug 03 16:23:38 localhost kernel: ftrace: allocating 38583 entries in 151 pages
Aug 03 16:23:38 localhost kernel: ftrace: allocated 151 pages with 5 groups
Aug 03 16:23:38 localhost kernel: rcu: Hierarchical RCU implementation.
Aug 03 16:23:38 localhost kernel: rcu:         RCU restricting CPUs from NR_CPUS=8192 to nr_cpu_ids=2.
Aug 03 16:23:38 localhost kernel: rcu: RCU calculated value of scheduler-enlistment delay is 100 jiffies.
Aug 03 16:23:38 localhost kernel: rcu: Adjusting geometry for rcu_fanout_leaf=16, nr_cpu_ids=2
Aug 03 16:23:38 localhost kernel: NR_IRQS: 524544, nr_irqs: 440, preallocated irqs: 16
Aug 03 16:23:38 localhost kernel: Console: colour VGA+ 80x25
Aug 03 16:23:38 localhost kernel: printk: console [tty0] enabled
Aug 03 16:23:38 localhost kernel: ACPI: Core revision 20200925
Aug 03 16:23:38 localhost kernel: APIC: Switch to symmetric I/O mode setup
Aug 03 16:23:38 localhost kernel: x2apic enabled
Aug 03 16:23:38 localhost kernel: Switched APIC routing to physical x2apic.
Aug 03 16:23:38 localhost kernel: ..TIMER: vector=0x30 apic1=0 pin1=2 apic2=-1 pin2=-1
Aug 03 16:23:38 localhost kernel: clocksource: tsc-early: mask: 0xffffffffffffffff max_cycles: 0x229835b7123, max_idle_ns: 440795242976 ns
Aug 03 16:23:38 localhost kernel: Calibrating delay loop (skipped) preset value.. 4799.99 BogoMIPS (lpj=2399998)
Aug 03 16:23:38 localhost kernel: pid_max: default: 32768 minimum: 301
Aug 03 16:23:38 localhost kernel: Security Framework initialized
Aug 03 16:23:38 localhost kernel: Yama: becoming mindful.
Aug 03 16:23:38 localhost kernel: SELinux:  Initializing.
Aug 03 16:23:38 localhost kernel: Dentry cache hash table entries: 524288 (order: 10, 4194304 bytes)
Aug 03 16:23:38 localhost kernel: Inode-cache hash table entries: 262144 (order: 9, 2097152 bytes)
Aug 03 16:23:38 localhost kernel: Mount-cache hash table entries: 8192 (order: 4, 65536 bytes)
Aug 03 16:23:38 localhost kernel: Mountpoint-cache hash table entries: 8192 (order: 4, 65536 bytes)
Aug 03 16:23:38 localhost kernel: Last level iTLB entries: 4KB 512, 2MB 8, 4MB 8
Aug 03 16:23:38 localhost kernel: Last level dTLB entries: 4KB 512, 2MB 32, 4MB 32, 1GB 0
Aug 03 16:23:38 localhost kernel: FEATURE SPEC_CTRL Not Present
Aug 03 16:23:38 localhost kernel: FEATURE IBPB_SUPPORT Not Present
Aug 03 16:23:38 localhost kernel: Spectre V1 : Mitigation: usercopy/swapgs barriers and __user pointer sanitization
Aug 03 16:23:38 localhost kernel: Spectre V2 : Mitigation: Full generic retpoline
Aug 03 16:23:38 localhost kernel: Spectre V2 : Spectre v2 / SpectreRSB mitigation: Filling RSB on context switch
Aug 03 16:23:38 localhost kernel: Speculative Store Bypass: Vulnerable
Aug 03 16:23:38 localhost kernel: MDS: Vulnerable: Clear CPU buffers attempted, no microcode
Aug 03 16:23:38 localhost kernel: Freeing SMP alternatives memory: 32K
Aug 03 16:23:38 localhost kernel: TSC deadline timer enabled
Aug 03 16:23:38 localhost kernel: smpboot: CPU0: Intel(R) Xeon(R) CPU E5-2609 0 @ 2.40GHz (family: 0x6, model: 0x2d, stepping: 0x7)
Aug 03 16:23:38 localhost kernel: Performance Events: SandyBridge events, Intel PMU driver.
Aug 03 16:23:38 localhost kernel: core: PEBS disabled due to CPU errata, please upgrade microcode
Aug 03 16:23:38 localhost kernel: ... version:                2
Aug 03 16:23:38 localhost kernel: ... bit width:              48
Aug 03 16:23:38 localhost kernel: ... generic registers:      8
Aug 03 16:23:38 localhost kernel: ... value mask:             0000ffffffffffff
Aug 03 16:23:38 localhost kernel: ... max period:             000000007fffffff
Aug 03 16:23:38 localhost kernel: ... fixed-purpose events:   3
Aug 03 16:23:38 localhost kernel: ... event mask:             00000007000000ff
Aug 03 16:23:38 localhost kernel: rcu: Hierarchical SRCU implementation.
Aug 03 16:23:38 localhost kernel: smp: Bringing up secondary CPUs ...
Aug 03 16:23:38 localhost kernel: x86: Booting SMP configuration:
Aug 03 16:23:38 localhost kernel: .... node  #0, CPUs:      #1
Aug 03 16:23:38 localhost kernel: kvm-clock: cpu 1, msr 4f401041, secondary cpu clock
Aug 03 16:23:38 localhost kernel: smpboot: CPU 1 Converting physical 0 to logical die 1
Aug 03 16:23:38 localhost kernel: kvm-guest: stealtime: cpu 1, msr 13bd2c080
Aug 03 16:23:38 localhost kernel: smp: Brought up 1 node, 2 CPUs
Aug 03 16:23:38 localhost kernel: smpboot: Max logical packages: 2
Aug 03 16:23:38 localhost kernel: smpboot: Total of 2 processors activated (9599.99 BogoMIPS)
Aug 03 16:23:38 localhost kernel: node 0 deferred pages initialised in 5ms
Aug 03 16:23:38 localhost kernel: devtmpfs: initialized
Aug 03 16:23:38 localhost kernel: x86/mm: Memory block size: 128MB
Aug 03 16:23:38 localhost kernel: clocksource: jiffies: mask: 0xffffffff max_cycles: 0xffffffff, max_idle_ns: 1911260446275000 ns
Aug 03 16:23:38 localhost kernel: futex hash table entries: 512 (order: 3, 32768 bytes)
Aug 03 16:23:38 localhost kernel: pinctrl core: initialized pinctrl subsystem
Aug 03 16:23:38 localhost kernel: NET: Registered protocol family 16
Aug 03 16:23:38 localhost kernel: DMA: preallocated 512 KiB GFP_KERNEL pool for atomic allocations
Aug 03 16:23:38 localhost kernel: DMA: preallocated 512 KiB GFP_KERNEL|GFP_DMA pool for atomic allocations
Aug 03 16:23:38 localhost kernel: DMA: preallocated 512 KiB GFP_KERNEL|GFP_DMA32 pool for atomic allocations
Aug 03 16:23:38 localhost kernel: audit: initializing netlink subsys (disabled)
Aug 03 16:23:38 localhost kernel: audit: type=2000 audit(1628007912.399:1): state=initialized audit_enabled=0 res=1
Aug 03 16:23:38 localhost kernel: cpuidle: using governor menu
Aug 03 16:23:38 localhost kernel: ACPI: bus type PCI registered
Aug 03 16:23:38 localhost kernel: acpiphp: ACPI Hot Plug PCI Controller Driver version: 0.5
Aug 03 16:23:38 localhost kernel: PCI: Using configuration type 1 for base access
Aug 03 16:23:38 localhost kernel: core: PMU erratum BJ122, BV98, HSD29 workaround disabled, HT off
Aug 03 16:23:38 localhost kernel: HugeTLB registered 1.00 GiB page size, pre-allocated 0 pages
Aug 03 16:23:38 localhost kernel: HugeTLB registered 2.00 MiB page size, pre-allocated 0 pages
Aug 03 16:23:38 localhost kernel: cryptd: max_cpu_qlen set to 1000
Aug 03 16:23:38 localhost kernel: ACPI: Added _OSI(Module Device)
Aug 03 16:23:38 localhost kernel: ACPI: Added _OSI(Processor Device)
Aug 03 16:23:38 localhost kernel: ACPI: Added _OSI(3.0 _SCP Extensions)
Aug 03 16:23:38 localhost kernel: ACPI: Added _OSI(Processor Aggregator Device)
Aug 03 16:23:38 localhost kernel: ACPI: Added _OSI(Linux-Dell-Video)
Aug 03 16:23:38 localhost kernel: ACPI: Added _OSI(Linux-Lenovo-NV-HDMI-Audio)
Aug 03 16:23:38 localhost kernel: ACPI: Added _OSI(Linux-HPI-Hybrid-Graphics)
Aug 03 16:23:38 localhost kernel: ACPI: 2 ACPI AML tables successfully acquired and loaded
Aug 03 16:23:38 localhost kernel: ACPI: Interpreter enabled
Aug 03 16:23:38 localhost kernel: ACPI: (supports S0 S5)
Aug 03 16:23:38 localhost kernel: ACPI: Using IOAPIC for interrupt routing
Aug 03 16:23:38 localhost kernel: PCI: Using host bridge windows from ACPI; if necessary, use "pci=nocrs" and report a bug
Aug 03 16:23:38 localhost kernel: ACPI: Enabled 16 GPEs in block 00 to 0F
Aug 03 16:23:38 localhost kernel: ACPI: PCI Root Bridge [PCI0] (domain 0000 [bus 00-ff])
Aug 03 16:23:38 localhost kernel: acpi PNP0A03:00: _OSC: OS supports [ASPM ClockPM Segments MSI EDR HPX-Type3]
Aug 03 16:23:38 localhost kernel: acpi PNP0A03:00: fail to add MMCONFIG information, can't access extended PCI configuration space under this bridge.
Aug 03 16:23:38 localhost kernel: acpiphp: Slot [3] registered
Aug 03 16:23:38 localhost kernel: acpiphp: Slot [4] registered
Aug 03 16:23:38 localhost kernel: acpiphp: Slot [5] registered
Aug 03 16:23:38 localhost kernel: acpiphp: Slot [6] registered
Aug 03 16:23:38 localhost kernel: acpiphp: Slot [7] registered
Aug 03 16:23:38 localhost kernel: acpiphp: Slot [8] registered
Aug 03 16:23:38 localhost kernel: acpiphp: Slot [9] registered
Aug 03 16:23:38 localhost kernel: acpiphp: Slot [10] registered
Aug 03 16:23:38 localhost kernel: acpiphp: Slot [11] registered
Aug 03 16:23:38 localhost kernel: acpiphp: Slot [12] registered
Aug 03 16:23:38 localhost kernel: acpiphp: Slot [13] registered
Aug 03 16:23:38 localhost kernel: acpiphp: Slot [14] registered
Aug 03 16:23:38 localhost kernel: acpiphp: Slot [15] registered
Aug 03 16:23:38 localhost kernel: acpiphp: Slot [16] registered
Aug 03 16:23:38 localhost kernel: acpiphp: Slot [17] registered
Aug 03 16:23:38 localhost kernel: acpiphp: Slot [18] registered
Aug 03 16:23:38 localhost kernel: acpiphp: Slot [19] registered
Aug 03 16:23:38 localhost kernel: acpiphp: Slot [20] registered
Aug 03 16:23:38 localhost kernel: acpiphp: Slot [21] registered
Aug 03 16:23:38 localhost kernel: acpiphp: Slot [22] registered
Aug 03 16:23:38 localhost kernel: acpiphp: Slot [23] registered
Aug 03 16:23:38 localhost kernel: acpiphp: Slot [24] registered
Aug 03 16:23:38 localhost kernel: acpiphp: Slot [25] registered
Aug 03 16:23:38 localhost kernel: acpiphp: Slot [26] registered
Aug 03 16:23:38 localhost kernel: acpiphp: Slot [27] registered
Aug 03 16:23:38 localhost kernel: acpiphp: Slot [28] registered
Aug 03 16:23:38 localhost kernel: acpiphp: Slot [29] registered
Aug 03 16:23:38 localhost kernel: acpiphp: Slot [30] registered
Aug 03 16:23:38 localhost kernel: acpiphp: Slot [31] registered
Aug 03 16:23:38 localhost kernel: PCI host bridge to bus 0000:00
Aug 03 16:23:38 localhost kernel: pci_bus 0000:00: root bus resource [io  0x0000-0x0cf7 window]
Aug 03 16:23:38 localhost kernel: pci_bus 0000:00: root bus resource [io  0x0d00-0xffff window]
Aug 03 16:23:38 localhost kernel: pci_bus 0000:00: root bus resource [mem 0x000a0000-0x000bffff window]
Aug 03 16:23:38 localhost kernel: pci_bus 0000:00: root bus resource [mem 0xc0000000-0xfebfffff window]
Aug 03 16:23:38 localhost kernel: pci_bus 0000:00: root bus resource [bus 00-ff]
Aug 03 16:23:38 localhost kernel: pci 0000:00:00.0: [8086:1237] type 00 class 0x060000
Aug 03 16:23:38 localhost kernel: pci 0000:00:01.0: [8086:7000] type 00 class 0x060100
Aug 03 16:23:38 localhost kernel: pci 0000:00:01.1: [8086:7010] type 00 class 0x010180
Aug 03 16:23:38 localhost kernel: pci 0000:00:01.1: reg 0x20: [io  0xc0e0-0xc0ef]
Aug 03 16:23:38 localhost kernel: pci 0000:00:01.1: legacy IDE quirk: reg 0x10: [io  0x01f0-0x01f7]
Aug 03 16:23:38 localhost kernel: pci 0000:00:01.1: legacy IDE quirk: reg 0x14: [io  0x03f6]
Aug 03 16:23:38 localhost kernel: pci 0000:00:01.1: legacy IDE quirk: reg 0x18: [io  0x0170-0x0177]
Aug 03 16:23:38 localhost kernel: pci 0000:00:01.1: legacy IDE quirk: reg 0x1c: [io  0x0376]
Aug 03 16:23:38 localhost kernel: pci 0000:00:01.2: [8086:7020] type 00 class 0x0c0300
Aug 03 16:23:38 localhost kernel: pci 0000:00:01.2: reg 0x20: [io  0xc040-0xc05f]
Aug 03 16:23:38 localhost kernel: pci 0000:00:01.3: [8086:7113] type 00 class 0x068000
Aug 03 16:23:38 localhost kernel: pci 0000:00:01.3: quirk: [io  0x0600-0x063f] claimed by PIIX4 ACPI
Aug 03 16:23:38 localhost kernel: pci 0000:00:01.3: quirk: [io  0x0700-0x070f] claimed by PIIX4 SMB
Aug 03 16:23:38 localhost kernel: pci 0000:00:02.0: [1013:00b8] type 00 class 0x030000
Aug 03 16:23:38 localhost kernel: pci 0000:00:02.0: reg 0x10: [mem 0xfc000000-0xfdffffff pref]
Aug 03 16:23:38 localhost kernel: pci 0000:00:02.0: reg 0x14: [mem 0xfebd0000-0xfebd0fff]
Aug 03 16:23:38 localhost kernel: pci 0000:00:02.0: reg 0x30: [mem 0xfebc0000-0xfebcffff pref]
Aug 03 16:23:38 localhost kernel: pci 0000:00:03.0: [1af4:1000] type 00 class 0x020000
Aug 03 16:23:38 localhost kernel: pci 0000:00:03.0: reg 0x10: [io  0xc060-0xc07f]
Aug 03 16:23:38 localhost kernel: pci 0000:00:03.0: reg 0x14: [mem 0xfebd1000-0xfebd1fff]
Aug 03 16:23:38 localhost kernel: pci 0000:00:03.0: reg 0x30: [mem 0xfeb80000-0xfebbffff pref]
Aug 03 16:23:38 localhost kernel: pci 0000:00:04.0: [1af4:1003] type 00 class 0x078000
Aug 03 16:23:38 localhost kernel: pci 0000:00:04.0: reg 0x10: [io  0xc080-0xc09f]
Aug 03 16:23:38 localhost kernel: pci 0000:00:04.0: reg 0x14: [mem 0xfebd2000-0xfebd2fff]
Aug 03 16:23:38 localhost kernel: pci 0000:00:05.0: [1af4:1001] type 00 class 0x010000
Aug 03 16:23:38 localhost kernel: pci 0000:00:05.0: reg 0x10: [io  0xc000-0xc03f]
Aug 03 16:23:38 localhost kernel: pci 0000:00:05.0: reg 0x14: [mem 0xfebd3000-0xfebd3fff]
Aug 03 16:23:38 localhost kernel: pci 0000:00:06.0: [1af4:1002] type 00 class 0x00ff00
Aug 03 16:23:38 localhost kernel: pci 0000:00:06.0: reg 0x10: [io  0xc0a0-0xc0bf]
Aug 03 16:23:38 localhost kernel: pci 0000:00:07.0: [1af4:1005] type 00 class 0x00ff00
Aug 03 16:23:38 localhost kernel: pci 0000:00:07.0: reg 0x10: [io  0xc0c0-0xc0df]
Aug 03 16:23:38 localhost kernel: ACPI: PCI Interrupt Link [LNKA] (IRQs 5 *10 11)
Aug 03 16:23:38 localhost kernel: ACPI: PCI Interrupt Link [LNKB] (IRQs 5 *10 11)
Aug 03 16:23:38 localhost kernel: ACPI: PCI Interrupt Link [LNKC] (IRQs 5 10 *11)
Aug 03 16:23:38 localhost kernel: ACPI: PCI Interrupt Link [LNKD] (IRQs 5 10 *11)
Aug 03 16:23:38 localhost kernel: ACPI: PCI Interrupt Link [LNKS] (IRQs *9)
Aug 03 16:23:38 localhost kernel: iommu: Default domain type: Passthrough 
Aug 03 16:23:38 localhost kernel: pci 0000:00:02.0: vgaarb: setting as boot VGA device
Aug 03 16:23:38 localhost kernel: pci 0000:00:02.0: vgaarb: VGA device added: decodes=io+mem,owns=io+mem,locks=none
Aug 03 16:23:38 localhost kernel: pci 0000:00:02.0: vgaarb: bridge control possible
Aug 03 16:23:38 localhost kernel: vgaarb: loaded
Aug 03 16:23:38 localhost kernel: SCSI subsystem initialized
Aug 03 16:23:38 localhost kernel: ACPI: bus type USB registered
Aug 03 16:23:38 localhost kernel: usbcore: registered new interface driver usbfs
Aug 03 16:23:38 localhost kernel: usbcore: registered new interface driver hub
Aug 03 16:23:38 localhost kernel: usbcore: registered new device driver usb
Aug 03 16:23:38 localhost kernel: pps_core: LinuxPPS API ver. 1 registered
Aug 03 16:23:38 localhost kernel: pps_core: Software ver. 5.3.6 - Copyright 2005-2007 Rodolfo Giometti <giometti@linux.it>
Aug 03 16:23:38 localhost kernel: PTP clock support registered
Aug 03 16:23:38 localhost kernel: EDAC MC: Ver: 3.0.0
Aug 03 16:23:38 localhost kernel: PCI: Using ACPI for IRQ routing
Aug 03 16:23:38 localhost kernel: PCI: pci_cache_line_size set to 64 bytes
Aug 03 16:23:38 localhost kernel: e820: reserve RAM buffer [mem 0x0009fc00-0x0009ffff]
Aug 03 16:23:38 localhost kernel: e820: reserve RAM buffer [mem 0xbffdc000-0xbfffffff]
Aug 03 16:23:38 localhost kernel: NetLabel: Initializing
Aug 03 16:23:38 localhost kernel: NetLabel:  domain hash size = 128
Aug 03 16:23:38 localhost kernel: NetLabel:  protocols = UNLABELED CIPSOv4 CALIPSO
Aug 03 16:23:38 localhost kernel: NetLabel:  unlabeled traffic allowed by default
Aug 03 16:23:38 localhost kernel: clocksource: Switched to clocksource kvm-clock
Aug 03 16:23:38 localhost kernel: VFS: Disk quotas dquot_6.6.0
Aug 03 16:23:38 localhost kernel: VFS: Dquot-cache hash table entries: 512 (order 0, 4096 bytes)
Aug 03 16:23:38 localhost kernel: pnp: PnP ACPI init
Aug 03 16:23:38 localhost kernel: pnp 00:00: Plug and Play ACPI device, IDs PNP0b00 (active)
Aug 03 16:23:38 localhost kernel: pnp 00:01: Plug and Play ACPI device, IDs PNP0303 (active)
Aug 03 16:23:38 localhost kernel: pnp 00:02: Plug and Play ACPI device, IDs PNP0f13 (active)
Aug 03 16:23:38 localhost kernel: pnp 00:03: [dma 2]
Aug 03 16:23:38 localhost kernel: pnp 00:03: Plug and Play ACPI device, IDs PNP0700 (active)
Aug 03 16:23:38 localhost kernel: pnp 00:04: Plug and Play ACPI device, IDs PNP0501 (active)
Aug 03 16:23:38 localhost kernel: pnp 00:05: Plug and Play ACPI device, IDs PNP0501 (active)
Aug 03 16:23:38 localhost kernel: pnp: PnP ACPI: found 6 devices
Aug 03 16:23:38 localhost kernel: clocksource: acpi_pm: mask: 0xffffff max_cycles: 0xffffff, max_idle_ns: 2085701024 ns
Aug 03 16:23:38 localhost kernel: pci_bus 0000:00: resource 4 [io  0x0000-0x0cf7 window]
Aug 03 16:23:38 localhost kernel: pci_bus 0000:00: resource 5 [io  0x0d00-0xffff window]
Aug 03 16:23:38 localhost kernel: pci_bus 0000:00: resource 6 [mem 0x000a0000-0x000bffff window]
Aug 03 16:23:38 localhost kernel: pci_bus 0000:00: resource 7 [mem 0xc0000000-0xfebfffff window]
Aug 03 16:23:38 localhost kernel: NET: Registered protocol family 2
Aug 03 16:23:38 localhost kernel: tcp_listen_portaddr_hash hash table entries: 2048 (order: 3, 32768 bytes)
Aug 03 16:23:38 localhost kernel: TCP established hash table entries: 32768 (order: 6, 262144 bytes)
Aug 03 16:23:38 localhost kernel: TCP bind hash table entries: 32768 (order: 7, 524288 bytes)
Aug 03 16:23:38 localhost kernel: TCP: Hash tables configured (established 32768 bind 32768)
Aug 03 16:23:38 localhost kernel: MPTCP token hash table entries: 4096 (order: 4, 98304 bytes)
Aug 03 16:23:38 localhost kernel: UDP hash table entries: 2048 (order: 4, 65536 bytes)
Aug 03 16:23:38 localhost kernel: UDP-Lite hash table entries: 2048 (order: 4, 65536 bytes)
Aug 03 16:23:38 localhost kernel: NET: Registered protocol family 1
Aug 03 16:23:38 localhost kernel: NET: Registered protocol family 44
Aug 03 16:23:38 localhost kernel: pci 0000:00:00.0: Limiting direct PCI/PCI transfers
Aug 03 16:23:38 localhost kernel: pci 0000:00:01.0: PIIX3: Enabling Passive Release
Aug 03 16:23:38 localhost kernel: pci 0000:00:01.0: Activating ISA DMA hang workarounds
Aug 03 16:23:38 localhost kernel: PCI Interrupt Link [LNKD] enabled at IRQ 11
Aug 03 16:23:38 localhost kernel: pci 0000:00:01.2: quirk_usb_early_handoff+0x0/0x6a0 took 51743 usecs
Aug 03 16:23:38 localhost kernel: pci 0000:00:02.0: Video device with shadowed ROM at [mem 0x000c0000-0x000dffff]
Aug 03 16:23:38 localhost kernel: PCI: CLS 0 bytes, default 64
Aug 03 16:23:38 localhost kernel: Unpacking initramfs...
Aug 03 16:23:38 localhost kernel: Freeing initrd memory: 73760K
Aug 03 16:23:38 localhost kernel: PCI-DMA: Using software bounce buffering for IO (SWIOTLB)
Aug 03 16:23:38 localhost kernel: software IO TLB: mapped [mem 0xbbfdc000-0xbffdc000] (64MB)
Aug 03 16:23:38 localhost kernel: clocksource: tsc: mask: 0xffffffffffffffff max_cycles: 0x229835b7123, max_idle_ns: 440795242976 ns
Aug 03 16:23:38 localhost kernel: Initialise system trusted keyrings
Aug 03 16:23:38 localhost kernel: Key type blacklist registered
Aug 03 16:23:38 localhost kernel: workingset: timestamp_bits=36 max_order=20 bucket_order=0
Aug 03 16:23:38 localhost kernel: zbud: loaded
Aug 03 16:23:38 localhost kernel: pstore: using deflate compression
Aug 03 16:23:38 localhost kernel: Platform Keyring initialized
Aug 03 16:23:38 localhost kernel: NET: Registered protocol family 38
Aug 03 16:23:38 localhost kernel: Key type asymmetric registered
Aug 03 16:23:38 localhost kernel: Asymmetric key parser 'x509' registered
Aug 03 16:23:38 localhost kernel: Block layer SCSI generic (bsg) driver version 0.4 loaded (major 247)
Aug 03 16:23:38 localhost kernel: io scheduler mq-deadline registered
Aug 03 16:23:38 localhost kernel: io scheduler kyber registered
Aug 03 16:23:38 localhost kernel: io scheduler bfq registered
Aug 03 16:23:38 localhost kernel: atomic64_test: passed for x86-64 platform with CX8 and with SSE
Aug 03 16:23:38 localhost kernel: shpchp: Standard Hot Plug PCI Controller Driver version: 0.4
Aug 03 16:23:38 localhost kernel: intel_idle: Please enable MWAIT in BIOS SETUP
Aug 03 16:23:38 localhost kernel: input: Power Button as /devices/LNXSYSTM:00/LNXPWRBN:00/input/input0
Aug 03 16:23:38 localhost kernel: ACPI: Power Button [PWRF]
Aug 03 16:23:38 localhost kernel: PCI Interrupt Link [LNKC] enabled at IRQ 10
Aug 03 16:23:38 localhost kernel: virtio-pci 0000:00:03.0: virtio_pci: leaving for legacy driver
Aug 03 16:23:38 localhost kernel: virtio-pci 0000:00:04.0: virtio_pci: leaving for legacy driver
Aug 03 16:23:38 localhost kernel: PCI Interrupt Link [LNKA] enabled at IRQ 10
Aug 03 16:23:38 localhost kernel: virtio-pci 0000:00:05.0: virtio_pci: leaving for legacy driver
Aug 03 16:23:38 localhost kernel: PCI Interrupt Link [LNKB] enabled at IRQ 11
Aug 03 16:23:38 localhost kernel: virtio-pci 0000:00:06.0: virtio_pci: leaving for legacy driver
Aug 03 16:23:38 localhost kernel: virtio-pci 0000:00:07.0: virtio_pci: leaving for legacy driver
Aug 03 16:23:38 localhost kernel: Serial: 8250/16550 driver, 4 ports, IRQ sharing enabled
Aug 03 16:23:38 localhost kernel: 00:04: ttyS0 at I/O 0x3f8 (irq = 4, base_baud = 115200) is a 16550A
Aug 03 16:23:38 localhost kernel: 00:05: ttyS1 at I/O 0x2f8 (irq = 3, base_baud = 115200) is a 16550A
Aug 03 16:23:38 localhost kernel: Non-volatile memory driver v1.3
Aug 03 16:23:38 localhost kernel: rdac: device handler registered
Aug 03 16:23:38 localhost kernel: random: fast init done
Aug 03 16:23:38 localhost kernel: hp_sw: device handler registered
Aug 03 16:23:38 localhost kernel: random: crng init done
Aug 03 16:23:38 localhost kernel: emc: device handler registered
Aug 03 16:23:38 localhost kernel: alua: device handler registered
Aug 03 16:23:38 localhost kernel: libphy: Fixed MDIO Bus: probed
Aug 03 16:23:38 localhost kernel: ehci_hcd: USB 2.0 'Enhanced' Host Controller (EHCI) Driver
Aug 03 16:23:38 localhost kernel: ehci-pci: EHCI PCI platform driver
Aug 03 16:23:38 localhost kernel: ohci_hcd: USB 1.1 'Open' Host Controller (OHCI) Driver
Aug 03 16:23:38 localhost kernel: ohci-pci: OHCI PCI platform driver
Aug 03 16:23:38 localhost kernel: uhci_hcd: USB Universal Host Controller Interface driver
Aug 03 16:23:38 localhost kernel: uhci_hcd 0000:00:01.2: UHCI Host Controller
Aug 03 16:23:38 localhost kernel: uhci_hcd 0000:00:01.2: new USB bus registered, assigned bus number 1
Aug 03 16:23:38 localhost kernel: uhci_hcd 0000:00:01.2: detected 2 ports
Aug 03 16:23:38 localhost kernel: uhci_hcd 0000:00:01.2: irq 11, io base 0x0000c040
Aug 03 16:23:38 localhost kernel: usb usb1: New USB device found, idVendor=1d6b, idProduct=0001, bcdDevice= 4.18
Aug 03 16:23:38 localhost kernel: usb usb1: New USB device strings: Mfr=3, Product=2, SerialNumber=1
Aug 03 16:23:38 localhost kernel: usb usb1: Product: UHCI Host Controller
Aug 03 16:23:38 localhost kernel: usb usb1: Manufacturer: Linux 4.18.0-305.12.1.el8_4.x86_64 uhci_hcd
Aug 03 16:23:38 localhost kernel: usb usb1: SerialNumber: 0000:00:01.2
Aug 03 16:23:38 localhost kernel: hub 1-0:1.0: USB hub found
Aug 03 16:23:38 localhost kernel: hub 1-0:1.0: 2 ports detected
Aug 03 16:23:38 localhost kernel: usbcore: registered new interface driver usbserial_generic
Aug 03 16:23:38 localhost kernel: usbserial: USB Serial support registered for generic
Aug 03 16:23:38 localhost kernel: i8042: PNP: PS/2 Controller [PNP0303:KBD,PNP0f13:MOU] at 0x60,0x64 irq 1,12
Aug 03 16:23:38 localhost kernel: serio: i8042 KBD port at 0x60,0x64 irq 1
Aug 03 16:23:38 localhost kernel: serio: i8042 AUX port at 0x60,0x64 irq 12
Aug 03 16:23:38 localhost kernel: mousedev: PS/2 mouse device common for all mice
Aug 03 16:23:38 localhost kernel: input: AT Translated Set 2 keyboard as /devices/platform/i8042/serio0/input/input1
Aug 03 16:23:38 localhost kernel: rtc_cmos 00:00: RTC can wake from S4
Aug 03 16:23:38 localhost kernel: input: VirtualPS/2 VMware VMMouse as /devices/platform/i8042/serio1/input/input4
Aug 03 16:23:38 localhost kernel: rtc_cmos 00:00: registered as rtc0
Aug 03 16:23:38 localhost kernel: rtc_cmos 00:00: alarms up to one day, 114 bytes nvram
Aug 03 16:23:38 localhost kernel: intel_pstate: CPU model not supported
Aug 03 16:23:38 localhost kernel: input: VirtualPS/2 VMware VMMouse as /devices/platform/i8042/serio1/input/input3
Aug 03 16:23:38 localhost kernel: hid: raw HID events driver (C) Jiri Kosina
Aug 03 16:23:38 localhost kernel: usbcore: registered new interface driver usbhid
Aug 03 16:23:38 localhost kernel: usbhid: USB HID core driver
Aug 03 16:23:38 localhost kernel: drop_monitor: Initializing network drop monitor service
Aug 03 16:23:38 localhost kernel: Initializing XFRM netlink socket
Aug 03 16:23:38 localhost kernel: NET: Registered protocol family 10
Aug 03 16:23:38 localhost kernel: Segment Routing with IPv6
Aug 03 16:23:38 localhost kernel: NET: Registered protocol family 17
Aug 03 16:23:38 localhost kernel: mpls_gso: MPLS GSO support
Aug 03 16:23:38 localhost kernel: core: Using 10 MCE banks
Aug 03 16:23:38 localhost kernel: AVX version of gcm_enc/dec engaged.
Aug 03 16:23:38 localhost kernel: AES CTR mode by8 optimization enabled
Aug 03 16:23:38 localhost kernel: sched_clock: Marking stable (7388506723, 0)->(7789412646, -400905923)
Aug 03 16:23:38 localhost kernel: registered taskstats version 1
Aug 03 16:23:38 localhost kernel: Loading compiled-in X.509 certificates
Aug 03 16:23:38 localhost kernel: Loaded X.509 cert 'Red Hat Enterprise Linux kernel signing key: 69a8e9938123f1b6a76551b1f90d9ccaa787f945'
Aug 03 16:23:38 localhost kernel: Loaded X.509 cert 'Red Hat Enterprise Linux Driver Update Program (key 3): bf57f3e87362bc7229d9f465321773dfd1f77a80'
Aug 03 16:23:38 localhost kernel: Loaded X.509 cert 'Red Hat Enterprise Linux kpatch signing key: 4d38fd864ebe18c5f0b72e3852e2014c3a676fc8'
Aug 03 16:23:38 localhost kernel: zswap: loaded using pool lzo/zbud
Aug 03 16:23:38 localhost kernel: page_owner is disabled
Aug 03 16:23:38 localhost kernel: Key type big_key registered
Aug 03 16:23:38 localhost kernel: Key type encrypted registered
Aug 03 16:23:38 localhost kernel: ima: No TPM chip found, activating TPM-bypass!
Aug 03 16:23:38 localhost kernel: ima: Allocated hash algorithm: sha256
Aug 03 16:23:38 localhost kernel: ima: No architecture policies found
Aug 03 16:23:38 localhost kernel: evm: Initialising EVM extended attributes:
Aug 03 16:23:38 localhost kernel: evm: security.selinux
Aug 03 16:23:38 localhost kernel: evm: security.ima
Aug 03 16:23:38 localhost kernel: evm: security.capability
Aug 03 16:23:38 localhost kernel: evm: HMAC attrs: 0x1
Aug 03 16:23:38 localhost kernel: rtc_cmos 00:00: setting system clock to 2021-08-03 16:23:38 UTC (1628007818)
Aug 03 16:23:38 localhost kernel: Freeing unused decrypted memory: 2036K
Aug 03 16:23:38 localhost kernel: Freeing unused kernel memory: 2476K
Aug 03 16:23:38 localhost kernel: Write protecting the kernel read-only data: 22528k
Aug 03 16:23:38 localhost kernel: Freeing unused kernel memory: 2012K
Aug 03 16:23:38 localhost kernel: Freeing unused kernel memory: 480K
Aug 03 16:23:38 localhost systemd[1]: systemd 239 (239-45.el8_4.3) running in system mode. (+PAM +AUDIT +SELINUX +IMA -APPARMOR +SMACK +SYSVINIT +UTMP +LIBCRYPTSETUP +GCRYPT +GNUTLS +ACL +XZ +LZ4 +SECCOMP +BLKID +ELFUTILS +KMOD +IDN2 -IDN +PCRE2 default-hierarchy=legacy)
Aug 03 16:23:38 localhost systemd[1]: Detected virtualization kvm.
Aug 03 16:23:38 localhost systemd[1]: Detected architecture x86-64.
Aug 03 16:23:38 localhost systemd[1]: Running in initial RAM disk.
Aug 03 16:23:38 localhost systemd[1]: No hostname configured.
Aug 03 16:23:38 localhost systemd[1]: Set hostname to <localhost>.
Aug 03 16:23:38 localhost systemd[1]: Initializing machine ID from KVM UUID.
Aug 03 16:23:38 localhost systemd[1]: Reached target Timers.
Aug 03 16:23:38 localhost systemd[1]: Listening on Journal Socket (/dev/log).
Aug 03 16:23:38 localhost systemd[1]: Reached target Swap.
Aug 03 16:23:38 localhost kernel: Loading iSCSI transport class v2.0-870.
Aug 03 16:23:38 localhost systemd-journald[291]: Journal started
Aug 03 16:23:38 localhost systemd-journald[291]: Runtime journal (/run/log/journal/1e40146287484c83bfc4649bdb8c0d3b) is 8.0M, max 196.4M, 188.4M free.
Aug 03 16:23:38 localhost systemd-modules-load[289]: Module 'msr' is builtin
Aug 03 16:23:38 localhost rngd[292]: Initializing available sources
Aug 03 16:23:38 localhost rngd[292]: Initializing entropy source hwrng
Aug 03 16:23:38 localhost rngd[292]: Failed to init entropy source rdrand
Aug 03 16:23:38 localhost systemd[1]: Started Create Static Device Nodes in /dev.
Aug 03 16:23:38 localhost systemd[1]: systemd-vconsole-setup.service: Succeeded.
Aug 03 16:23:38 localhost systemd[1]: Started Setup Virtual Console.
Aug 03 16:23:38 localhost systemd[1]: Starting dracut cmdline hook...
Aug 03 16:23:38 localhost systemd[1]: Started Apply Kernel Variables.
Aug 03 16:23:38 localhost dracut-cmdline[311]: dracut-8.4 (Ootpa) dracut-049-135.git20210121.el8
Aug 03 16:23:38 localhost dracut-cmdline[311]: Using kernel command line parameters: method=http://download-node-02.eng.bos.redhat.com/rhel-8/devel/candidate-trees/RHEL-8/RHEL-8.4.0-updates-20210803.2/compose/BaseOS/x86_64/os/ ks=file:/ks.cfg
Aug 03 16:23:39 localhost kernel: BIOS EDD facility v0.16 2004-Jun-25, 1 devices found
Aug 03 16:23:39 localhost dracut-cmdline[311]: Loading Red Hat Enterprise Linux 8.4 x86_64 installer...
Aug 03 16:23:39 localhost dracut-cmdline[311]: Warning: 'method=' is deprecated. Using 'repo=http://download-node-02.eng.bos.redhat.com/rhel-8/devel/candidate-trees/RHEL-8/RHEL-8.4.0-updates-20210803.2/compose/BaseOS/x86_64/os/' instead.
Aug 03 16:23:39 localhost dracut-cmdline[311]: Warning: 'repo=http://download-node-02.eng.bos.redhat.com/rhel-8/devel/candidate-trees/RHEL-8/RHEL-8.4.0-updates-20210803.2/compose/BaseOS/x86_64/os/'
Aug 03 16:23:39 localhost dracut-cmdline[311]: Warning: repo has been deprecated. All usage of Anaconda boot arguments without 'inst.' prefix have been deprecated and will be removed in a future major release. Please use inst.repo instead.
Aug 03 16:23:39 localhost dracut-cmdline[311]: Warning: 'ks=file:/ks.cfg'
Aug 03 16:23:39 localhost dracut-cmdline[311]: Warning: ks has been deprecated. All usage of Anaconda boot arguments without 'inst.' prefix have been deprecated and will be removed in a future major release. Please use inst.ks instead.
Aug 03 16:23:39 localhost dracut-cmdline[311]: anaconda: parsing kickstart /ks.cfg
Aug 03 16:23:41 localhost dracut-cmdline[311]: parse-kickstart WARNING: No device with link found for --device=link
Aug 03 16:23:42 localhost dracut-cmdline[311]: rd.luks=0: removing cryptoluks activation
Aug 03 16:23:42 localhost dracut-cmdline[311]: rd.lvm=0: removing LVM activation
Aug 03 16:23:42 localhost rngd[292]: Initializing AES buffer
Aug 03 16:23:42 localhost rngd[292]: Enabling JITTER rng support
Aug 03 16:23:42 localhost rngd[292]: Initializing entropy source jitter
Aug 03 16:23:42 localhost kernel: iscsi: registered transport (tcp)
Aug 03 16:23:42 localhost kernel: iscsi: registered transport (qla4xxx)
Aug 03 16:23:42 localhost kernel: QLogic iSCSI HBA Driver
Aug 03 16:23:42 localhost kernel: libcxgbi:libcxgbi_init_module: Chelsio iSCSI driver library libcxgbi v0.9.1-ko (Apr. 2015)
Aug 03 16:23:42 localhost kernel: Chelsio T4-T6 iSCSI Driver cxgb4i v0.9.5-ko (Apr. 2015)
Aug 03 16:23:42 localhost kernel: iscsi: registered transport (cxgb4i)
Aug 03 16:23:42 localhost kernel: cnic: QLogic cnicDriver v2.5.22 (July 20, 2015)
Aug 03 16:23:42 localhost kernel: QLogic NetXtreme II iSCSI Driver bnx2i v2.7.10.1 (Jul 16, 2014)
Aug 03 16:23:42 localhost kernel: iscsi: registered transport (bnx2i)
Aug 03 16:23:42 localhost kernel: iscsi: registered transport (be2iscsi)
Aug 03 16:23:42 localhost kernel: In beiscsi_module_init, tt=000000000867ae7a
Aug 03 16:23:42 localhost systemd[1]: Started dracut cmdline hook.
Aug 03 16:23:42 localhost systemd[1]: Starting dracut pre-udev hook...
Aug 03 16:23:43 localhost kernel: cramfs is deprecated and is slated for removal in a future RHEL release. Please use an alternative file system like squashfs.
Aug 03 16:23:43 localhost kernel: squashfs: version 4.0 (2009/01/31) Phillip Lougher
Aug 03 16:23:43 localhost dracut-pre-udev[569]: modprobe: FATAL: Module floppy not found in directory /lib/modules/4.18.0-305.12.1.el8_4.x86_64
Aug 03 16:23:43 localhost kernel: No iBFT detected.
Aug 03 16:23:43 localhost kernel: raid6: sse2x1   gen()  9358 MB/s
Aug 03 16:23:43 localhost kernel: raid6: sse2x1   xor()  5326 MB/s
Aug 03 16:23:43 localhost kernel: raid6: sse2x2   gen() 10010 MB/s
Aug 03 16:23:43 localhost kernel: raid6: sse2x2   xor()  6353 MB/s
Aug 03 16:23:43 localhost kernel: raid6: sse2x4   gen() 10211 MB/s
Aug 03 16:23:43 localhost kernel: raid6: sse2x4   xor()  6068 MB/s
Aug 03 16:23:43 localhost kernel: raid6: using algorithm sse2x4 gen() 10211 MB/s
Aug 03 16:23:43 localhost kernel: raid6: .... xor() 6068 MB/s, rmw enabled
Aug 03 16:23:43 localhost kernel: raid6: using ssse3x2 recovery algorithm
Aug 03 16:23:43 localhost kernel: async_tx: api initialized (async)
Aug 03 16:23:43 localhost kernel: xor: automatically using best checksumming function   avx       
Aug 03 16:23:44 localhost kernel: device-mapper: uevent: version 1.0.3
Aug 03 16:23:44 localhost kernel: device-mapper: ioctl: 4.43.0-ioctl (2020-10-01) initialised: dm-devel@redhat.com
Aug 03 16:23:44 localhost kernel: device-mapper: multipath round-robin: version 1.2.0 loaded
Aug 03 16:23:44 localhost dracut-pre-udev[569]: modprobe: ERROR: could not insert 'sha256_mb': No such device
Aug 03 16:23:45 localhost kernel: RPC: Registered named UNIX socket transport module.
Aug 03 16:23:45 localhost kernel: RPC: Registered udp transport module.
Aug 03 16:23:45 localhost kernel: RPC: Registered tcp transport module.
Aug 03 16:23:45 localhost kernel: RPC: Registered tcp NFSv4.1 backchannel transport module.
Aug 03 16:23:45 localhost rpc.statd[782]: Version 2.3.3 starting
Aug 03 16:23:45 localhost rpc.statd[782]: Initializing NSM state
Aug 03 16:23:45 localhost rpc.statd[782]: Running as root.  chown /var/lib/nfs/statd to choose different user
Aug 03 16:23:45 localhost rpc.idmapd[787]: Setting log level to 0
Aug 03 16:23:45 localhost systemd[1]: Started dracut pre-udev hook.
Aug 03 16:23:45 localhost systemd[1]: Starting udev Kernel Device Manager...
Aug 03 16:23:45 localhost systemd[1]: Started udev Kernel Device Manager.
Aug 03 16:23:45 localhost systemd[1]: Starting dracut pre-trigger hook...
Aug 03 16:23:45 localhost lldpad[822]: config file failed to load,
Aug 03 16:23:45 localhost lldpad[822]: create a new file.
Aug 03 16:23:45 localhost lldpad[822]: bound ctrl iface to /com/intel/lldpad
Aug 03 16:23:45 localhost dracut-pre-trigger[804]: 823
Aug 03 16:23:45 localhost dracut-pre-trigger[804]: rd.md=0: removing MD RAID activation
Aug 03 16:23:46 localhost systemd[1]: Started dracut pre-trigger hook.
Aug 03 16:23:46 localhost systemd[1]: Starting udev Coldplug all Devices...
Aug 03 16:23:46 localhost systemd[1]: Mounting Kernel Configuration File System...
Aug 03 16:23:46 localhost systemd[1]: Mounted Kernel Configuration File System.
Aug 03 16:23:46 localhost systemd[1]: Started udev Coldplug all Devices.
Aug 03 16:23:46 localhost systemd[1]: Starting udev Wait for Complete Device Initialization...
Aug 03 16:23:46 localhost systemd[1]: Starting Show Plymouth Boot Screen...
Aug 03 16:23:46 localhost kernel: virtio_blk virtio2: [vda] 20971520 512-byte logical blocks (10.7 GB/10.0 GiB)
Aug 03 16:23:46 localhost kernel: vda: detected capacity change from 0 to 10737418240
Aug 03 16:23:46 localhost systemd[1]: Received SIGRTMIN+20 from PID 907 (plymouthd).
Aug 03 16:23:46 localhost systemd-udevd[901]: link_config: autonegotiation is unset or enabled, the speed and duplex are not writable.
Aug 03 16:23:46 localhost systemd[1]: Started Show Plymouth Boot Screen.
Aug 03 16:23:46 localhost systemd[1]: Reached target Local Encrypted Volumes.
Aug 03 16:23:46 localhost systemd[1]: Reached target Paths.
Aug 03 16:23:46 localhost systemd[1]: Started Forward Password Requests to Plymouth Directory Watch.
Aug 03 16:23:46 localhost kernel: libata version 3.00 loaded.
Aug 03 16:23:46 localhost kernel: ata_piix 0000:00:01.1: version 2.13
Aug 03 16:23:46 localhost systemd-udevd[902]: Using default interface naming scheme 'rhel-8.0'.
Aug 03 16:23:46 localhost systemd-udevd[902]: link_config: autonegotiation is unset or enabled, the speed and duplex are not writable.
Aug 03 16:23:46 localhost kernel: virtio_net virtio0 ens3: renamed from eth0
Aug 03 16:23:46 localhost kernel: scsi host0: ata_piix
Aug 03 16:23:46 localhost kernel: 8021q: 802.1Q VLAN Support v1.8
Aug 03 16:23:46 localhost kernel: scsi host1: ata_piix
Aug 03 16:23:46 localhost kernel: ata1: PATA max MWDMA2 cmd 0x1f0 ctl 0x3f6 bmdma 0xc0e0 irq 14
Aug 03 16:23:46 localhost kernel: ata2: PATA max MWDMA2 cmd 0x170 ctl 0x376 bmdma 0xc0e8 irq 15
Aug 03 16:23:46 localhost systemd-udevd[901]: Using default interface naming scheme 'rhel-8.0'.
Aug 03 16:23:46 localhost kernel: cirrus 0000:00:02.0: vgaarb: deactivate vga console
Aug 03 16:23:46 localhost kernel: Console: switching to colour dummy device 80x25
Aug 03 16:23:46 localhost kernel: [drm] Initialized cirrus 2.0.0 2019 for 0000:00:02.0 on minor 0
Aug 03 16:23:46 localhost kernel: fbcon: cirrusdrmfb (fb0) is primary device
Aug 03 16:23:46 localhost kernel: Console: switching to colour frame buffer device 128x48
Aug 03 16:23:46 localhost kernel: cirrus 0000:00:02.0: [drm] fb0: cirrusdrmfb frame buffer device
Aug 03 16:23:46 localhost systemd[1]: Started udev Wait for Complete Device Initialization.
Aug 03 16:23:46 localhost systemd[1]: Starting Device-Mapper Multipath Device Controller...
Aug 03 16:23:46 localhost systemd[1]: Started Device-Mapper Multipath Device Controller.
Aug 03 16:23:46 localhost systemd[1]: Reached target Local File Systems (Pre).
Aug 03 16:23:46 localhost systemd[1]: Reached target Local File Systems.
Aug 03 16:23:46 localhost systemd[1]: Starting Create Volatile Files and Directories...
Aug 03 16:23:46 localhost systemd[1]: Starting Open-iSCSI...
Aug 03 16:23:46 localhost multipathd[940]: --------start up--------
Aug 03 16:23:46 localhost multipathd[940]: read /etc/multipath.conf
Aug 03 16:23:46 localhost iscsid[942]: iscsid: can't open InitiatorName configuration file /etc/iscsi/initiatorname.iscsi
Aug 03 16:23:46 localhost iscsid[942]: iscsid: Warning: InitiatorName file /etc/iscsi/initiatorname.iscsi does not exist or does not contain a properly formatted InitiatorName. If using software iscsi (iscsi_tcp or ib_iser) or partial offload (bnx2i or cxgbi iscsi), you may not be able to log into or discover targets. Please create a file /etc/iscsi/initiatorname.iscsi that contains a sting with the format: InitiatorName=iqn.yyyy-mm.<reversed domain name>[:identifier].
Aug 03 16:23:46 localhost iscsid[942]: Example: InitiatorName=iqn.2001-04.com.redhat:fc6.
Aug 03 16:23:46 localhost iscsid[942]: If using hardware iscsi like qla4xxx this message can be ignored.
Aug 03 16:23:46 localhost iscsid[942]: iscsid: can't open InitiatorAlias configuration file /etc/iscsi/initiatorname.iscsi
Aug 03 16:23:46 localhost multipathd[940]: path checkers start up
Aug 03 16:23:46 localhost systemd[1]: Started Open-iSCSI.
Aug 03 16:23:46 localhost systemd[1]: Starting dracut initqueue hook...
Aug 03 16:23:46 localhost systemd[1]: Started Create Volatile Files and Directories.
Aug 03 16:23:46 localhost systemd[1]: Reached target System Initialization.
Aug 03 16:23:46 localhost systemd[1]: Reached target Basic System.
Aug 03 16:23:46 localhost systemd[1]: Reloading.
Aug 03 16:23:47 localhost NetworkManager[1028]: <info>  [1628007827.0542] NetworkManager (version 1.30.0-10.el8_4) is starting... (for the first time)
Aug 03 16:23:47 localhost NetworkManager[1028]: <info>  [1628007827.0548] Read config: /etc/NetworkManager/NetworkManager.conf
Aug 03 16:23:47 localhost NetworkManager[1028]: <info>  [1628007827.0573] auth[0x55ae75800aa0]: create auth-manager: D-Bus connection not available. Polkit is disabled and only root will be authorized.
Aug 03 16:23:47 localhost NetworkManager[1028]: <info>  [1628007827.0587] manager[0x55ae75834020]: monitoring kernel firmware directory '/lib/firmware'.
Aug 03 16:23:47 localhost NetworkManager[1028]: <info>  [1628007827.0594] hostname: hostname: hostnamed not used as proxy creation failed with: Could not connect: No such file or directory
Aug 03 16:23:47 localhost NetworkManager[1028]: <info>  [1628007827.0597] dns-mgr[0x55ae758281d0]: init: dns=default,systemd-resolved rc-manager=symlink
Aug 03 16:23:47 localhost NetworkManager[1028]: <info>  [1628007827.0619] Loaded device plugin: NMTeamFactory (/usr/lib64/NetworkManager/1.30.0-10.el8_4/libnm-device-plugin-team.so)
Aug 03 16:23:47 localhost NetworkManager[1028]: <info>  [1628007827.0621] manager: rfkill: Wi-Fi enabled by radio killswitch; enabled by state file
Aug 03 16:23:47 localhost NetworkManager[1028]: <info>  [1628007827.0622] manager: rfkill: WWAN enabled by radio killswitch; enabled by state file
Aug 03 16:23:47 localhost NetworkManager[1028]: <info>  [1628007827.0623] manager: Networking is enabled by state file
Aug 03 16:23:47 localhost NetworkManager[1028]: <info>  [1628007827.0624] dhcp-init: Using DHCP client 'internal'
Aug 03 16:23:47 localhost NetworkManager[1028]: <warn>  [1628007827.0631] ifcfg-rh: dbus: don't use D-Bus for com.redhat.ifcfgrh1 service
Aug 03 16:23:47 localhost NetworkManager[1028]: <info>  [1628007827.0632] settings: Loaded settings plugin: ifcfg-rh ("/usr/lib64/NetworkManager/1.30.0-10.el8_4/libnm-settings-plugin-ifcfg-rh.so")
Aug 03 16:23:47 localhost NetworkManager[1028]: <info>  [1628007827.0634] settings: Loaded settings plugin: keyfile (internal)
Aug 03 16:23:47 localhost NetworkManager[1028]: <info>  [1628007827.0656] device (lo): carrier: link connected
Aug 03 16:23:47 localhost NetworkManager[1028]: <info>  [1628007827.0658] manager: (lo): new Generic device (/org/freedesktop/NetworkManager/Devices/1)
Aug 03 16:23:47 localhost NetworkManager[1028]: <info>  [1628007827.0664] manager: (ens3): new Ethernet device (/org/freedesktop/NetworkManager/Devices/2)
Aug 03 16:23:47 localhost NetworkManager[1028]: <info>  [1628007827.0668] device (ens3): state change: unmanaged -> unavailable (reason 'managed', sys-iface-state: 'external')
Aug 03 16:23:47 localhost kernel: IPv6: ADDRCONF(NETDEV_UP): ens3: link is not ready
Aug 03 16:23:47 localhost NetworkManager[1028]: <info>  [1628007827.0705] device (ens3): carrier: link connected
Aug 03 16:23:47 localhost kernel: IPv6: ADDRCONF(NETDEV_UP): ens3: link is not ready
Aug 03 16:23:47 localhost kernel: 8021q: adding VLAN 0 to HW filter on device ens3
Aug 03 16:23:47 localhost NetworkManager[1028]: <warn>  [1628007827.0728] sleep-monitor-sd: failed to acquire D-Bus proxy: Could not connect: No such file or directory
Aug 03 16:23:47 localhost NetworkManager[1028]: <info>  [1628007827.0731] device (ens3): state change: unavailable -> disconnected (reason 'none', sys-iface-state: 'managed')
Aug 03 16:23:47 localhost NetworkManager[1028]: <info>  [1628007827.0737] policy: auto-activating connection 'Wired Connection' (08009ad8-e79a-460f-a5e9-c9c6926bb516)
Aug 03 16:23:47 localhost kernel: IPv6: ADDRCONF(NETDEV_UP): ens3: link is not ready
Aug 03 16:23:47 localhost NetworkManager[1028]: <info>  [1628007827.0742] device (ens3): Activation: starting connection 'Wired Connection' (08009ad8-e79a-460f-a5e9-c9c6926bb516)
Aug 03 16:23:47 localhost NetworkManager[1028]: <info>  [1628007827.0744] device (ens3): state change: disconnected -> prepare (reason 'none', sys-iface-state: 'managed')
Aug 03 16:23:47 localhost NetworkManager[1028]: <info>  [1628007827.0745] manager: NetworkManager state is now CONNECTING
Aug 03 16:23:47 localhost NetworkManager[1028]: <info>  [1628007827.0746] device (ens3): state change: prepare -> config (reason 'none', sys-iface-state: 'managed')
Aug 03 16:23:47 localhost NetworkManager[1028]: <info>  [1628007827.0750] device (ens3): state change: config -> ip-config (reason 'none', sys-iface-state: 'managed')
Aug 03 16:23:47 localhost NetworkManager[1028]: <info>  [1628007827.0753] dhcp4 (ens3): activation: beginning transaction (timeout in 90 seconds)
Aug 03 16:23:47 localhost kernel: IPv6: ADDRCONF(NETDEV_UP): ens3: link is not ready
Aug 03 16:23:47 localhost kernel: IPv6: ADDRCONF(NETDEV_CHANGE): ens3: link becomes ready
Aug 03 16:23:49 localhost NetworkManager[1028]: <info>  [1628007829.5824] dhcp4 (ens3): state changed unknown -> bound, address=192.168.122.19
Aug 03 16:23:49 localhost NetworkManager[1028]: <info>  [1628007829.5838] device (ens3): state change: ip-config -> ip-check (reason 'none', sys-iface-state: 'managed')
Aug 03 16:23:49 localhost NetworkManager[1028]: <info>  [1628007829.5841] device (ens3): state change: ip-check -> secondaries (reason 'none', sys-iface-state: 'managed')
Aug 03 16:23:49 localhost NetworkManager[1028]: <info>  [1628007829.5842] device (ens3): state change: secondaries -> activated (reason 'none', sys-iface-state: 'managed')
Aug 03 16:23:49 localhost NetworkManager[1028]: <info>  [1628007829.5845] manager: NetworkManager state is now CONNECTED_LOCAL
Aug 03 16:23:49 localhost NetworkManager[1028]: <info>  [1628007829.5851] manager: NetworkManager state is now CONNECTED_SITE
Aug 03 16:23:49 localhost NetworkManager[1028]: <info>  [1628007829.5852] policy: set 'Wired Connection' (ens3) as default for IPv4 routing and DNS
Aug 03 16:23:49 localhost NetworkManager[1028]: <info>  [1628007829.5861] device (ens3): Activation: successful, device activated.
Aug 03 16:23:49 localhost NetworkManager[1028]: <info>  [1628007829.5863] manager: NetworkManager state is now CONNECTED_GLOBAL
Aug 03 16:23:49 localhost NetworkManager[1028]: <info>  [1628007829.5868] manager: startup complete
Aug 03 16:23:49 localhost NetworkManager[1028]: <info>  [1628007829.5869] quitting now that startup is complete
Aug 03 16:23:49 localhost NetworkManager[1028]: <info>  [1628007829.5912] dhcp4 (ens3): canceled DHCP transaction
Aug 03 16:23:49 localhost NetworkManager[1028]: <info>  [1628007829.5913] dhcp4 (ens3): state changed bound -> done
Aug 03 16:23:49 localhost NetworkManager[1028]: <info>  [1628007829.5914] device (ens3): DHCPv4: trying to acquire a new lease within 180 seconds
Aug 03 16:23:49 localhost NetworkManager[1028]: <info>  [1628007829.5915] manager: NetworkManager state is now CONNECTED_SITE
Aug 03 16:23:49 localhost NetworkManager[1028]: <info>  [1628007829.5917] exiting (success)
Aug 03 16:23:49 localhost dracut-initqueue[949]: anaconda: stage2 locations are: http://download-node-02.eng.bos.redhat.com/rhel-8/devel/candidate-trees/RHEL-8/RHEL-8.4.0-updates-20210803.2/compose/BaseOS/x86_64/os/
Aug 03 16:23:49 localhost dracut-initqueue[949]: anaconda: fetching stage2 from http://download-node-02.eng.bos.redhat.com/rhel-8/devel/candidate-trees/RHEL-8/RHEL-8.4.0-updates-20210803.2/compose/BaseOS/x86_64/os/
Aug 03 16:23:49 localhost dracut-initqueue[949]:   % Total    % Received % Xferd  Average Speed   Time    Time     Time  Current
Aug 03 16:23:49 localhost dracut-initqueue[949]:                                  Dload  Upload   Total   Spent    Left  Speed
Aug 03 16:23:55 localhost dracut-initqueue[949]: [632B blob data]
Aug 03 16:23:55 localhost dracut-initqueue[949]: anaconda: successfully fetched stage2 from http://download-node-02.eng.bos.redhat.com/rhel-8/devel/candidate-trees/RHEL-8/RHEL-8.4.0-updates-20210803.2/compose/BaseOS/x86_64/os/
Aug 03 16:23:55 localhost kernel: loop: module loaded
Aug 03 16:23:55 localhost systemd[1]: run-initramfs-squashfs.mount: Succeeded.
Aug 03 16:23:55 localhost systemd[1]: Started dracut initqueue hook.
Aug 03 16:23:55 localhost systemd[1]: Starting dracut pre-mount hook...
Aug 03 16:23:55 localhost systemd[1]: Reached target Remote File Systems (Pre).
Aug 03 16:23:55 localhost systemd[1]: Reached target Remote File Systems.
Aug 03 16:23:55 localhost systemd[1]: Started dracut pre-mount hook.
Aug 03 16:23:55 localhost systemd[1]: Reached target Initrd Root File System.
Aug 03 16:23:55 localhost systemd[1]: Starting Reload Configuration from the Real Root...
Aug 03 16:23:55 localhost systemd[1]: Reloading.
Aug 03 16:23:55 localhost systemd[1]: initrd-parse-etc.service: Succeeded.
Aug 03 16:23:55 localhost systemd[1]: Started Reload Configuration from the Real Root.
Aug 03 16:23:55 localhost systemd[1]: Starting dracut mount hook...
Aug 03 16:23:55 localhost systemd[1]: Reached target Initrd File Systems.
Aug 03 16:23:55 localhost systemd[1]: Reached target Initrd Default Target.
Aug 03 16:23:55 localhost kernel: EXT4-fs (dm-0): mounted filesystem with ordered data mode. Opts: (null)
Aug 03 16:23:55 localhost systemd[1]: Started dracut mount hook.
Aug 03 16:23:55 localhost systemd[1]: Starting dracut pre-pivot and cleanup hook...
Aug 03 16:23:57 localhost systemd[1]: var-lib-nfs-rpc_pipefs.mount: Succeeded.
Aug 03 16:23:57 localhost systemd[1]: Started dracut pre-pivot and cleanup hook.
Aug 03 16:23:57 localhost systemd[1]: Starting Cleaning Up and Shutting Down Daemons...
Aug 03 16:23:57 localhost systemd[1]: Stopped target Timers.
Aug 03 16:23:57 localhost systemd[1]: Starting Setup Virtual Console...
Aug 03 16:23:57 localhost systemd[1]: Starting Plymouth switch root service...
Aug 03 16:23:57 localhost systemd[1]: dracut-pre-pivot.service: Succeeded.
Aug 03 16:23:57 localhost systemd[1]: Stopped dracut pre-pivot and cleanup hook.
Aug 03 16:23:57 localhost systemd[1]: Stopped target Remote File Systems.
Aug 03 16:23:57 localhost systemd[1]: dracut-mount.service: Succeeded.
Aug 03 16:23:57 localhost systemd[1]: Stopped dracut mount hook.
Aug 03 16:23:57 localhost systemd[1]: dracut-pre-mount.service: Succeeded.
Aug 03 16:23:57 localhost systemd[1]: Stopped dracut pre-mount hook.
Aug 03 16:23:57 localhost systemd[1]: Stopped target Initrd Default Target.
Aug 03 16:23:57 localhost systemd[1]: Stopped target Initrd Root Device.
Aug 03 16:23:57 localhost systemd[1]: Stopped target Remote File Systems (Pre).
Aug 03 16:23:57 localhost systemd[1]: dracut-initqueue.service: Succeeded.
Aug 03 16:23:57 localhost systemd[1]: Stopped dracut initqueue hook.
Aug 03 16:23:57 localhost systemd[1]: Stopping Open-iSCSI...
Aug 03 16:23:57 localhost iscsid[942]: iscsid: iscsid shutting down.
Aug 03 16:23:57 localhost systemd[1]: Stopped target Basic System.
Aug 03 16:23:57 localhost systemd[1]: Stopped target Slices.
Aug 03 16:23:57 localhost systemd[1]: Stopped target Paths.
Aug 03 16:23:57 localhost systemd[1]: Stopped target Sockets.
Aug 03 16:23:57 localhost systemd[1]: Stopped target System Initialization.
Aug 03 16:23:57 localhost systemd[1]: Stopped target Swap.
Aug 03 16:23:57 localhost systemd[1]: systemd-sysctl.service: Succeeded.
Aug 03 16:23:57 localhost systemd[1]: Stopped Apply Kernel Variables.
Aug 03 16:23:57 localhost systemd[1]: systemd-modules-load.service: Succeeded.
Aug 03 16:23:57 localhost systemd[1]: Stopped Load Kernel Modules.
Aug 03 16:23:57 localhost systemd[1]: Stopped target Local Encrypted Volumes.
Aug 03 16:23:57 localhost systemd[1]: systemd-tmpfiles-setup.service: Succeeded.
Aug 03 16:23:57 localhost systemd[1]: Stopped Create Volatile Files and Directories.
Aug 03 16:23:57 localhost systemd[1]: Stopped target Local File Systems.
Aug 03 16:23:57 localhost systemd[1]: Stopped target Local File Systems (Pre).
Aug 03 16:23:57 localhost systemd[1]: iscsid.service: Succeeded.
Aug 03 16:23:57 localhost systemd[1]: Stopped Open-iSCSI.
Aug 03 16:23:57 localhost systemd[1]: initrd-cleanup.service: Succeeded.
Aug 03 16:23:57 localhost systemd[1]: Started Cleaning Up and Shutting Down Daemons.
Aug 03 16:23:57 localhost systemd[1]: systemd-vconsole-setup.service: Succeeded.
Aug 03 16:23:57 localhost systemd[1]: Started Setup Virtual Console.
Aug 03 16:23:57 localhost systemd[1]: Stopping iSCSI UserSpace I/O driver...
Aug 03 16:23:57 localhost systemd[1]: Stopping Device-Mapper Multipath Device Controller...
Aug 03 16:23:57 localhost systemd[1]: iscsid.socket: Succeeded.
Aug 03 16:23:57 localhost systemd[1]: Closed Open-iSCSI iscsid Socket.
Aug 03 16:23:57 localhost systemd[1]: iscsiuio.service: Succeeded.
Aug 03 16:23:57 localhost systemd[1]: Stopped iSCSI UserSpace I/O driver.
Aug 03 16:23:57 localhost systemd[1]: Started Plymouth switch root service.
Aug 03 16:23:57 localhost systemd[1]: iscsiuio.socket: Succeeded.
Aug 03 16:23:57 localhost systemd[1]: Closed Open-iSCSI iscsiuio Socket.
Aug 03 16:23:57 localhost multipathd[1408]: ok
Aug 03 16:23:57 localhost multipathd[940]: --------shut down-------
Aug 03 16:23:57 localhost systemd[1]: multipathd.service: Succeeded.
Aug 03 16:23:57 localhost systemd[1]: Stopped Device-Mapper Multipath Device Controller.
Aug 03 16:23:57 localhost systemd[1]: systemd-udev-settle.service: Succeeded.
Aug 03 16:23:57 localhost systemd[1]: Stopped udev Wait for Complete Device Initialization.
Aug 03 16:23:57 localhost systemd[1]: systemd-udev-trigger.service: Succeeded.
Aug 03 16:23:57 localhost systemd[1]: Stopped udev Coldplug all Devices.
Aug 03 16:23:57 localhost systemd[1]: dracut-pre-trigger.service: Succeeded.
Aug 03 16:23:57 localhost systemd[1]: Stopped dracut pre-trigger hook.
Aug 03 16:23:57 localhost systemd[1]: Stopping udev Kernel Device Manager...
Aug 03 16:23:57 localhost systemd[1]: systemd-udevd.service: Succeeded.
Aug 03 16:23:57 localhost systemd[1]: Stopped udev Kernel Device Manager.
Aug 03 16:23:57 localhost systemd[1]: Stopping Hardware RNG Entropy Gatherer Daemon...
Aug 03 16:23:57 localhost systemd[1]: systemd-tmpfiles-setup-dev.service: Succeeded.
Aug 03 16:23:57 localhost systemd[1]: Stopped Create Static Device Nodes in /dev.
Aug 03 16:23:57 localhost systemd[1]: kmod-static-nodes.service: Succeeded.
Aug 03 16:23:57 localhost systemd[1]: Stopped Create list of required static device nodes for the current kernel.
Aug 03 16:23:57 localhost systemd[1]: dracut-pre-udev.service: Succeeded.
Aug 03 16:23:57 localhost systemd[1]: Stopped dracut pre-udev hook.
Aug 03 16:23:57 localhost systemd[1]: dracut-cmdline.service: Succeeded.
Aug 03 16:23:57 localhost systemd[1]: Stopped dracut cmdline hook.
Aug 03 16:23:57 localhost systemd[1]: systemd-udevd-kernel.socket: Succeeded.
Aug 03 16:23:57 localhost systemd[1]: Closed udev Kernel Socket.
Aug 03 16:23:57 localhost systemd[1]: systemd-udevd-control.socket: Succeeded.
Aug 03 16:23:57 localhost systemd[1]: Closed udev Control Socket.
Aug 03 16:23:57 localhost systemd[1]: Starting Cleanup udevd DB...
Aug 03 16:23:57 localhost systemd[1]: rngd.service: Succeeded.
Aug 03 16:23:57 localhost systemd[1]: Stopped Hardware RNG Entropy Gatherer Daemon.
Aug 03 16:23:58 localhost systemd[1]: initrd-udevadm-cleanup-db.service: Succeeded.
Aug 03 16:23:58 localhost systemd[1]: Started Cleanup udevd DB.
Aug 03 16:23:58 localhost systemd[1]: Reached target Switch Root.
Aug 03 16:23:58 localhost systemd[1]: Starting Switch Root...
Aug 03 16:23:58 localhost systemd[1]: Switching root.
Aug 03 16:23:58 localhost systemd-journald[291]: Journal stopped
Aug 03 16:24:00 localhost kernel: printk: systemd: 20 output lines suppressed due to ratelimiting
Aug 03 16:24:00 localhost kernel: SELinux:  policy capability network_peer_controls=1
Aug 03 16:24:00 localhost kernel: SELinux:  policy capability open_perms=1
Aug 03 16:24:00 localhost kernel: SELinux:  policy capability extended_socket_class=1
Aug 03 16:24:00 localhost kernel: SELinux:  policy capability always_check_network=0
Aug 03 16:24:00 localhost kernel: SELinux:  policy capability cgroup_seclabel=1
Aug 03 16:24:00 localhost kernel: SELinux:  policy capability nnp_nosuid_transition=1
Aug 03 16:24:00 localhost kernel: audit: type=1403 audit(1628007839.308:2): auid=4294967295 ses=4294967295 lsm=selinux res=1
Aug 03 16:24:00 localhost systemd[1]: Successfully loaded SELinux policy in 391.508ms.
Aug 03 16:24:00 localhost systemd[1]: Relabelled /dev, /run and /sys/fs/cgroup in 41.321ms.
Aug 03 16:24:00 localhost systemd[1]: systemd 239 (239-45.el8_4.3) running in system mode. (+PAM +AUDIT +SELINUX +IMA -APPARMOR +SMACK +SYSVINIT +UTMP +LIBCRYPTSETUP +GCRYPT +GNUTLS +ACL +XZ +LZ4 +SECCOMP +BLKID +ELFUTILS +KMOD +IDN2 -IDN +PCRE2 default-hierarchy=legacy)
Aug 03 16:24:00 localhost systemd[1]: Detected virtualization kvm.
Aug 03 16:24:00 localhost systemd[1]: Detected architecture x86-64.
Aug 03 16:24:00 localhost systemd[1]: systemd-journald.service: Succeeded.
Aug 03 16:24:00 localhost systemd[1]: initrd-switch-root.service: Succeeded.
Aug 03 16:24:00 localhost systemd[1]: Stopped Switch Root.
Aug 03 16:24:00 localhost systemd[1]: systemd-journald.service: Service has no hold-off time (RestartSec=0), scheduling restart.
Aug 03 16:24:00 localhost systemd[1]: systemd-journald.service: Scheduled restart job, restart counter is at 1.
Aug 03 16:24:00 localhost systemd[1]: Stopped Journal Service.
Aug 03 16:24:00 localhost systemd[1]: Starting Journal Service...
Aug 03 16:24:00 localhost systemd-journald[1443]: Journal started
Aug 03 16:24:00 localhost systemd-journald[1443]: Runtime journal (/run/log/journal/8e9d2926311c4213802b648c218a33c3) is 8.0M, max 196.4M, 188.4M free.
Aug 03 16:24:00 localhost systemd[1]: Mounted Huge Pages File System.
Aug 03 16:24:00 localhost systemd[1]: Mounted POSIX Message Queue File System.
Aug 03 16:24:00 localhost systemd[1]: Mounted Temporary Directory (/tmp).
Aug 03 16:24:00 localhost systemd[1]: Started Create list of required static device nodes for the current kernel.
Aug 03 16:24:00 localhost systemd[1]: Started Remount Root and Kernel File Systems.
Aug 03 16:24:00 localhost systemd[1]: Starting Rebuild Hardware Database...
Aug 03 16:24:00 localhost systemd-modules-load[1454]: Module 'msr' is builtin
Aug 03 16:24:00 localhost systemd[1]: Starting Flush Journal to Persistent Storage...
Aug 03 16:24:00 localhost systemd[1]: Starting Load/Save Random Seed...
Aug 03 16:24:00 localhost systemd[1]: Starting Create System Users...
Aug 03 16:24:00 localhost systemd[1]: Started Load Kernel Modules.
Aug 03 16:24:00 localhost systemd[1]: Mounted Kernel Debug File System.
Aug 03 16:24:00 localhost systemd[1]: Starting Apply Kernel Variables...
Aug 03 16:24:00 localhost systemd-journald[1443]: Runtime journal (/run/log/journal/8e9d2926311c4213802b648c218a33c3) is 8.0M, max 196.4M, 188.4M free.
Aug 03 16:24:00 localhost systemd[1]: Started Flush Journal to Persistent Storage.
Aug 03 16:24:00 localhost systemd[1]: Started Load/Save Random Seed.
Aug 03 16:24:00 localhost systemd[1]: Started Apply Kernel Variables.
Aug 03 16:24:00 localhost systemd[1]: Started Create System Users.
Aug 03 16:24:00 localhost systemd[1]: Starting Create Static Device Nodes in /dev...
Aug 03 16:24:00 localhost systemd[1]: Started Create Static Device Nodes in /dev.
Aug 03 16:24:00 localhost systemd[1]: systemd-vconsole-setup.service: Succeeded.
Aug 03 16:24:00 localhost systemd[1]: Started Setup Virtual Console.
Aug 03 16:24:00 localhost systemd[1]: Started udev Coldplug all Devices.
Aug 03 16:24:00 localhost systemd[1]: Starting udev Wait for Complete Device Initialization...
Aug 03 16:24:01 localhost systemd[1]: Started Rebuild Hardware Database.
Aug 03 16:24:01 localhost systemd[1]: Starting udev Kernel Device Manager...
Aug 03 16:24:01 localhost systemd[1]: Started udev Kernel Device Manager.
Aug 03 16:24:01 localhost kernel: piix4_smbus 0000:00:01.3: SMBus Host Controller at 0x700, revision 0
Aug 03 16:24:01 localhost kernel: input: PC Speaker as /devices/platform/pcspkr/input/input5
Aug 03 16:24:01 localhost systemd-udevd[1484]: Using default interface naming scheme 'rhel-8.0'.
Aug 03 16:24:01 localhost systemd-udevd[1484]: link_config: autonegotiation is unset or enabled, the speed and duplex are not writable.
Aug 03 16:24:01 localhost systemd-udevd[1493]: link_config: autonegotiation is unset or enabled, the speed and duplex are not writable.
Aug 03 16:24:01 localhost systemd[1]: Started udev Wait for Complete Device Initialization.
Aug 03 16:24:01 localhost systemd[1]: Starting Device-Mapper Multipath Device Controller...
Aug 03 16:24:01 localhost multipathd[1519]: --------start up--------
Aug 03 16:24:01 localhost multipathd[1519]: read /etc/multipath.conf
Aug 03 16:24:01 localhost multipathd[1519]: path checkers start up
Aug 03 16:24:01 localhost systemd[1]: Started Device-Mapper Multipath Device Controller.
Aug 03 16:24:01 localhost systemd[1]: Reached target Local File Systems (Pre).
Aug 03 16:24:01 localhost systemd[1]: Reached target Local File Systems.
Aug 03 16:24:01 localhost systemd[1]: Starting Rebuild Journal Catalog...
Aug 03 16:24:01 localhost systemd[1]: Starting Rebuild Dynamic Linker Cache...
Aug 03 16:24:01 localhost systemd[1]: Starting Restore /run/initramfs on shutdown...
Aug 03 16:24:01 localhost systemd[1]: Starting Tell Plymouth To Write Out Runtime Data...
Aug 03 16:24:01 localhost systemd[1]: Starting Import network configuration from initramfs...
Aug 03 16:24:01 localhost systemd[1]: Started Restore /run/initramfs on shutdown.
Aug 03 16:24:01 localhost systemd[1]: Started Rebuild Journal Catalog.
Aug 03 16:24:02 localhost systemd[1]: Received SIGRTMIN+20 from PID 907 (plymouthd).
Aug 03 16:24:02 localhost systemd[1]: Started Tell Plymouth To Write Out Runtime Data.
Aug 03 16:24:02 localhost systemd[1]: Started Import network configuration from initramfs.
Aug 03 16:24:02 localhost systemd[1]: Starting Create Volatile Files and Directories...
Aug 03 16:24:02 localhost systemd[1]: Started Create Volatile Files and Directories.
Aug 03 16:24:02 localhost systemd[1]: Starting Update UTMP about System Boot/Shutdown...
Aug 03 16:24:02 localhost systemd[1]: Started Update UTMP about System Boot/Shutdown.
Aug 03 16:24:04 localhost systemd[1]: Started Rebuild Dynamic Linker Cache.
Aug 03 16:24:04 localhost systemd[1]: Starting Update is Completed...
Aug 03 16:24:04 localhost systemd[1]: Started Update is Completed.
Aug 03 16:24:04 localhost systemd[1]: Reached target System Initialization.
Aug 03 16:24:04 localhost systemd[1]: Listening on Open-iSCSI iscsiuio Socket.
Aug 03 16:24:04 localhost systemd[1]: Listening on Open-iSCSI iscsid Socket.
Aug 03 16:24:04 localhost systemd[1]: Listening on D-Bus System Message Bus Socket.
Aug 03 16:24:04 localhost systemd[1]: Reached target Sockets.
Aug 03 16:24:04 localhost systemd[1]: Reached target Basic System.
Aug 03 16:24:04 localhost systemd[1]: Starting OpenSSH ecdsa Server Key Generation...
Aug 03 16:24:04 localhost systemd[1]: Starting OpenSSH ed25519 Server Key Generation...
Aug 03 16:24:04 localhost systemd[1]: Starting OpenSSH rsa Server Key Generation...
Aug 03 16:24:04 localhost systemd[1]: Starting pre-anaconda logging service...
Aug 03 16:24:04 localhost systemd[1]: Starting Anaconda NetworkManager configuration...
Aug 03 16:24:04 localhost systemd[1]: Starting Login Service...
Aug 03 16:24:04 localhost systemd[1]: Starting Hardware RNG Entropy Gatherer Wake threshold service...
Aug 03 16:24:04 localhost systemd[1]: Starting Service enabling compressing RAM with zRam...
Aug 03 16:24:04 localhost systemd[1]: Started Daily Cleanup of Temporary Directories.
Aug 03 16:24:04 localhost systemd[1]: Reached target Timers.
Aug 03 16:24:04 localhost systemd[1]: Starting Terminate Plymouth Boot Screen...
Aug 03 16:24:04 localhost systemd[1]: Starting Hold until boot process finishes up...
Aug 03 16:24:04 localhost zramswapon[1567]: + MAX_RAM_ON=2097152
Aug 03 16:24:04 localhost systemd[1]: anaconda-nm-config.service: Succeeded.
Aug 03 16:24:04 localhost zramswapon[1567]: ++ grep -E --only-matching '[[:digit:]]+'
Aug 03 16:24:04 localhost zramswapon[1567]: ++ grep MemTotal /proc/meminfo
Aug 03 16:24:04 localhost zramswapon[1567]: + mem_total_kb=4023476
Aug 03 16:24:04 localhost zramswapon[1567]: + grep -E 'inst\.zram=(on|1)' /proc/cmdline
Aug 03 16:24:04 localhost systemd[1]: Started Anaconda NetworkManager configuration.
Aug 03 16:24:04 localhost systemd[1]: Started Hardware RNG Entropy Gatherer Wake threshold service.
Aug 03 16:24:04 localhost systemd[1]: Started Terminate Plymouth Boot Screen.
Aug 03 16:24:04 localhost zramswapon[1567]: + force=1
Aug 03 16:24:04 localhost zramswapon[1567]: + '[' '(' 4023476 -gt 2097152 ')' -a '(' 1 '!=' 0 ')' ']'
Aug 03 16:24:04 localhost zramswapon[1567]: + exit 0
Aug 03 16:24:04 localhost systemd[1]: anaconda-pre.service: Succeeded.
Aug 03 16:24:04 localhost systemd[1]: Started pre-anaconda logging service.
Aug 03 16:24:04 localhost systemd[1]: Started Service enabling compressing RAM with zRam.
Aug 03 16:24:04 localhost systemd[1]: Started Hold until boot process finishes up.
Aug 03 16:24:04 localhost systemd[1]: Received SIGRTMIN+21 from PID 907 (n/a).
Aug 03 16:24:04 localhost systemd[1]: Received SIGRTMIN+21 from PID 907 (n/a).
Aug 03 16:24:04 localhost systemd[1]: Started Hardware RNG Entropy Gatherer Daemon.
Aug 03 16:24:04 localhost systemd[1]: Starting Network Manager...
Aug 03 16:24:04 localhost systemd[1]: Started D-Bus System Message Bus.
Aug 03 16:24:04 localhost systemd-logind[1563]: New seat seat0.
Aug 03 16:24:04 localhost systemd-logind[1563]: Watching system buttons on /dev/input/event0 (Power Button)
Aug 03 16:24:04 localhost systemd-logind[1563]: Watching system buttons on /dev/input/event1 (AT Translated Set 2 keyboard)
Aug 03 16:24:04 localhost systemd[1]: Started Login Service.
Aug 03 16:24:04 localhost systemd[1]: sshd-keygen@ecdsa.service: Succeeded.
Aug 03 16:24:04 localhost systemd[1]: Started OpenSSH ecdsa Server Key Generation.
Aug 03 16:24:04 localhost systemd[1]: sshd-keygen@ed25519.service: Succeeded.
Aug 03 16:24:04 localhost systemd[1]: Started OpenSSH ed25519 Server Key Generation.
Aug 03 16:24:04 localhost rngd[1594]: Initializing available sources
Aug 03 16:24:04 localhost rngd[1594]: Failed to init entropy source hwrng
Aug 03 16:24:04 localhost rngd[1594]: Failed to init entropy source rdrand
Aug 03 16:24:04 localhost NetworkManager[1595]: <debug> [1628007844.9549] monotonic timestamp started counting 1.926787254 seconds ago with an offset of 32.0 seconds to CLOCK_BOOTTIME (local time is 2021-08-03 16:24:04)
Aug 03 16:24:04 localhost NetworkManager[1595]: <info>  [1628007844.9557] NetworkManager (version 1.30.0-10.el8_4) is starting... (after a restart)
Aug 03 16:24:04 localhost NetworkManager[1595]: <info>  [1628007844.9558] Read config: /etc/NetworkManager/NetworkManager.conf (etc: 80-anaconda-no-ibft.conf, 90-anaconda-no-auto-default.conf, 91-anaconda-autoconnect-slaves.conf, 92-anaconda-loglevel-debug.conf)
Aug 03 16:24:04 localhost NetworkManager[1595]: <debug> [1628007844.9559] CONFIG: config-data[0x55a51420b040]: 3 groups
Aug 03 16:24:04 localhost NetworkManager[1595]: <debug> [1628007844.9561] CONFIG: 
Aug 03 16:24:04 localhost NetworkManager[1595]: <debug> [1628007844.9562] CONFIG: [main]
Aug 03 16:24:04 localhost NetworkManager[1595]: <debug> [1628007844.9563] CONFIG:   plugins=ifcfg-rh,no-ibft
Aug 03 16:24:04 localhost NetworkManager[1595]: <debug> [1628007844.9565] CONFIG:   no-auto-default=*
Aug 03 16:24:04 localhost NetworkManager[1595]: <debug> [1628007844.9566] CONFIG: 
Aug 03 16:24:04 localhost NetworkManager[1595]: <debug> [1628007844.9567] CONFIG: [logging]
Aug 03 16:24:04 localhost NetworkManager[1595]: <debug> [1628007844.9568] CONFIG:   level=DEBUG
Aug 03 16:24:04 localhost NetworkManager[1595]: <debug> [1628007844.9569] CONFIG: 
Aug 03 16:24:04 localhost NetworkManager[1595]: <debug> [1628007844.9571] CONFIG: [connection]
Aug 03 16:24:04 localhost NetworkManager[1595]: <debug> [1628007844.9572] CONFIG:   connection.autoconnect-slaves=1
Aug 03 16:24:04 localhost NetworkManager[1595]: <debug> [1628007844.9573] CONFIG: 
Aug 03 16:24:04 localhost NetworkManager[1595]: <debug> [1628007844.9575] CONFIG: # no-auto-default file "/var/lib/NetworkManager/no-auto-default.state"
Aug 03 16:24:04 localhost NetworkManager[1595]: <debug> [1628007844.9575] config: state: missing state file "/var/lib/NetworkManager/NetworkManager.state": No such file or directory
Aug 03 16:24:04 localhost NetworkManager[1595]: <debug> [1628007844.9575] WEXT support is disabled
Aug 03 16:24:04 localhost NetworkManager[1595]: <debug> [1628007844.9702] create NMDBusManager singleton (65faa8245f50f41a)
Aug 03 16:24:04 localhost systemd[1]: Started Network Manager.
Aug 03 16:24:04 localhost systemd[1]: Starting Network Manager Wait Online...
Aug 03 16:24:04 localhost systemd[1]: Reached target Network.
Aug 03 16:24:04 localhost systemd[1]: Starting RHSM dbus service...
Aug 03 16:24:04 localhost NetworkManager[1595]: <info>  [1628007844.9829] bus-manager: acquired D-Bus service "org.freedesktop.NetworkManager"
Aug 03 16:24:04 localhost NetworkManager[1595]: <debug> [1628007844.9893] netns[0x55a514220820]: new netns (net:8, mnt:9)
Aug 03 16:24:04 localhost NetworkManager[1595]: <debug> [1628007844.9935] platform-linux: create (ignore netns, initial netns, use udev)
Aug 03 16:24:05 localhost NetworkManager[1595]: <debug> [1628007845.0018] platform-linux: Netlink socket for events established: port=1595, fd=12
Aug 03 16:24:05 localhost NetworkManager[1595]: <debug> [1628007845.0018] platform-linux: populate platform cache
Aug 03 16:24:05 localhost NetworkManager[1595]: <debug> [1628007845.0019] platform: kernel-support for USER_IPV6LL (IFLA_INET6_ADDR_GEN_MODE support) detected: supported
Aug 03 16:24:05 localhost NetworkManager[1595]: <debug> [1628007845.0026] platform: (lo) signal: link   added: 1: lo <UP,LOWER_UP;loopback,up,running,lowerup> mtu 65536 arp 772 loopback? not-init addrgenmode eui64 addr 00:00:00:00:00:00 brd 00:00:00:00:00:00 driver unknown rx:10,764 tx:10,764
Aug 03 16:24:05 localhost NetworkManager[1595]: <debug> [1628007845.0029] platform: (ens3) signal: link   added: 2: ens3 <UP,LOWER_UP;broadcast,multicast,up,running,lowerup> mtu 1500 arp 1 ethernet? not-init addrgenmode none addr 52:54:00:57:4D:45 brd FF:FF:FF:FF:FF:FF driver virtio_net rx:36265,650781860 tx:29068,1923826
Aug 03 16:24:05 localhost NetworkManager[1595]: <debug> [1628007845.0031] platform: kernel-support for EXTENDED_IFA_FLAGS (IPv6 temporary addresses support) detected: supported
Aug 03 16:24:05 localhost NetworkManager[1595]: <debug> [1628007845.0032] platform: (lo) signal: address 4   added: 127.0.0.1/8 brd 0.0.0.0 lft forever pref forever lifetime 1-0[4294967295,4294967295] dev 1 flags permanent src kernel
Aug 03 16:24:05 localhost NetworkManager[1595]: <debug> [1628007845.0034] platform: (ens3) signal: address 4   added: 192.168.122.19/24 brd 192.168.122.255 lft 3585sec pref 3585sec lifetime 1-1[3585,3585] dev 2 flags noprefixroute src kernel
Aug 03 16:24:05 localhost NetworkManager[1595]: <debug> [1628007845.0036] platform: (lo) signal: address 6   added: ::1/128 lft forever pref forever lifetime 1-0[4294967295,4294967295] dev 1 flags permanent src kernel
Aug 03 16:24:05 localhost NetworkManager[1595]: <debug> [1628007845.0037] platform: (ens3) signal: address 6   added: fe80::5054:ff:fe57:4d45/64 lft forever pref forever lifetime 1-0[4294967295,4294967295] dev 2 flags permanent,noprefixroute src kernel
Aug 03 16:24:05 localhost NetworkManager[1595]: <debug> [1628007845.0039] platform: (ens3) signal: route   4   added: type unicast 0.0.0.0/0 via 192.168.122.1 dev 2 metric 100 mss 0 rt-src rt-dhcp scope global
Aug 03 16:24:05 localhost NetworkManager[1595]: <debug> [1628007845.0039] platform: (ens3) signal: route   4   added: type unicast 192.168.122.0/24 via 0.0.0.0 dev 2 metric 100 mss 0 rt-src rt-kernel scope link pref-src 192.168.122.19
Aug 03 16:24:05 localhost NetworkManager[1595]: <debug> [1628007845.0039] platform: (lo) signal: route   4   added: type local table 255 127.0.0.0/8 via 0.0.0.0 dev 1 metric 0 mss 0 rt-src rt-kernel scope host pref-src 127.0.0.1
Aug 03 16:24:05 localhost NetworkManager[1595]: <debug> [1628007845.0040] platform: (lo) signal: route   4   added: type local table 255 127.0.0.1/32 via 0.0.0.0 dev 1 metric 0 mss 0 rt-src rt-kernel scope host pref-src 127.0.0.1
Aug 03 16:24:05 localhost NetworkManager[1595]: <debug> [1628007845.0040] platform: (ens3) signal: route   4   added: type local table 255 192.168.122.19/32 via 0.0.0.0 dev 2 metric 0 mss 0 rt-src rt-kernel scope host pref-src 192.168.122.19
Aug 03 16:24:05 localhost NetworkManager[1595]: <debug> [1628007845.0046] platform: kernel-support for RTA_PREF (ability to set router preference for IPv6 routes) detected: supported
Aug 03 16:24:05 localhost NetworkManager[1595]: <debug> [1628007845.0047] platform: (lo) signal: route   6   added: type unicast ::1/128 via :: dev 1 metric 256 mss 0 rt-src rt-kernel
Aug 03 16:24:05 localhost NetworkManager[1595]: <debug> [1628007845.0047] platform: (ens3) signal: route   6   added: type unicast fe80::/64 via :: dev 2 metric 100 mss 0 rt-src rt-kernel
Aug 03 16:24:05 localhost NetworkManager[1595]: <debug> [1628007845.0047] platform: (lo) signal: route   6   added: type local table 255 ::1/128 via :: dev 1 metric 0 mss 0 rt-src rt-kernel
Aug 03 16:24:05 localhost NetworkManager[1595]: <debug> [1628007845.0047] platform: (ens3) signal: route   6   added: type local table 255 fe80::5054:ff:fe57:4d45/128 via :: dev 2 metric 0 mss 0 rt-src rt-kernel
Aug 03 16:24:05 localhost NetworkManager[1595]: <debug> [1628007845.0048] platform: (ens3) signal: route   6   added: type unicast table 255 ff00::/8 via :: dev 2 metric 256 mss 0 rt-src rt-boot
Aug 03 16:24:05 localhost NetworkManager[1595]: <debug> [1628007845.0048] platform: kernel-support for FRA_PROTOCOL (FRA_PROTOCOL attribute for policy routing rules) detected: supported
Aug 03 16:24:05 localhost NetworkManager[1595]: <debug> [1628007845.0048] platform: kernel-support for FRA_UID_RANGE (FRA_UID_RANGE attribute for policy routing rules) not detected: assume supported
Aug 03 16:24:05 localhost NetworkManager[1595]: <debug> [1628007845.0048] platform: kernel-support for FRA_L3MDEV (FRA_L3MDEV attribute for policy routing rules) not detected: assume supported
Aug 03 16:24:05 localhost NetworkManager[1595]: <debug> [1628007845.0049] platform: kernel-support for FRA_IP_PROTO (FRA_IP_PROTO, FRA_SPORT_RANGE, FRA_DPORT_RANGE attributes for policy routing rules) not detected: assume supported
Aug 03 16:24:05 localhost NetworkManager[1595]: <debug> [1628007845.0049] platform: signal: rt-rule   added: [4] 0: from all lookup 255 protocol 2
Aug 03 16:24:05 localhost NetworkManager[1595]: <debug> [1628007845.0049] platform: signal: rt-rule   added: [4] 32766: from all lookup 254 protocol 2
Aug 03 16:24:05 localhost NetworkManager[1595]: <debug> [1628007845.0049] platform: signal: rt-rule   added: [4] 32767: from all lookup 253 protocol 2
Aug 03 16:24:05 localhost NetworkManager[1595]: <debug> [1628007845.0050] platform: signal: rt-rule   added: [6] 0: from all lookup 255 protocol 2
Aug 03 16:24:05 localhost NetworkManager[1595]: <debug> [1628007845.0050] platform: signal: rt-rule   added: [6] 32766: from all lookup 254 protocol 2
Aug 03 16:24:05 localhost NetworkManager[1595]: <debug> [1628007845.0064] platform: (lo) signal: qdisc   added: noqueue dev 1 family 0 handle 0 parent ffffffff info 2
Aug 03 16:24:05 localhost NetworkManager[1595]: <debug> [1628007845.0064] platform: (ens3) signal: qdisc   added: fq_codel dev 2 family 0 handle 0 parent ffffffff info 2 limit 10240 flows 1024 target 4999 interval 99999 quantum 1514 memory_limit 33554432 ecn
Aug 03 16:24:05 localhost NetworkManager[1595]: <debug> [1628007845.0073] platform: (ens3) signal: link changed: 2: ens3 <UP,LOWER_UP;broadcast,multicast,up,running,lowerup> mtu 1500 arp 1 ethernet? init addrgenmode none addr 52:54:00:57:4D:45 brd FF:FF:FF:FF:FF:FF driver virtio_net rx:36265,650781860 tx:29068,1923826
Aug 03 16:24:05 localhost NetworkManager[1595]: <debug> [1628007845.0075] platform: (lo) signal: link changed: 1: lo <UP,LOWER_UP;loopback,up,running,lowerup> mtu 65536 arp 772 loopback? init addrgenmode eui64 addr 00:00:00:00:00:00 brd 00:00:00:00:00:00 driver unknown rx:10,764 tx:10,764
Aug 03 16:24:05 localhost NetworkManager[1595]: <debug> [1628007845.0076] setup NMPlatform singleton (cfea2feb45d73947)
Aug 03 16:24:05 localhost NetworkManager[1595]: <debug> [1628007845.0076] rules-manager: routing-rule: track [ab9e5eb6a8bd52a3,0] "[4] 0: from all lookup 255 protocol 2")
Aug 03 16:24:05 localhost NetworkManager[1595]: <debug> [1628007845.0076] rules-manager: routing-rule: track [ab9e5eb6a8bd52a3,0] "[4] 32766: from all lookup 254 protocol 2")
Aug 03 16:24:05 localhost NetworkManager[1595]: <debug> [1628007845.0076] rules-manager: routing-rule: track [ab9e5eb6a8bd52a3,0] "[4] 32767: from all lookup 253 protocol 2")
Aug 03 16:24:05 localhost NetworkManager[1595]: <debug> [1628007845.0077] rules-manager: routing-rule: track [ab9e5eb6a8bd52a3,0] "[6] 0: from all lookup 255 protocol 2")
Aug 03 16:24:05 localhost NetworkManager[1595]: <debug> [1628007845.0077] rules-manager: routing-rule: track [ab9e5eb6a8bd52a3,0] "[6] 32766: from all lookup 254 protocol 2")
Aug 03 16:24:05 localhost NetworkManager[1595]: <debug> [1628007845.0077] rules-manager: routing-rule: track [0d1d93ec8cbd8041,0] "[4] 0: from all lookup 255 protocol 2")
Aug 03 16:24:05 localhost NetworkManager[1595]: <debug> [1628007845.0077] rules-manager: routing-rule: track [0d1d93ec8cbd8041,0] "[4] 32766: from all lookup 254 protocol 2")
Aug 03 16:24:05 localhost NetworkManager[1595]: <debug> [1628007845.0077] rules-manager: routing-rule: track [0d1d93ec8cbd8041,0] "[4] 32767: from all lookup 253 protocol 2")
Aug 03 16:24:05 localhost NetworkManager[1595]: <debug> [1628007845.0077] rules-manager: routing-rule: track [0d1d93ec8cbd8041,0] "[6] 0: from all lookup 255 protocol 2")
Aug 03 16:24:05 localhost NetworkManager[1595]: <debug> [1628007845.0078] rules-manager: routing-rule: track [0d1d93ec8cbd8041,0] "[6] 32766: from all lookup 254 protocol 2")
Aug 03 16:24:05 localhost NetworkManager[1595]: <debug> [1628007845.0078] create NMNetns singleton (bd6f45105010b848)
Aug 03 16:24:05 localhost NetworkManager[1595]: <debug> [1628007845.0114] auth[0x55a51422f360]: create auth-manager: polkit enabled
Aug 03 16:24:05 localhost NetworkManager[1595]: <debug> [1628007845.0114] auth[0x55a51422f360]: set instance
Aug 03 16:24:05 localhost NetworkManager[1595]: <debug> [1628007845.0114] setup NMAuthManager singleton (47d938b15c477e10)
Aug 03 16:24:05 localhost NetworkManager[1595]: <info>  [1628007845.0256] manager[0x55a514235080]: monitoring kernel firmware directory '/lib/firmware'.
Aug 03 16:24:05 localhost NetworkManager[1595]: <debug> [1628007845.0408] session-monitor: using systemd-logind session tracking
Aug 03 16:24:05 localhost NetworkManager[1595]: <debug> [1628007845.0409] create NMSessionMonitor singleton (927e8a99ea8d41ee)
Aug 03 16:24:05 localhost NetworkManager[1595]: <debug> [1628007845.0409] create NMAgentManager singleton (e7de3a137b2f0c74)
Aug 03 16:24:05 localhost dbus-daemon[1602]: [system] Activating via systemd: service name='org.freedesktop.hostname1' unit='dbus-org.freedesktop.hostname1.service' requested by ':1.3' (uid=0 pid=1595 comm="/usr/sbin/NetworkManager --no-daemon " label="system_u:system_r:kernel_t:s0")
Aug 03 16:24:05 localhost systemd[1]: Starting Hostname Service...
Aug 03 16:24:05 localhost dbus-daemon[1602]: [system] Successfully activated service 'org.freedesktop.hostname1'
Aug 03 16:24:05 localhost systemd[1]: Started Hostname Service.
Aug 03 16:24:05 localhost NetworkManager[1595]: <info>  [1628007845.4276] hostname: hostname: using hostnamed
Aug 03 16:24:05 localhost NetworkManager[1595]: <debug> [1628007845.4276] create NMHostnameManager singleton (53aaae15f8c13594)
Aug 03 16:24:05 localhost NetworkManager[1595]: <debug> [1628007845.4279] create NMFirewallManager singleton (c0e76ddc39f22456)
Aug 03 16:24:05 localhost NetworkManager[1595]: <info>  [1628007845.4281] dns-mgr[0x55a514225170]: init: dns=default,systemd-resolved rc-manager=symlink
Aug 03 16:24:05 localhost NetworkManager[1595]: <debug> [1628007845.4281] create NMDnsManager singleton (be0906e05c65e2ce)
Aug 03 16:24:05 localhost NetworkManager[1595]: <debug> [1628007845.4281] policy: hostname-mode: full
Aug 03 16:24:05 localhost NetworkManager[1595]: <debug> [1628007845.4285] setup NMManager singleton (c41ac425ef3df4fc)
Aug 03 16:24:05 localhost NetworkManager[1595]: <debug> [1628007845.4331] create NMConnectivity singleton (7a3b14331ab33030)
Aug 03 16:24:05 localhost NetworkManager[1595]: <debug> [1628007845.4401] Loaded device plugin: NM6LowpanDeviceFactory (internal)
Aug 03 16:24:05 localhost NetworkManager[1595]: <debug> [1628007845.4401] Loaded device plugin: NMBondDeviceFactory (internal)
Aug 03 16:24:05 localhost NetworkManager[1595]: <debug> [1628007845.4402] Loaded device plugin: NMBridgeDeviceFactory (internal)
Aug 03 16:24:05 localhost NetworkManager[1595]: <debug> [1628007845.4402] Loaded device plugin: NMDummyDeviceFactory (internal)
Aug 03 16:24:05 localhost NetworkManager[1595]: <debug> [1628007845.4402] Loaded device plugin: NMEthernetDeviceFactory (internal)
Aug 03 16:24:05 localhost NetworkManager[1595]: <debug> [1628007845.4403] Loaded device plugin: NMInfinibandDeviceFactory (internal)
Aug 03 16:24:05 localhost NetworkManager[1595]: <debug> [1628007845.4405] Loaded device plugin: NMIPTunnelDeviceFactory (internal)
Aug 03 16:24:05 localhost NetworkManager[1595]: <debug> [1628007845.4405] Loaded device plugin: NMMacsecDeviceFactory (internal)
Aug 03 16:24:05 localhost NetworkManager[1595]: <debug> [1628007845.4405] Loaded device plugin: NMMacvlanDeviceFactory (internal)
Aug 03 16:24:05 localhost NetworkManager[1595]: <debug> [1628007845.4405] Loaded device plugin: NMPppDeviceFactory (internal)
Aug 03 16:24:05 localhost NetworkManager[1595]: <debug> [1628007845.4406] Loaded device plugin: NMTunDeviceFactory (internal)
Aug 03 16:24:05 localhost NetworkManager[1595]: <debug> [1628007845.4406] Loaded device plugin: NMVethDeviceFactory (internal)
Aug 03 16:24:05 localhost NetworkManager[1595]: <debug> [1628007845.4407] Loaded device plugin: NMVlanDeviceFactory (internal)
Aug 03 16:24:05 localhost NetworkManager[1595]: <debug> [1628007845.4407] Loaded device plugin: NMVrfDeviceFactory (internal)
Aug 03 16:24:05 localhost NetworkManager[1595]: <debug> [1628007845.4407] Loaded device plugin: NMVxlanDeviceFactory (internal)
Aug 03 16:24:05 localhost NetworkManager[1595]: <debug> [1628007845.4408] Loaded device plugin: NMWireGuardDeviceFactory (internal)
Aug 03 16:24:05 localhost NetworkManager[1595]: <debug> [1628007845.4408] Loaded device plugin: NMWpanDeviceFactory (internal)
Aug 03 16:24:05 localhost NetworkManager[1595]: <info>  [1628007845.4476] Loaded device plugin: NMTeamFactory (/usr/lib64/NetworkManager/1.30.0-10.el8_4/libnm-device-plugin-team.so)
Aug 03 16:24:05 localhost NetworkManager[1595]: <info>  [1628007845.4541] Loaded device plugin: NMWifiFactory (/usr/lib64/NetworkManager/1.30.0-10.el8_4/libnm-device-plugin-wifi.so)
Aug 03 16:24:05 localhost NetworkManager[1595]: <info>  [1628007845.4541] manager: rfkill: Wi-Fi enabled by radio killswitch; enabled by state file
Aug 03 16:24:05 localhost NetworkManager[1595]: <info>  [1628007845.4543] manager: rfkill: WWAN enabled by radio killswitch; enabled by state file
Aug 03 16:24:05 localhost NetworkManager[1595]: <info>  [1628007845.4544] manager: Networking is enabled by state file
Aug 03 16:24:05 localhost NetworkManager[1595]: <debug> [1628007845.4545] dispatcher: (1) dispatching action 'hostname'
Aug 03 16:24:05 localhost dbus-daemon[1602]: [system] Activating via systemd: service name='org.freedesktop.nm_dispatcher' unit='dbus-org.freedesktop.nm-dispatcher.service' requested by ':1.3' (uid=0 pid=1595 comm="/usr/sbin/NetworkManager --no-daemon " label="system_u:system_r:kernel_t:s0")
Aug 03 16:24:05 localhost NetworkManager[1595]: <debug> [1628007845.4547] dhcp-init: enabled DHCP client 'dhclient' (not available)
Aug 03 16:24:05 localhost NetworkManager[1595]: <debug> [1628007845.4548] dhcp-init: enabled DHCP client 'internal'
Aug 03 16:24:05 localhost NetworkManager[1595]: <debug> [1628007845.4548] dhcp-init: enabled DHCP client 'systemd' (undocumented internal plugin)
Aug 03 16:24:05 localhost NetworkManager[1595]: <debug> [1628007845.4548] dhcp-init: enabled DHCP client 'nettools' (undocumented internal plugin)
Aug 03 16:24:05 localhost NetworkManager[1595]: <info>  [1628007845.4548] dhcp-init: Using DHCP client 'internal'
Aug 03 16:24:05 localhost NetworkManager[1595]: <debug> [1628007845.4548] create NMDhcpManager singleton (799659ec02fa69c9)
Aug 03 16:24:05 localhost NetworkManager[1595]: <info>  [1628007845.4742] settings: Loaded settings plugin: ifcfg-rh ("/usr/lib64/NetworkManager/1.30.0-10.el8_4/libnm-settings-plugin-ifcfg-rh.so")
Aug 03 16:24:05 localhost NetworkManager[1595]: <warn>  [1628007845.4742] settings: skipping deprecated plugin no-ibft
Aug 03 16:24:05 localhost NetworkManager[1595]: <info>  [1628007845.4771] settings: Loaded settings plugin: keyfile (internal)
Aug 03 16:24:05 localhost systemd[1]: Starting Network Manager Script Dispatcher Service...
Aug 03 16:24:05 localhost NetworkManager[1595]: <debug> [1628007845.4853] ++ connection 'new connection' (0x7f6110004f40/NMSimpleConnection/"802-3-ethernet"): [/org/freedesktop/NetworkManager/Settings/1]
Aug 03 16:24:05 localhost NetworkManager[1595]: <debug> [1628007845.4854] ++ connection                [ 0x55a51420b1a0 ]
Aug 03 16:24:05 localhost NetworkManager[1595]: <debug> [1628007845.4856] ++ connection.autoconnect-retries = 1
Aug 03 16:24:05 localhost NetworkManager[1595]: <debug> [1628007845.4858] ++ connection.id             = 'Wired Connection'
Aug 03 16:24:05 localhost NetworkManager[1595]: <debug> [1628007845.4859] ++ connection.multi-connect  = 3
Aug 03 16:24:05 localhost NetworkManager[1595]: <debug> [1628007845.4860] ++ connection.permissions    = []
Aug 03 16:24:05 localhost NetworkManager[1595]: <debug> [1628007845.4862] ++ connection.type           = '802-3-ethernet'
Aug 03 16:24:05 localhost NetworkManager[1595]: <debug> [1628007845.4863] ++ connection.uuid           = '08009ad8-e79a-460f-a5e9-c9c6926bb516'
Aug 03 16:24:05 localhost NetworkManager[1595]: <debug> [1628007845.4865] ++ connection.wait-device-timeout = 60000
Aug 03 16:24:05 localhost NetworkManager[1595]: <debug> [1628007845.4866] ++ 802-3-ethernet            [ 0x55a514216960 ]
Aug 03 16:24:05 localhost NetworkManager[1595]: <debug> [1628007845.4867] ++ 802-3-ethernet.mac-address-blacklist = []
Aug 03 16:24:05 localhost NetworkManager[1595]: <debug> [1628007845.4868] ++ 802-3-ethernet.s390-options = ((GHashTable*) 0x55a51426ec60)
Aug 03 16:24:05 localhost NetworkManager[1595]: <debug> [1628007845.4869] ++ ipv4                      [ 0x7f61140044f0 ]
Aug 03 16:24:05 localhost NetworkManager[1595]: <debug> [1628007845.4869] ++ ipv4.addresses            = ((GPtrArray*) 0x55a514278380)
Aug 03 16:24:05 localhost NetworkManager[1595]: <debug> [1628007845.4869] ++ ipv4.dhcp-timeout         = 90
Aug 03 16:24:05 localhost NetworkManager[1595]: <debug> [1628007845.4869] ++ ipv4.dhcp-vendor-class-identifier = 'anaconda-Linux'
Aug 03 16:24:05 localhost NetworkManager[1595]: <debug> [1628007845.4869] ++ ipv4.dns                  = []
Aug 03 16:24:05 localhost NetworkManager[1595]: <debug> [1628007845.4869] ++ ipv4.dns-search           = []
Aug 03 16:24:05 localhost NetworkManager[1595]: <debug> [1628007845.4870] ++ ipv4.may-fail             = FALSE
Aug 03 16:24:05 localhost NetworkManager[1595]: <debug> [1628007845.4870] ++ ipv4.method               = 'auto'
Aug 03 16:24:05 localhost NetworkManager[1595]: <debug> [1628007845.4870] ++ ipv4.routes               = ((GPtrArray*) 0x55a514278360)
Aug 03 16:24:05 localhost NetworkManager[1595]: <debug> [1628007845.4870] ++ ipv4.routing-rules        = <unknown>
Aug 03 16:24:05 localhost NetworkManager[1595]: <debug> [1628007845.4870] ++ ipv6                      [ 0x55a514222110 ]
Aug 03 16:24:05 localhost NetworkManager[1595]: <debug> [1628007845.4879] ++ ipv6.addr-gen-mode        = 0
Aug 03 16:24:05 localhost NetworkManager[1595]: <debug> [1628007845.4879] ++ ipv6.addresses            = ((GPtrArray*) 0x55a514278440)
Aug 03 16:24:05 localhost NetworkManager[1595]: <debug> [1628007845.4879] ++ ipv6.dhcp-timeout         = 90
Aug 03 16:24:05 localhost NetworkManager[1595]: <debug> [1628007845.4880] ++ ipv6.dns                  = []
Aug 03 16:24:05 localhost NetworkManager[1595]: <debug> [1628007845.4880] ++ ipv6.dns-search           = []
Aug 03 16:24:05 localhost NetworkManager[1595]: <debug> [1628007845.4880] ++ ipv6.method               = 'auto'
Aug 03 16:24:05 localhost NetworkManager[1595]: <debug> [1628007845.4880] ++ ipv6.routes               = ((GPtrArray*) 0x55a5142784c0)
Aug 03 16:24:05 localhost NetworkManager[1595]: <debug> [1628007845.4880] ++ ipv6.routing-rules        = <unknown>
Aug 03 16:24:05 localhost NetworkManager[1595]: <debug> [1628007845.4888] device[2ccdb7e1c490f302] (lo): ifindex: set ifindex 1
Aug 03 16:24:05 localhost NetworkManager[1595]: <debug> [1628007845.4899] device[2ccdb7e1c490f302] (lo): unmanaged: flags set to [platform-init,by-default=0x110/0x110/unmanaged/unrealized], set-unmanaged [by-default=0x100])
Aug 03 16:24:05 localhost NetworkManager[1595]: <debug> [1628007845.4900] device[2ccdb7e1c490f302] (lo): constructed (NMDeviceGeneric)
Aug 03 16:24:05 localhost NetworkManager[1595]: <debug> [1628007845.4900] device[2ccdb7e1c490f302] (lo): start setup of NMDeviceGeneric, kernel ifindex 1
