16:23:38,775 NOTICE kernel:Linux version 4.18.0-305.12.1.el8_4.x86_64 (mockbuild@x86-vm-09.build.eng.bos.redhat.com) (gcc version 8.4.1 20200928 (Red Hat 8.4.1-1) (GCC)) #1 SMP Mon Jul 26 08:06:24 EDT 2021
16:23:38,775 INFO kernel:Command line: method=http://download-node-02.eng.bos.redhat.com/rhel-8/devel/candidate-trees/RHEL-8/RHEL-8.4.0-updates-20210803.2/compose/BaseOS/x86_64/os/ ks=file:/ks.cfg
16:23:38,775 INFO kernel:x86/fpu: Supporting XSAVE feature 0x001: 'x87 floating point registers'
16:23:38,775 INFO kernel:x86/fpu: Supporting XSAVE feature 0x002: 'SSE registers'
16:23:38,775 INFO kernel:x86/fpu: Supporting XSAVE feature 0x004: 'AVX registers'
16:23:38,775 INFO kernel:x86/fpu: xstate_offset[2]:  576, xstate_sizes[2]:  256
16:23:38,775 INFO kernel:x86/fpu: Enabled xstate features 0x7, context size is 832 bytes, using 'standard' format.
16:23:38,775 INFO kernel:BIOS-provided physical RAM map:
16:23:38,775 INFO kernel:BIOS-e820: [mem 0x0000000000000000-0x000000000009fbff] usable
16:23:38,775 INFO kernel:BIOS-e820: [mem 0x000000000009fc00-0x000000000009ffff] reserved
16:23:38,775 INFO kernel:BIOS-e820: [mem 0x00000000000f0000-0x00000000000fffff] reserved
16:23:38,775 INFO kernel:BIOS-e820: [mem 0x0000000000100000-0x00000000bffdbfff] usable
16:23:38,775 INFO kernel:BIOS-e820: [mem 0x00000000bffdc000-0x00000000bfffffff] reserved
16:23:38,775 INFO kernel:BIOS-e820: [mem 0x00000000feffc000-0x00000000feffffff] reserved
16:23:38,775 INFO kernel:BIOS-e820: [mem 0x00000000fffc0000-0x00000000ffffffff] reserved
16:23:38,775 INFO kernel:BIOS-e820: [mem 0x0000000100000000-0x000000013fffffff] usable
16:23:38,775 INFO kernel:NX (Execute Disable) protection: active
16:23:38,775 INFO kernel:SMBIOS 2.8 present.
16:23:38,775 INFO kernel:DMI: Red Hat KVM, BIOS 1.11.0-2.el7 04/01/2014
16:23:38,775 INFO kernel:Hypervisor detected: KVM
16:23:38,775 INFO kernel:kvm-clock: Using msrs 4b564d01 and 4b564d00
16:23:38,775 INFO kernel:kvm-clock: cpu 0, msr 4f401001, primary cpu clock
16:23:38,775 INFO kernel:kvm-clock: using sched offset of 8993764469 cycles
16:23:38,775 INFO kernel:clocksource: kvm-clock: mask: 0xffffffffffffffff max_cycles: 0x1cd42e4dffb, max_idle_ns: 881590591483 ns
16:23:38,775 INFO kernel:tsc: Detected 2399.998 MHz processor
16:23:38,775 DEBUG kernel:e820: update [mem 0x00000000-0x00000fff] usable ==> reserved
16:23:38,775 DEBUG kernel:e820: remove [mem 0x000a0000-0x000fffff] usable
16:23:38,775 INFO kernel:last_pfn = 0x140000 max_arch_pfn = 0x400000000
16:23:38,775 DEBUG kernel:MTRR default type: write-back
16:23:38,775 DEBUG kernel:MTRR fixed ranges enabled:
16:23:38,775 DEBUG kernel:  00000-9FFFF write-back
16:23:38,775 DEBUG kernel:  A0000-BFFFF uncachable
16:23:38,775 DEBUG kernel:  C0000-FFFFF write-protect
16:23:38,775 DEBUG kernel:MTRR variable ranges enabled:
16:23:38,775 DEBUG kernel:  0 base 0000C0000000 mask 3FFFC0000000 uncachable
16:23:38,775 DEBUG kernel:  1 disabled
16:23:38,775 DEBUG kernel:  2 disabled
16:23:38,775 DEBUG kernel:  3 disabled
16:23:38,775 DEBUG kernel:  4 disabled
16:23:38,775 DEBUG kernel:  5 disabled
16:23:38,775 DEBUG kernel:  6 disabled
16:23:38,775 DEBUG kernel:  7 disabled
16:23:38,775 INFO kernel:x86/PAT: Configuration [0-7]: WB  WC  UC- UC  WB  WP  UC- WT  
16:23:38,775 INFO kernel:last_pfn = 0xbffdc max_arch_pfn = 0x400000000
16:23:38,775 INFO kernel:found SMP MP-table at [mem 0x000f6380-0x000f638f]
16:23:38,775 INFO kernel:Using GB pages for direct mapping
16:23:38,775 DEBUG kernel:BRK [0x4f601000, 0x4f601fff] PGTABLE
16:23:38,775 DEBUG kernel:BRK [0x4f602000, 0x4f602fff] PGTABLE
16:23:38,775 DEBUG kernel:BRK [0x4f603000, 0x4f603fff] PGTABLE
16:23:38,775 DEBUG kernel:BRK [0x4f604000, 0x4f604fff] PGTABLE
16:23:38,775 INFO kernel:RAMDISK: [mem 0x7b7f8000-0x7fffffff]
16:23:38,775 INFO kernel:ACPI: Early table checksum verification disabled
16:23:38,775 INFO kernel:ACPI: RSDP 0x00000000000F60F0 000014 (v00 BOCHS )
16:23:38,775 INFO kernel:ACPI: RSDT 0x00000000BFFE16E5 000030 (v01 BOCHS  BXPCRSDT 00000001 BXPC 00000001)
16:23:38,775 INFO kernel:ACPI: FACP 0x00000000BFFE0C14 000074 (v01 BOCHS  BXPCFACP 00000001 BXPC 00000001)
16:23:38,775 INFO kernel:ACPI: DSDT 0x00000000BFFE0040 000BD4 (v01 BOCHS  BXPCDSDT 00000001 BXPC 00000001)
16:23:38,775 INFO kernel:ACPI: FACS 0x00000000BFFE0000 000040
16:23:38,776 INFO kernel:ACPI: SSDT 0x00000000BFFE0C88 0009DD (v01 BOCHS  BXPCSSDT 00000001 BXPC 00000001)
16:23:38,776 INFO kernel:ACPI: APIC 0x00000000BFFE1665 000080 (v01 BOCHS  BXPCAPIC 00000001 BXPC 00000001)
16:23:38,776 DEBUG kernel:ACPI: Local APIC address 0xfee00000
16:23:38,776 INFO kernel:No NUMA configuration found
16:23:38,776 INFO kernel:Faking a node at [mem 0x0000000000000000-0x000000013fffffff]
16:23:38,776 INFO kernel:NODE_DATA(0) allocated [mem 0x13ffd4000-0x13fffdfff]
16:23:38,776 INFO kernel:Zone ranges:
16:23:38,776 INFO kernel:  DMA      [mem 0x0000000000001000-0x0000000000ffffff]
16:23:38,776 INFO kernel:  DMA32    [mem 0x0000000001000000-0x00000000ffffffff]
16:23:38,776 INFO kernel:  Normal   [mem 0x0000000100000000-0x000000013fffffff]
16:23:38,776 INFO kernel:  Device   empty
16:23:38,776 INFO kernel:Movable zone start for each node
16:23:38,776 INFO kernel:Early memory node ranges
16:23:38,776 INFO kernel:  node   0: [mem 0x0000000000001000-0x000000000009efff]
16:23:38,776 INFO kernel:  node   0: [mem 0x0000000000100000-0x00000000bffdbfff]
16:23:38,776 INFO kernel:  node   0: [mem 0x0000000100000000-0x000000013fffffff]
16:23:38,776 INFO kernel:Zeroed struct page in unavailable ranges: 134 pages
16:23:38,776 INFO kernel:Initmem setup node 0 [mem 0x0000000000001000-0x000000013fffffff]
16:23:38,776 DEBUG kernel:On node 0 totalpages: 1048442
16:23:38,776 DEBUG kernel:  DMA zone: 64 pages used for memmap
16:23:38,776 DEBUG kernel:  DMA zone: 21 pages reserved
16:23:38,776 DEBUG kernel:  DMA zone: 3998 pages, LIFO batch:0
16:23:38,776 DEBUG kernel:  DMA32 zone: 12224 pages used for memmap
16:23:38,776 DEBUG kernel:  DMA32 zone: 782300 pages, LIFO batch:63
16:23:38,776 DEBUG kernel:  Normal zone: 4096 pages used for memmap
16:23:38,776 DEBUG kernel:  Normal zone: 262144 pages, LIFO batch:63
16:23:38,776 INFO kernel:ACPI: PM-Timer IO Port: 0x608
16:23:38,776 DEBUG kernel:ACPI: Local APIC address 0xfee00000
16:23:38,776 INFO kernel:ACPI: LAPIC_NMI (acpi_id[0xff] dfl dfl lint[0x1])
16:23:38,776 INFO kernel:IOAPIC[0]: apic_id 0, version 17, address 0xfec00000, GSI 0-23
16:23:38,776 INFO kernel:ACPI: INT_SRC_OVR (bus 0 bus_irq 0 global_irq 2 dfl dfl)
16:23:38,776 INFO kernel:ACPI: INT_SRC_OVR (bus 0 bus_irq 5 global_irq 5 high level)
16:23:38,776 INFO kernel:ACPI: INT_SRC_OVR (bus 0 bus_irq 9 global_irq 9 high level)
16:23:38,776 INFO kernel:ACPI: INT_SRC_OVR (bus 0 bus_irq 10 global_irq 10 high level)
16:23:38,776 INFO kernel:ACPI: INT_SRC_OVR (bus 0 bus_irq 11 global_irq 11 high level)
16:23:38,776 DEBUG kernel:ACPI: IRQ0 used by override.
16:23:38,776 DEBUG kernel:ACPI: IRQ5 used by override.
16:23:38,776 DEBUG kernel:ACPI: IRQ9 used by override.
16:23:38,776 DEBUG kernel:ACPI: IRQ10 used by override.
16:23:38,776 DEBUG kernel:ACPI: IRQ11 used by override.
16:23:38,776 INFO kernel:Using ACPI (MADT) for SMP configuration information
16:23:38,776 INFO kernel:smpboot: Allowing 2 CPUs, 0 hotplug CPUs
16:23:38,776 INFO kernel:PM: Registered nosave memory: [mem 0x00000000-0x00000fff]
16:23:38,776 INFO kernel:PM: Registered nosave memory: [mem 0x0009f000-0x0009ffff]
16:23:38,776 INFO kernel:PM: Registered nosave memory: [mem 0x000a0000-0x000effff]
16:23:38,776 INFO kernel:PM: Registered nosave memory: [mem 0x000f0000-0x000fffff]
16:23:38,776 INFO kernel:PM: Registered nosave memory: [mem 0xbffdc000-0xbfffffff]
16:23:38,776 INFO kernel:PM: Registered nosave memory: [mem 0xc0000000-0xfeffbfff]
16:23:38,776 INFO kernel:PM: Registered nosave memory: [mem 0xfeffc000-0xfeffffff]
16:23:38,776 INFO kernel:PM: Registered nosave memory: [mem 0xff000000-0xfffbffff]
16:23:38,776 INFO kernel:PM: Registered nosave memory: [mem 0xfffc0000-0xffffffff]
16:23:38,776 INFO kernel:[mem 0xc0000000-0xfeffbfff] available for PCI devices
16:23:38,776 INFO kernel:Booting paravirtualized kernel on KVM
16:23:38,776 INFO kernel:clocksource: refined-jiffies: mask: 0xffffffff max_cycles: 0xffffffff, max_idle_ns: 1910969940391419 ns
16:23:38,776 INFO kernel:setup_percpu: NR_CPUS:8192 nr_cpumask_bits:2 nr_cpu_ids:2 nr_node_ids:1
16:23:38,776 INFO kernel:percpu: Embedded 54 pages/cpu s184320 r8192 d28672 u1048576
16:23:38,776 DEBUG kernel:pcpu-alloc: s184320 r8192 d28672 u1048576 alloc=1*2097152
16:23:38,776 DEBUG kernel:pcpu-alloc: [0] 0 1 
16:23:38,776 INFO kernel:kvm-guest: stealtime: cpu 0, msr 13bc2c080
16:23:38,776 INFO kernel:kvm-guest: PV spinlocks enabled
16:23:38,776 INFO kernel:PV qspinlock hash table entries: 256 (order: 0, 4096 bytes)
16:23:38,776 INFO kernel:Built 1 zonelists, mobility grouping on.  Total pages: 1032037
16:23:38,776 INFO kernel:Policy zone: Normal
16:23:38,776 NOTICE kernel:Kernel command line: method=http://download-node-02.eng.bos.redhat.com/rhel-8/devel/candidate-trees/RHEL-8/RHEL-8.4.0-updates-20210803.2/compose/BaseOS/x86_64/os/ ks=file:/ks.cfg
16:23:38,776 NOTICE kernel:Specific versions of hardware are certified with Red Hat Enterprise Linux 8. Please see the list of hardware certified with Red Hat Enterprise Linux 8 at https://catalog.redhat.com.
16:23:38,776 INFO kernel:Memory: 3091776K/4193768K available (12293K kernel code, 2225K rwdata, 7712K rodata, 2476K init, 14048K bss, 251088K reserved, 0K cma-reserved)
16:23:38,776 NOTICE kernel:random: get_random_u64 called from cache_random_seq_create+0x7c/0x140 with crng_init=0
16:23:38,776 INFO kernel:SLUB: HWalign=64, Order=0-3, MinObjects=0, CPUs=2, Nodes=1
16:23:38,776 INFO kernel:Kernel/User page tables isolation: enabled
16:23:38,776 INFO kernel:ftrace: allocating 38583 entries in 151 pages
16:23:38,776 INFO kernel:ftrace: allocated 151 pages with 5 groups
16:23:38,776 INFO kernel:rcu: Hierarchical RCU implementation.
16:23:38,776 INFO kernel:rcu: #011RCU restricting CPUs from NR_CPUS=8192 to nr_cpu_ids=2.
16:23:38,776 INFO kernel:rcu: RCU calculated value of scheduler-enlistment delay is 100 jiffies.
16:23:38,776 INFO kernel:rcu: Adjusting geometry for rcu_fanout_leaf=16, nr_cpu_ids=2
16:23:38,776 INFO kernel:NR_IRQS: 524544, nr_irqs: 440, preallocated irqs: 16
16:23:38,776 INFO kernel:Console: colour VGA+ 80x25
16:23:38,776 INFO kernel:printk: console [tty0] enabled
16:23:38,776 INFO kernel:ACPI: Core revision 20200925
16:23:38,776 INFO kernel:APIC: Switch to symmetric I/O mode setup
16:23:38,776 INFO kernel:x2apic enabled
16:23:38,776 INFO kernel:Switched APIC routing to physical x2apic.
16:23:38,776 INFO kernel:..TIMER: vector=0x30 apic1=0 pin1=2 apic2=-1 pin2=-1
16:23:38,776 INFO kernel:clocksource: tsc-early: mask: 0xffffffffffffffff max_cycles: 0x229835b7123, max_idle_ns: 440795242976 ns
16:23:38,776 INFO kernel:Calibrating delay loop (skipped) preset value.. 4799.99 BogoMIPS (lpj=2399998)
16:23:38,776 INFO kernel:pid_max: default: 32768 minimum: 301
16:23:38,776 INFO kernel:Security Framework initialized
16:23:38,776 INFO kernel:Yama: becoming mindful.
16:23:38,777 INFO kernel:SELinux:  Initializing.
16:23:38,777 INFO kernel:Dentry cache hash table entries: 524288 (order: 10, 4194304 bytes)
16:23:38,777 INFO kernel:Inode-cache hash table entries: 262144 (order: 9, 2097152 bytes)
16:23:38,777 INFO kernel:Mount-cache hash table entries: 8192 (order: 4, 65536 bytes)
16:23:38,777 INFO kernel:Mountpoint-cache hash table entries: 8192 (order: 4, 65536 bytes)
16:23:38,777 INFO kernel:Last level iTLB entries: 4KB 512, 2MB 8, 4MB 8
16:23:38,777 INFO kernel:Last level dTLB entries: 4KB 512, 2MB 32, 4MB 32, 1GB 0
16:23:38,782 INFO kernel:FEATURE SPEC_CTRL Not Present
16:23:38,782 INFO kernel:FEATURE IBPB_SUPPORT Not Present
16:23:38,782 INFO kernel:Spectre V1 : Mitigation: usercopy/swapgs barriers and __user pointer sanitization
16:23:38,782 INFO kernel:Spectre V2 : Mitigation: Full generic retpoline
16:23:38,782 INFO kernel:Spectre V2 : Spectre v2 / SpectreRSB mitigation: Filling RSB on context switch
16:23:38,782 INFO kernel:Speculative Store Bypass: Vulnerable
16:23:38,782 INFO kernel:MDS: Vulnerable: Clear CPU buffers attempted, no microcode
16:23:38,782 INFO kernel:Freeing SMP alternatives memory: 32K
16:23:38,782 DEBUG kernel:TSC deadline timer enabled
16:23:38,782 INFO kernel:smpboot: CPU0: Intel(R) Xeon(R) CPU E5-2609 0 @ 2.40GHz (family: 0x6, model: 0x2d, stepping: 0x7)
16:23:38,782 INFO kernel:Performance Events: SandyBridge events, Intel PMU driver.
16:23:38,782 INFO kernel:core: PEBS disabled due to CPU errata, please upgrade microcode
16:23:38,782 INFO kernel:... version:                2
16:23:38,782 INFO kernel:... bit width:              48
16:23:38,782 INFO kernel:... generic registers:      8
16:23:38,782 INFO kernel:... value mask:             0000ffffffffffff
16:23:38,782 INFO kernel:... max period:             000000007fffffff
16:23:38,782 INFO kernel:... fixed-purpose events:   3
16:23:38,782 INFO kernel:... event mask:             00000007000000ff
16:23:38,782 INFO kernel:rcu: Hierarchical SRCU implementation.
16:23:38,782 INFO kernel:smp: Bringing up secondary CPUs ...
16:23:38,782 INFO kernel:x86: Booting SMP configuration:
16:23:38,782 INFO kernel:.... node  #0, CPUs:      #1
16:23:38,782 INFO kernel:kvm-clock: cpu 1, msr 4f401041, secondary cpu clock
16:23:38,782 INFO kernel:smpboot: CPU 1 Converting physical 0 to logical die 1
16:23:38,782 INFO kernel:kvm-guest: stealtime: cpu 1, msr 13bd2c080
16:23:38,782 INFO kernel:smp: Brought up 1 node, 2 CPUs
16:23:38,782 INFO kernel:smpboot: Max logical packages: 2
16:23:38,782 INFO kernel:smpboot: Total of 2 processors activated (9599.99 BogoMIPS)
16:23:38,782 INFO kernel:node 0 deferred pages initialised in 5ms
16:23:38,782 INFO kernel:devtmpfs: initialized
16:23:38,782 INFO kernel:x86/mm: Memory block size: 128MB
16:23:38,782 INFO kernel:clocksource: jiffies: mask: 0xffffffff max_cycles: 0xffffffff, max_idle_ns: 1911260446275000 ns
16:23:38,782 INFO kernel:futex hash table entries: 512 (order: 3, 32768 bytes)
16:23:38,782 INFO kernel:pinctrl core: initialized pinctrl subsystem
16:23:38,782 INFO kernel:NET: Registered protocol family 16
16:23:38,782 INFO kernel:DMA: preallocated 512 KiB GFP_KERNEL pool for atomic allocations
16:23:38,782 INFO kernel:DMA: preallocated 512 KiB GFP_KERNEL|GFP_DMA pool for atomic allocations
16:23:38,782 INFO kernel:DMA: preallocated 512 KiB GFP_KERNEL|GFP_DMA32 pool for atomic allocations
16:23:38,782 INFO kernel:audit: initializing netlink subsys (disabled)
16:23:38,782 NOTICE kernel:audit: type=2000 audit(1628007912.399:1): state=initialized audit_enabled=0 res=1
16:23:38,782 INFO kernel:cpuidle: using governor menu
16:23:38,782 INFO kernel:ACPI: bus type PCI registered
16:23:38,782 INFO kernel:acpiphp: ACPI Hot Plug PCI Controller Driver version: 0.5
16:23:38,782 INFO kernel:PCI: Using configuration type 1 for base access
16:23:38,782 INFO kernel:core: PMU erratum BJ122, BV98, HSD29 workaround disabled, HT off
16:23:38,782 INFO kernel:HugeTLB registered 1.00 GiB page size, pre-allocated 0 pages
16:23:38,782 INFO kernel:HugeTLB registered 2.00 MiB page size, pre-allocated 0 pages
16:23:38,782 INFO kernel:cryptd: max_cpu_qlen set to 1000
16:23:38,782 INFO kernel:ACPI: Added _OSI(Module Device)
16:23:38,782 INFO kernel:ACPI: Added _OSI(Processor Device)
16:23:38,782 INFO kernel:ACPI: Added _OSI(3.0 _SCP Extensions)
16:23:38,782 INFO kernel:ACPI: Added _OSI(Processor Aggregator Device)
16:23:38,782 INFO kernel:ACPI: Added _OSI(Linux-Dell-Video)
16:23:38,782 INFO kernel:ACPI: Added _OSI(Linux-Lenovo-NV-HDMI-Audio)
16:23:38,782 INFO kernel:ACPI: Added _OSI(Linux-HPI-Hybrid-Graphics)
16:23:38,782 INFO kernel:ACPI: 2 ACPI AML tables successfully acquired and loaded
16:23:38,782 INFO kernel:ACPI: Interpreter enabled
16:23:38,782 INFO kernel:ACPI: (supports S0 S5)
16:23:38,782 INFO kernel:ACPI: Using IOAPIC for interrupt routing
16:23:38,782 INFO kernel:PCI: Using host bridge windows from ACPI; if necessary, use "pci=nocrs" and report a bug
16:23:38,782 INFO kernel:ACPI: Enabled 16 GPEs in block 00 to 0F
16:23:38,782 INFO kernel:ACPI: PCI Root Bridge [PCI0] (domain 0000 [bus 00-ff])
16:23:38,783 INFO kernel:acpi PNP0A03:00: _OSC: OS supports [ASPM ClockPM Segments MSI EDR HPX-Type3]
16:23:38,783 WARNING kernel:acpi PNP0A03:00: fail to add MMCONFIG information, can't access extended PCI configuration space under this bridge.
16:23:38,783 INFO kernel:acpiphp: Slot [3] registered
16:23:38,783 INFO kernel:acpiphp: Slot [4] registered
16:23:38,783 INFO kernel:acpiphp: Slot [5] registered
16:23:38,783 INFO kernel:acpiphp: Slot [6] registered
16:23:38,783 INFO kernel:acpiphp: Slot [7] registered
16:23:38,783 INFO kernel:acpiphp: Slot [8] registered
16:23:38,783 INFO kernel:acpiphp: Slot [9] registered
16:23:38,783 INFO kernel:acpiphp: Slot [10] registered
16:23:38,783 INFO kernel:acpiphp: Slot [11] registered
16:23:38,783 INFO kernel:acpiphp: Slot [12] registered
16:23:38,783 INFO kernel:acpiphp: Slot [13] registered
16:23:38,783 INFO kernel:acpiphp: Slot [14] registered
16:23:38,783 INFO kernel:acpiphp: Slot [15] registered
16:23:38,783 INFO kernel:acpiphp: Slot [16] registered
16:23:38,783 INFO kernel:acpiphp: Slot [17] registered
16:23:38,783 INFO kernel:acpiphp: Slot [18] registered
16:23:38,783 INFO kernel:acpiphp: Slot [19] registered
16:23:38,783 INFO kernel:acpiphp: Slot [20] registered
16:23:38,783 INFO kernel:acpiphp: Slot [21] registered
16:23:38,783 INFO kernel:acpiphp: Slot [22] registered
16:23:38,783 INFO kernel:acpiphp: Slot [23] registered
16:23:38,783 INFO kernel:acpiphp: Slot [24] registered
16:23:38,783 INFO kernel:acpiphp: Slot [25] registered
16:23:38,783 INFO kernel:acpiphp: Slot [26] registered
16:23:38,783 INFO kernel:acpiphp: Slot [27] registered
16:23:38,783 INFO kernel:acpiphp: Slot [28] registered
16:23:38,783 INFO kernel:acpiphp: Slot [29] registered
16:23:38,783 INFO kernel:acpiphp: Slot [30] registered
16:23:38,783 INFO kernel:acpiphp: Slot [31] registered
16:23:38,783 INFO kernel:PCI host bridge to bus 0000:00
16:23:38,784 INFO kernel:pci_bus 0000:00: root bus resource [io  0x0000-0x0cf7 window]
16:23:38,787 INFO kernel:pci_bus 0000:00: root bus resource [io  0x0d00-0xffff window]
16:23:38,787 INFO kernel:pci_bus 0000:00: root bus resource [mem 0x000a0000-0x000bffff window]
16:23:38,787 INFO kernel:pci_bus 0000:00: root bus resource [mem 0xc0000000-0xfebfffff window]
16:23:38,787 INFO kernel:pci_bus 0000:00: root bus resource [bus 00-ff]
16:23:38,788 INFO kernel:pci 0000:00:00.0: [8086:1237] type 00 class 0x060000
16:23:38,788 INFO kernel:pci 0000:00:01.0: [8086:7000] type 00 class 0x060100
16:23:38,788 INFO kernel:pci 0000:00:01.1: [8086:7010] type 00 class 0x010180
16:23:38,788 INFO kernel:pci 0000:00:01.1: reg 0x20: [io  0xc0e0-0xc0ef]
16:23:38,788 INFO kernel:pci 0000:00:01.1: legacy IDE quirk: reg 0x10: [io  0x01f0-0x01f7]
16:23:38,789 INFO kernel:pci 0000:00:01.1: legacy IDE quirk: reg 0x14: [io  0x03f6]
16:23:38,789 INFO kernel:pci 0000:00:01.1: legacy IDE quirk: reg 0x18: [io  0x0170-0x0177]
16:23:38,789 INFO kernel:pci 0000:00:01.1: legacy IDE quirk: reg 0x1c: [io  0x0376]
16:23:38,789 INFO kernel:pci 0000:00:01.2: [8086:7020] type 00 class 0x0c0300
16:23:38,789 INFO kernel:pci 0000:00:01.2: reg 0x20: [io  0xc040-0xc05f]
16:23:38,795 INFO kernel:pci 0000:00:01.3: [8086:7113] type 00 class 0x068000
16:23:38,795 INFO kernel:pci 0000:00:01.3: quirk: [io  0x0600-0x063f] claimed by PIIX4 ACPI
16:23:38,795 INFO kernel:pci 0000:00:01.3: quirk: [io  0x0700-0x070f] claimed by PIIX4 SMB
16:23:38,795 INFO kernel:pci 0000:00:02.0: [1013:00b8] type 00 class 0x030000
16:23:38,796 INFO kernel:pci 0000:00:02.0: reg 0x10: [mem 0xfc000000-0xfdffffff pref]
16:23:38,800 INFO kernel:pci 0000:00:02.0: reg 0x14: [mem 0xfebd0000-0xfebd0fff]
16:23:38,800 INFO kernel:pci 0000:00:02.0: reg 0x30: [mem 0xfebc0000-0xfebcffff pref]
16:23:38,800 INFO kernel:pci 0000:00:03.0: [1af4:1000] type 00 class 0x020000
16:23:38,800 INFO kernel:pci 0000:00:03.0: reg 0x10: [io  0xc060-0xc07f]
16:23:38,800 INFO kernel:pci 0000:00:03.0: reg 0x14: [mem 0xfebd1000-0xfebd1fff]
16:23:38,801 INFO kernel:pci 0000:00:03.0: reg 0x30: [mem 0xfeb80000-0xfebbffff pref]
16:23:38,801 INFO kernel:pci 0000:00:04.0: [1af4:1003] type 00 class 0x078000
16:23:38,801 INFO kernel:pci 0000:00:04.0: reg 0x10: [io  0xc080-0xc09f]
16:23:38,801 INFO kernel:pci 0000:00:04.0: reg 0x14: [mem 0xfebd2000-0xfebd2fff]
16:23:38,801 INFO kernel:pci 0000:00:05.0: [1af4:1001] type 00 class 0x010000
16:23:38,802 INFO kernel:pci 0000:00:05.0: reg 0x10: [io  0xc000-0xc03f]
16:23:38,807 INFO kernel:pci 0000:00:05.0: reg 0x14: [mem 0xfebd3000-0xfebd3fff]
16:23:38,807 INFO kernel:pci 0000:00:06.0: [1af4:1002] type 00 class 0x00ff00
16:23:38,807 INFO kernel:pci 0000:00:06.0: reg 0x10: [io  0xc0a0-0xc0bf]
16:23:38,808 INFO kernel:pci 0000:00:07.0: [1af4:1005] type 00 class 0x00ff00
16:23:38,808 INFO kernel:pci 0000:00:07.0: reg 0x10: [io  0xc0c0-0xc0df]
16:23:38,808 INFO kernel:ACPI: PCI Interrupt Link [LNKA] (IRQs 5 *10 11)
16:23:38,808 INFO kernel:ACPI: PCI Interrupt Link [LNKB] (IRQs 5 *10 11)
16:23:38,808 INFO kernel:ACPI: PCI Interrupt Link [LNKC] (IRQs 5 10 *11)
16:23:38,808 INFO kernel:ACPI: PCI Interrupt Link [LNKD] (IRQs 5 10 *11)
16:23:38,808 INFO kernel:ACPI: PCI Interrupt Link [LNKS] (IRQs *9)
16:23:38,808 INFO kernel:iommu: Default domain type: Passthrough 
16:23:38,808 INFO kernel:pci 0000:00:02.0: vgaarb: setting as boot VGA device
16:23:38,808 INFO kernel:pci 0000:00:02.0: vgaarb: VGA device added: decodes=io+mem,owns=io+mem,locks=none
16:23:38,808 INFO kernel:pci 0000:00:02.0: vgaarb: bridge control possible
16:23:38,809 INFO kernel:vgaarb: loaded
16:23:38,809 NOTICE kernel:SCSI subsystem initialized
16:23:38,809 INFO kernel:ACPI: bus type USB registered
16:23:38,809 INFO kernel:usbcore: registered new interface driver usbfs
16:23:38,809 INFO kernel:usbcore: registered new interface driver hub
16:23:38,809 INFO kernel:usbcore: registered new device driver usb
16:23:38,809 INFO kernel:pps_core: LinuxPPS API ver. 1 registered
16:23:38,809 INFO kernel:pps_core: Software ver. 5.3.6 - Copyright 2005-2007 Rodolfo Giometti <giometti@linux.it>
16:23:38,809 INFO kernel:PTP clock support registered
16:23:38,809 INFO kernel:EDAC MC: Ver: 3.0.0
16:23:38,809 INFO kernel:PCI: Using ACPI for IRQ routing
16:23:38,809 DEBUG kernel:PCI: pci_cache_line_size set to 64 bytes
16:23:38,809 DEBUG kernel:e820: reserve RAM buffer [mem 0x0009fc00-0x0009ffff]
16:23:38,809 DEBUG kernel:e820: reserve RAM buffer [mem 0xbffdc000-0xbfffffff]
16:23:38,809 INFO kernel:NetLabel: Initializing
16:23:38,809 INFO kernel:NetLabel:  domain hash size = 128
16:23:38,809 INFO kernel:NetLabel:  protocols = UNLABELED CIPSOv4 CALIPSO
16:23:38,809 INFO kernel:NetLabel:  unlabeled traffic allowed by default
16:23:38,809 INFO kernel:clocksource: Switched to clocksource kvm-clock
16:23:38,809 NOTICE kernel:VFS: Disk quotas dquot_6.6.0
16:23:38,809 INFO kernel:VFS: Dquot-cache hash table entries: 512 (order 0, 4096 bytes)
16:23:38,809 INFO kernel:pnp: PnP ACPI init
16:23:38,809 DEBUG kernel:pnp 00:00: Plug and Play ACPI device, IDs PNP0b00 (active)
16:23:38,809 DEBUG kernel:pnp 00:01: Plug and Play ACPI device, IDs PNP0303 (active)
16:23:38,809 DEBUG kernel:pnp 00:02: Plug and Play ACPI device, IDs PNP0f13 (active)
16:23:38,815 DEBUG kernel:pnp 00:03: [dma 2]
16:23:38,815 DEBUG kernel:pnp 00:03: Plug and Play ACPI device, IDs PNP0700 (active)
16:23:38,815 DEBUG kernel:pnp 00:04: Plug and Play ACPI device, IDs PNP0501 (active)
16:23:38,815 DEBUG kernel:pnp 00:05: Plug and Play ACPI device, IDs PNP0501 (active)
16:23:38,815 INFO kernel:pnp: PnP ACPI: found 6 devices
16:23:38,815 INFO kernel:clocksource: acpi_pm: mask: 0xffffff max_cycles: 0xffffff, max_idle_ns: 2085701024 ns
16:23:38,815 INFO kernel:pci_bus 0000:00: resource 4 [io  0x0000-0x0cf7 window]
16:23:38,817 INFO kernel:pci_bus 0000:00: resource 5 [io  0x0d00-0xffff window]
16:23:38,817 INFO kernel:pci_bus 0000:00: resource 6 [mem 0x000a0000-0x000bffff window]
16:23:38,817 INFO kernel:pci_bus 0000:00: resource 7 [mem 0xc0000000-0xfebfffff window]
16:23:38,817 INFO kernel:NET: Registered protocol family 2
16:23:38,817 INFO kernel:tcp_listen_portaddr_hash hash table entries: 2048 (order: 3, 32768 bytes)
16:23:38,817 INFO kernel:TCP established hash table entries: 32768 (order: 6, 262144 bytes)
16:23:38,817 INFO kernel:TCP bind hash table entries: 32768 (order: 7, 524288 bytes)
16:23:38,817 INFO kernel:TCP: Hash tables configured (established 32768 bind 32768)
16:23:38,817 INFO kernel:MPTCP token hash table entries: 4096 (order: 4, 98304 bytes)
16:23:38,817 INFO kernel:UDP hash table entries: 2048 (order: 4, 65536 bytes)
16:23:38,817 INFO kernel:UDP-Lite hash table entries: 2048 (order: 4, 65536 bytes)
16:23:38,817 INFO kernel:NET: Registered protocol family 1
16:23:38,817 INFO kernel:NET: Registered protocol family 44
16:23:38,817 INFO kernel:pci 0000:00:00.0: Limiting direct PCI/PCI transfers
16:23:38,817 INFO kernel:pci 0000:00:01.0: PIIX3: Enabling Passive Release
16:23:38,818 INFO kernel:pci 0000:00:01.0: Activating ISA DMA hang workarounds
16:23:38,818 INFO kernel:PCI Interrupt Link [LNKD] enabled at IRQ 11
16:23:38,818 INFO kernel:pci 0000:00:01.2: quirk_usb_early_handoff+0x0/0x6a0 took 51743 usecs
16:23:38,818 INFO kernel:pci 0000:00:02.0: Video device with shadowed ROM at [mem 0x000c0000-0x000dffff]
16:23:38,818 INFO kernel:PCI: CLS 0 bytes, default 64
16:23:38,818 INFO kernel:Unpacking initramfs...
16:23:38,818 INFO kernel:Freeing initrd memory: 73760K
16:23:38,818 INFO kernel:PCI-DMA: Using software bounce buffering for IO (SWIOTLB)
16:23:38,818 INFO kernel:software IO TLB: mapped [mem 0xbbfdc000-0xbffdc000] (64MB)
16:23:38,818 INFO kernel:clocksource: tsc: mask: 0xffffffffffffffff max_cycles: 0x229835b7123, max_idle_ns: 440795242976 ns
16:23:38,818 NOTICE kernel:Initialise system trusted keyrings
16:23:38,818 NOTICE kernel:Key type blacklist registered
16:23:38,818 INFO kernel:workingset: timestamp_bits=36 max_order=20 bucket_order=0
16:23:38,818 INFO kernel:zbud: loaded
16:23:38,818 INFO kernel:pstore: using deflate compression
16:23:38,818 NOTICE kernel:Platform Keyring initialized
16:23:38,818 INFO kernel:NET: Registered protocol family 38
16:23:38,818 NOTICE kernel:Key type asymmetric registered
16:23:38,818 NOTICE kernel:Asymmetric key parser 'x509' registered
16:23:38,818 INFO kernel:Block layer SCSI generic (bsg) driver version 0.4 loaded (major 247)
16:23:38,818 INFO kernel:io scheduler mq-deadline registered
16:23:38,818 INFO kernel:io scheduler kyber registered
16:23:38,818 INFO kernel:io scheduler bfq registered
16:23:38,818 INFO kernel:atomic64_test: passed for x86-64 platform with CX8 and with SSE
16:23:38,818 INFO kernel:shpchp: Standard Hot Plug PCI Controller Driver version: 0.4
16:23:38,818 DEBUG kernel:intel_idle: Please enable MWAIT in BIOS SETUP
16:23:38,818 INFO kernel:input: Power Button as /devices/LNXSYSTM:00/LNXPWRBN:00/input/input0
16:23:38,818 INFO kernel:ACPI: Power Button [PWRF]
16:23:38,818 INFO kernel:PCI Interrupt Link [LNKC] enabled at IRQ 10
16:23:38,822 INFO kernel:virtio-pci 0000:00:03.0: virtio_pci: leaving for legacy driver
16:23:38,823 INFO kernel:virtio-pci 0000:00:04.0: virtio_pci: leaving for legacy driver
16:23:38,823 INFO kernel:PCI Interrupt Link [LNKA] enabled at IRQ 10
16:23:38,823 INFO kernel:virtio-pci 0000:00:05.0: virtio_pci: leaving for legacy driver
16:23:38,823 INFO kernel:PCI Interrupt Link [LNKB] enabled at IRQ 11
16:23:38,823 INFO kernel:virtio-pci 0000:00:06.0: virtio_pci: leaving for legacy driver
16:23:38,823 INFO kernel:virtio-pci 0000:00:07.0: virtio_pci: leaving for legacy driver
16:23:38,823 INFO kernel:Serial: 8250/16550 driver, 4 ports, IRQ sharing enabled
16:23:38,823 INFO kernel:00:04: ttyS0 at I/O 0x3f8 (irq = 4, base_baud = 115200) is a 16550A
16:23:38,823 INFO kernel:00:05: ttyS1 at I/O 0x2f8 (irq = 3, base_baud = 115200) is a 16550A
16:23:38,823 INFO kernel:Non-volatile memory driver v1.3
16:23:38,823 INFO kernel:rdac: device handler registered
16:23:38,823 NOTICE kernel:random: fast init done
16:23:38,823 INFO kernel:hp_sw: device handler registered
16:23:38,823 NOTICE kernel:random: crng init done
16:23:38,823 INFO kernel:emc: device handler registered
16:23:38,823 INFO kernel:alua: device handler registered
16:23:38,823 INFO kernel:libphy: Fixed MDIO Bus: probed
16:23:38,823 INFO kernel:ehci_hcd: USB 2.0 'Enhanced' Host Controller (EHCI) Driver
16:23:38,823 INFO kernel:ehci-pci: EHCI PCI platform driver
16:23:38,823 INFO kernel:ohci_hcd: USB 1.1 'Open' Host Controller (OHCI) Driver
16:23:38,824 INFO kernel:ohci-pci: OHCI PCI platform driver
16:23:38,824 INFO kernel:uhci_hcd: USB Universal Host Controller Interface driver
16:23:38,824 INFO kernel:uhci_hcd 0000:00:01.2: UHCI Host Controller
16:23:38,824 INFO kernel:uhci_hcd 0000:00:01.2: new USB bus registered, assigned bus number 1
16:23:38,824 INFO kernel:uhci_hcd 0000:00:01.2: detected 2 ports
16:23:38,824 INFO kernel:uhci_hcd 0000:00:01.2: irq 11, io base 0x0000c040
16:23:38,825 INFO kernel:usb usb1: New USB device found, idVendor=1d6b, idProduct=0001, bcdDevice= 4.18
16:23:38,830 INFO kernel:usb usb1: New USB device strings: Mfr=3, Product=2, SerialNumber=1
16:23:38,830 INFO kernel:usb usb1: Product: UHCI Host Controller
16:23:38,830 INFO kernel:usb usb1: Manufacturer: Linux 4.18.0-305.12.1.el8_4.x86_64 uhci_hcd
16:23:38,831 INFO kernel:usb usb1: SerialNumber: 0000:00:01.2
16:23:38,832 INFO kernel:hub 1-0:1.0: USB hub found
16:23:38,832 INFO kernel:hub 1-0:1.0: 2 ports detected
16:23:38,832 INFO kernel:usbcore: registered new interface driver usbserial_generic
16:23:38,832 INFO kernel:usbserial: USB Serial support registered for generic
16:23:38,832 INFO kernel:i8042: PNP: PS/2 Controller [PNP0303:KBD,PNP0f13:MOU] at 0x60,0x64 irq 1,12
16:23:38,832 INFO kernel:serio: i8042 KBD port at 0x60,0x64 irq 1
16:23:38,832 INFO kernel:serio: i8042 AUX port at 0x60,0x64 irq 12
16:23:38,832 INFO kernel:mousedev: PS/2 mouse device common for all mice
16:23:38,832 INFO kernel:input: AT Translated Set 2 keyboard as /devices/platform/i8042/serio0/input/input1
16:23:38,832 INFO kernel:rtc_cmos 00:00: RTC can wake from S4
16:23:38,832 INFO kernel:input: VirtualPS/2 VMware VMMouse as /devices/platform/i8042/serio1/input/input4
16:23:38,832 INFO kernel:rtc_cmos 00:00: registered as rtc0
16:23:38,833 INFO kernel:rtc_cmos 00:00: alarms up to one day, 114 bytes nvram
16:23:38,833 INFO kernel:intel_pstate: CPU model not supported
16:23:38,833 INFO kernel:input: VirtualPS/2 VMware VMMouse as /devices/platform/i8042/serio1/input/input3
16:23:38,836 INFO kernel:hid: raw HID events driver (C) Jiri Kosina
16:23:38,836 INFO kernel:usbcore: registered new interface driver usbhid
16:23:38,836 INFO kernel:usbhid: USB HID core driver
16:23:38,836 INFO kernel:drop_monitor: Initializing network drop monitor service
16:23:38,836 INFO kernel:Initializing XFRM netlink socket
16:23:38,836 INFO kernel:NET: Registered protocol family 10
16:23:38,836 INFO kernel:Segment Routing with IPv6
16:23:38,836 INFO kernel:NET: Registered protocol family 17
16:23:38,836 INFO kernel:mpls_gso: MPLS GSO support
16:23:38,836 INFO kernel:core: Using 10 MCE banks
16:23:38,836 INFO kernel:AVX version of gcm_enc/dec engaged.
16:23:38,836 INFO kernel:AES CTR mode by8 optimization enabled
16:23:38,836 INFO kernel:sched_clock: Marking stable (7388506723, 0)->(7789412646, -400905923)
16:23:38,836 INFO kernel:registered taskstats version 1
16:23:38,836 NOTICE kernel:Loading compiled-in X.509 certificates
16:23:38,836 NOTICE kernel:Loaded X.509 cert 'Red Hat Enterprise Linux kernel signing key: 69a8e9938123f1b6a76551b1f90d9ccaa787f945'
16:23:38,836 NOTICE kernel:Loaded X.509 cert 'Red Hat Enterprise Linux Driver Update Program (key 3): bf57f3e87362bc7229d9f465321773dfd1f77a80'
16:23:38,836 NOTICE kernel:Loaded X.509 cert 'Red Hat Enterprise Linux kpatch signing key: 4d38fd864ebe18c5f0b72e3852e2014c3a676fc8'
16:23:38,836 INFO kernel:zswap: loaded using pool lzo/zbud
16:23:38,836 INFO kernel:page_owner is disabled
16:23:38,836 NOTICE kernel:Key type big_key registered
16:23:38,836 NOTICE kernel:Key type encrypted registered
16:23:38,836 INFO kernel:ima: No TPM chip found, activating TPM-bypass!
16:23:38,836 INFO kernel:ima: Allocated hash algorithm: sha256
16:23:38,836 INFO kernel:ima: No architecture policies found
16:23:38,836 INFO kernel:evm: Initialising EVM extended attributes:
16:23:38,836 INFO kernel:evm: security.selinux
16:23:38,836 INFO kernel:evm: security.ima
16:23:38,836 INFO kernel:evm: security.capability
16:23:38,836 INFO kernel:evm: HMAC attrs: 0x1
16:23:38,836 INFO kernel:rtc_cmos 00:00: setting system clock to 2021-08-03 16:23:38 UTC (1628007818)
16:23:38,836 INFO kernel:Freeing unused decrypted memory: 2036K
16:23:38,836 INFO kernel:Freeing unused kernel memory: 2476K
16:23:38,836 INFO kernel:Write protecting the kernel read-only data: 22528k
16:23:38,836 INFO kernel:Freeing unused kernel memory: 2012K
16:23:38,836 INFO kernel:Freeing unused kernel memory: 480K
16:23:38,836 INFO systemd:systemd 239 (239-45.el8_4.3) running in system mode. (+PAM +AUDIT +SELINUX +IMA -APPARMOR +SMACK +SYSVINIT +UTMP +LIBCRYPTSETUP +GCRYPT +GNUTLS +ACL +XZ +LZ4 +SECCOMP +BLKID +ELFUTILS +KMOD +IDN2 -IDN +PCRE2 default-hierarchy=legacy)
16:23:38,837 INFO systemd:Detected virtualization kvm.
16:23:38,837 INFO systemd:Detected architecture x86-64.
16:23:38,837 INFO systemd:Running in initial RAM disk.
16:23:38,837 INFO systemd:No hostname configured.
16:23:38,837 INFO systemd:Set hostname to <localhost>.
16:23:38,837 INFO systemd:Initializing machine ID from KVM UUID.
16:23:38,837 INFO systemd:Reached target Timers.
16:23:38,837 INFO systemd:Listening on Journal Socket (/dev/log).
16:23:38,837 INFO systemd:Reached target Swap.
16:23:38,837 INFO kernel:Loading iSCSI transport class v2.0-870.
16:23:38,837 INFO systemd-journald:Journal started
16:23:38,838 INFO systemd-journald:Runtime journal (/run/log/journal/1e40146287484c83bfc4649bdb8c0d3b) is 8.0M, max 196.4M, 188.4M free.
16:23:38,838 INFO systemd-modules-load:Module 'msr' is builtin
16:23:38,838 INFO rngd:Initializing available sources
16:23:38,838 INFO rngd:Initializing entropy source hwrng
16:23:38,838 INFO rngd:Failed to init entropy source rdrand
16:23:38,893 INFO systemd:Started Create Static Device Nodes in /dev.
16:23:38,900 INFO systemd:systemd-vconsole-setup.service: Succeeded.
16:23:38,900 INFO systemd:Started Setup Virtual Console.
16:23:38,907 INFO systemd:Starting dracut cmdline hook...
16:23:38,931 INFO systemd:Started Apply Kernel Variables.
16:23:38,961 INFO dracut-cmdline:dracut-8.4 (Ootpa) dracut-049-135.git20210121.el8
16:23:38,981 INFO dracut-cmdline:Using kernel command line parameters: method=http://download-node-02.eng.bos.redhat.com/rhel-8/devel/candidate-trees/RHEL-8/RHEL-8.4.0-updates-20210803.2/compose/BaseOS/x86_64/os/ ks=file:/ks.cfg
16:23:39,286 INFO kernel:BIOS EDD facility v0.16 2004-Jun-25, 1 devices found
16:23:39,474 INFO dracut-cmdline:Loading Red Hat Enterprise Linux 8.4 x86_64 installer...
16:23:39,634 INFO dracut-cmdline:Warning: 'method=' is deprecated. Using 'repo=http://download-node-02.eng.bos.redhat.com/rhel-8/devel/candidate-trees/RHEL-8/RHEL-8.4.0-updates-20210803.2/compose/BaseOS/x86_64/os/' instead.
16:23:39,648 INFO dracut-cmdline:Warning: 'repo=http://download-node-02.eng.bos.redhat.com/rhel-8/devel/candidate-trees/RHEL-8/RHEL-8.4.0-updates-20210803.2/compose/BaseOS/x86_64/os/'
16:23:39,648 INFO dracut-cmdline:Warning: repo has been deprecated. All usage of Anaconda boot arguments without 'inst.' prefix have been deprecated and will be removed in a future major release. Please use inst.repo instead.
16:23:39,675 INFO dracut-cmdline:Warning: 'ks=file:/ks.cfg'
16:23:39,675 INFO dracut-cmdline:Warning: ks has been deprecated. All usage of Anaconda boot arguments without 'inst.' prefix have been deprecated and will be removed in a future major release. Please use inst.ks instead.
16:23:39,892 INFO dracut-cmdline:anaconda: parsing kickstart /ks.cfg
16:23:41,779 INFO dracut-cmdline:parse-kickstart WARNING: No device with link found for --device=link
16:23:42,272 INFO dracut-cmdline:rd.luks=0: removing cryptoluks activation
16:23:42,438 INFO dracut-cmdline:rd.lvm=0: removing LVM activation
16:23:42,590 INFO rngd:Initializing AES buffer
16:23:42,590 INFO rngd:Enabling JITTER rng support
16:23:42,591 INFO rngd:Initializing entropy source jitter
16:23:42,592 NOTICE kernel:iscsi: registered transport (tcp)
16:23:42,649 NOTICE kernel:iscsi: registered transport (qla4xxx)
16:23:42,649 INFO kernel:QLogic iSCSI HBA Driver
16:23:42,669 INFO kernel:libcxgbi:libcxgbi_init_module: Chelsio iSCSI driver library libcxgbi v0.9.1-ko (Apr. 2015)
16:23:42,751 INFO kernel:Chelsio T4-T6 iSCSI Driver cxgb4i v0.9.5-ko (Apr. 2015)
16:23:42,751 NOTICE kernel:iscsi: registered transport (cxgb4i)
16:23:42,768 INFO kernel:cnic: QLogic cnicDriver v2.5.22 (July 20, 2015)
16:23:42,786 INFO kernel:QLogic NetXtreme II iSCSI Driver bnx2i v2.7.10.1 (Jul 16, 2014)
16:23:42,786 NOTICE kernel:iscsi: registered transport (bnx2i)
16:23:42,814 NOTICE kernel:iscsi: registered transport (be2iscsi)
16:23:42,814 INFO kernel:In beiscsi_module_init, tt=000000000867ae7a
16:23:42,959 INFO systemd:Started dracut cmdline hook.
16:23:42,961 INFO systemd:Starting dracut pre-udev hook...
16:23:43,166 WARNING kernel:cramfs is deprecated and is slated for removal in a future RHEL release. Please use an alternative file system like squashfs.
16:23:43,232 INFO kernel:squashfs: version 4.0 (2009/01/31) Phillip Lougher
16:23:43,359 INFO dracut-pre-udev:modprobe: FATAL: Module floppy not found in directory /lib/modules/4.18.0-305.12.1.el8_4.x86_64
16:23:43,487 INFO kernel:No iBFT detected.
16:23:43,732 INFO kernel:raid6: sse2x1   gen()  9358 MB/s
16:23:43,749 INFO kernel:raid6: sse2x1   xor()  5326 MB/s
16:23:43,766 INFO kernel:raid6: sse2x2   gen() 10010 MB/s
16:23:43,783 INFO kernel:raid6: sse2x2   xor()  6353 MB/s
16:23:43,800 INFO kernel:raid6: sse2x4   gen() 10211 MB/s
16:23:43,817 INFO kernel:raid6: sse2x4   xor()  6068 MB/s
16:23:43,817 INFO kernel:raid6: using algorithm sse2x4 gen() 10211 MB/s
16:23:43,817 INFO kernel:raid6: .... xor() 6068 MB/s, rmw enabled
16:23:43,817 INFO kernel:raid6: using ssse3x2 recovery algorithm
16:23:43,926 INFO kernel:async_tx: api initialized (async)
16:23:43,931 INFO kernel:xor: automatically using best checksumming function   avx       
16:23:44,337 INFO kernel:device-mapper: uevent: version 1.0.3
16:23:44,344 INFO kernel:device-mapper: ioctl: 4.43.0-ioctl (2020-10-01) initialised: dm-devel@redhat.com
16:23:44,717 INFO kernel:device-mapper: multipath round-robin: version 1.2.0 loaded
16:23:44,923 INFO dracut-pre-udev:modprobe: ERROR: could not insert 'sha256_mb': No such device
16:23:45,278 INFO kernel:RPC: Registered named UNIX socket transport module.
16:23:45,278 INFO kernel:RPC: Registered udp transport module.
16:23:45,278 INFO kernel:RPC: Registered tcp transport module.
16:23:45,279 INFO kernel:RPC: Registered tcp NFSv4.1 backchannel transport module.
16:23:45,401 NOTICE rpc.statd:Version 2.3.3 starting
16:23:45,411 NOTICE rpc.statd:Initializing NSM state
16:23:45,425 WARNING rpc.statd:Running as root.  chown /var/lib/nfs/statd to choose different user
16:23:45,491 WARNING rpc.idmapd:Setting log level to 0
16:23:45,600 INFO systemd:Started dracut pre-udev hook.
16:23:45,604 INFO systemd:Starting udev Kernel Device Manager...
16:23:45,679 INFO systemd:Started udev Kernel Device Manager.
16:23:45,682 INFO systemd:Starting dracut pre-trigger hook...
16:23:45,768 INFO lldpad:config file failed to load,
16:23:45,768 INFO lldpad:create a new file.
16:23:45,768 INFO lldpad:bound ctrl iface to /com/intel/lldpad
16:23:45,779 INFO dracut-pre-trigger:823
16:23:45,862 INFO dracut-pre-trigger:rd.md=0: removing MD RAID activation
16:23:46,237 INFO systemd:Started dracut pre-trigger hook.
16:23:46,241 INFO systemd:Starting udev Coldplug all Devices...
16:23:46,317 INFO systemd:Mounting Kernel Configuration File System...
16:23:46,340 INFO systemd:Mounted Kernel Configuration File System.
16:23:46,409 INFO systemd:Started udev Coldplug all Devices.
16:23:46,413 INFO systemd:Starting udev Wait for Complete Device Initialization...
16:23:46,415 INFO systemd:Starting Show Plymouth Boot Screen...
16:23:46,477 NOTICE kernel:virtio_blk virtio2: [vda] 20971520 512-byte logical blocks (10.7 GB/10.0 GiB)
16:23:46,477 INFO kernel:vda: detected capacity change from 0 to 10737418240
16:23:46,489 INFO systemd:Received SIGRTMIN+20 from PID 907 (plymouthd).
16:23:46,519 INFO systemd-udevd:link_config: autonegotiation is unset or enabled, the speed and duplex are not writable.
16:23:46,538 INFO systemd:Started Show Plymouth Boot Screen.
16:23:46,541 INFO systemd:Reached target Local Encrypted Volumes.
16:23:46,549 INFO systemd:Reached target Paths.
16:23:46,549 INFO systemd:Started Forward Password Requests to Plymouth Directory Watch.
16:23:46,553 DEBUG kernel:libata version 3.00 loaded.
16:23:46,556 DEBUG kernel:ata_piix 0000:00:01.1: version 2.13
16:23:46,565 INFO systemd-udevd:Using default interface naming scheme 'rhel-8.0'.
16:23:46,569 INFO systemd-udevd:link_config: autonegotiation is unset or enabled, the speed and duplex are not writable.
16:23:46,570 INFO kernel:virtio_net virtio0 ens3: renamed from eth0
16:23:46,583 INFO kernel:scsi host0: ata_piix
16:23:46,590 INFO kernel:8021q: 802.1Q VLAN Support v1.8
16:23:46,600 INFO kernel:scsi host1: ata_piix
16:23:46,600 INFO kernel:ata1: PATA max MWDMA2 cmd 0x1f0 ctl 0x3f6 bmdma 0xc0e0 irq 14
16:23:46,600 INFO kernel:ata2: PATA max MWDMA2 cmd 0x170 ctl 0x376 bmdma 0xc0e8 irq 15
16:23:46,619 INFO systemd-udevd:Using default interface naming scheme 'rhel-8.0'.
16:23:46,682 INFO kernel:cirrus 0000:00:02.0: vgaarb: deactivate vga console
16:23:46,730 INFO kernel:Console: switching to colour dummy device 80x25
16:23:46,730 INFO kernel:[drm] Initialized cirrus 2.0.0 2019 for 0000:00:02.0 on minor 0
16:23:46,733 INFO kernel:fbcon: cirrusdrmfb (fb0) is primary device
16:23:46,737 INFO kernel:Console: switching to colour frame buffer device 128x48
16:23:46,739 INFO kernel:cirrus 0000:00:02.0: [drm] fb0: cirrusdrmfb frame buffer device
16:23:46,775 INFO systemd:Started udev Wait for Complete Device Initialization.
16:23:46,775 INFO systemd:Starting Device-Mapper Multipath Device Controller...
16:23:46,786 INFO systemd:Started Device-Mapper Multipath Device Controller.
16:23:46,786 INFO systemd:Reached target Local File Systems (Pre).
16:23:46,786 INFO systemd:Reached target Local File Systems.
16:23:46,786 INFO systemd:Starting Create Volatile Files and Directories...
16:23:46,787 INFO systemd:Starting Open-iSCSI...
16:23:46,804 INFO multipathd:--------start up--------
16:23:46,804 INFO multipathd:read /etc/multipath.conf
16:23:46,806 INFO iscsid:iscsid: can't open InitiatorName configuration file /etc/iscsi/initiatorname.iscsi
16:23:46,806 INFO iscsid:iscsid: Warning: InitiatorName file /etc/iscsi/initiatorname.iscsi does not exist or does not contain a properly formatted InitiatorName. If using software iscsi (iscsi_tcp or ib_iser) or partial offload (bnx2i or cxgbi iscsi), you may not be able to log into or discover targets. Please create a file /etc/iscsi/initiatorname.iscsi that contains a sting with the format: InitiatorName=iqn.yyyy-mm.<reversed domain name>[:identifier].
16:23:46,806 INFO iscsid:Example: InitiatorName=iqn.2001-04.com.redhat:fc6.
16:23:46,806 INFO iscsid:If using hardware iscsi like qla4xxx this message can be ignored.
16:23:46,806 INFO iscsid:iscsid: can't open InitiatorAlias configuration file /etc/iscsi/initiatorname.iscsi
16:23:46,808 INFO multipathd:path checkers start up
16:23:46,812 INFO systemd:Started Open-iSCSI.
16:23:46,814 INFO systemd:Starting dracut initqueue hook...
16:23:46,817 INFO systemd:Started Create Volatile Files and Directories.
16:23:46,817 INFO systemd:Reached target System Initialization.
16:23:46,817 INFO systemd:Reached target Basic System.
16:23:46,860 INFO systemd:Reloading.
16:23:47,054 INFO NetworkManager:<info>  [1628007827.0542] NetworkManager (version 1.30.0-10.el8_4) is starting... (for the first time)
16:23:47,054 INFO NetworkManager:<info>  [1628007827.0548] Read config: /etc/NetworkManager/NetworkManager.conf
16:23:47,057 INFO NetworkManager:<info>  [1628007827.0573] auth[0x55ae75800aa0]: create auth-manager: D-Bus connection not available. Polkit is disabled and only root will be authorized.
16:23:47,058 INFO NetworkManager:<info>  [1628007827.0587] manager[0x55ae75834020]: monitoring kernel firmware directory '/lib/firmware'.
16:23:47,059 INFO NetworkManager:<info>  [1628007827.0594] hostname: hostname: hostnamed not used as proxy creation failed with: Could not connect: No such file or directory
16:23:47,059 INFO NetworkManager:<info>  [1628007827.0597] dns-mgr[0x55ae758281d0]: init: dns=default,systemd-resolved rc-manager=symlink
16:23:47,062 INFO NetworkManager:<info>  [1628007827.0619] Loaded device plugin: NMTeamFactory (/usr/lib64/NetworkManager/1.30.0-10.el8_4/libnm-device-plugin-team.so)
16:23:47,062 INFO NetworkManager:<info>  [1628007827.0621] manager: rfkill: Wi-Fi enabled by radio killswitch; enabled by state file
16:23:47,062 INFO NetworkManager:<info>  [1628007827.0622] manager: rfkill: WWAN enabled by radio killswitch; enabled by state file
16:23:47,062 INFO NetworkManager:<info>  [1628007827.0623] manager: Networking is enabled by state file
16:23:47,062 INFO NetworkManager:<info>  [1628007827.0624] dhcp-init: Using DHCP client 'internal'
16:23:47,063 WARNING NetworkManager:<warn>  [1628007827.0631] ifcfg-rh: dbus: don't use D-Bus for com.redhat.ifcfgrh1 service
16:23:47,063 INFO NetworkManager:<info>  [1628007827.0632] settings: Loaded settings plugin: ifcfg-rh ("/usr/lib64/NetworkManager/1.30.0-10.el8_4/libnm-settings-plugin-ifcfg-rh.so")
16:23:47,063 INFO NetworkManager:<info>  [1628007827.0634] settings: Loaded settings plugin: keyfile (internal)
16:23:47,065 INFO NetworkManager:<info>  [1628007827.0656] device (lo): carrier: link connected
16:23:47,065 INFO NetworkManager:<info>  [1628007827.0658] manager: (lo): new Generic device (/org/freedesktop/NetworkManager/Devices/1)
16:23:47,066 INFO NetworkManager:<info>  [1628007827.0664] manager: (ens3): new Ethernet device (/org/freedesktop/NetworkManager/Devices/2)
16:23:47,066 INFO NetworkManager:<info>  [1628007827.0668] device (ens3): state change: unmanaged -> unavailable (reason 'managed', sys-iface-state: 'external')
16:23:47,069 INFO kernel:IPv6: ADDRCONF(NETDEV_UP): ens3: link is not ready
16:23:47,070 INFO NetworkManager:<info>  [1628007827.0705] device (ens3): carrier: link connected
16:23:47,071 INFO kernel:IPv6: ADDRCONF(NETDEV_UP): ens3: link is not ready
16:23:47,071 INFO kernel:8021q: adding VLAN 0 to HW filter on device ens3
16:23:47,072 WARNING NetworkManager:<warn>  [1628007827.0728] sleep-monitor-sd: failed to acquire D-Bus proxy: Could not connect: No such file or directory
16:23:47,073 INFO NetworkManager:<info>  [1628007827.0731] device (ens3): state change: unavailable -> disconnected (reason 'none', sys-iface-state: 'managed')
16:23:47,073 INFO NetworkManager:<info>  [1628007827.0737] policy: auto-activating connection 'Wired Connection' (08009ad8-e79a-460f-a5e9-c9c6926bb516)
16:23:47,074 INFO kernel:IPv6: ADDRCONF(NETDEV_UP): ens3: link is not ready
16:23:47,074 INFO NetworkManager:<info>  [1628007827.0742] device (ens3): Activation: starting connection 'Wired Connection' (08009ad8-e79a-460f-a5e9-c9c6926bb516)
16:23:47,074 INFO NetworkManager:<info>  [1628007827.0744] device (ens3): state change: disconnected -> prepare (reason 'none', sys-iface-state: 'managed')
16:23:47,074 INFO NetworkManager:<info>  [1628007827.0745] manager: NetworkManager state is now CONNECTING
16:23:47,074 INFO NetworkManager:<info>  [1628007827.0746] device (ens3): state change: prepare -> config (reason 'none', sys-iface-state: 'managed')
16:23:47,075 INFO NetworkManager:<info>  [1628007827.0750] device (ens3): state change: config -> ip-config (reason 'none', sys-iface-state: 'managed')
16:23:47,075 INFO NetworkManager:<info>  [1628007827.0753] dhcp4 (ens3): activation: beginning transaction (timeout in 90 seconds)
16:23:47,076 INFO kernel:IPv6: ADDRCONF(NETDEV_UP): ens3: link is not ready
16:23:47,572 INFO kernel:IPv6: ADDRCONF(NETDEV_CHANGE): ens3: link becomes ready
16:23:49,582 INFO NetworkManager:<info>  [1628007829.5824] dhcp4 (ens3): state changed unknown -> bound, address=192.168.122.19
16:23:49,583 INFO NetworkManager:<info>  [1628007829.5838] device (ens3): state change: ip-config -> ip-check (reason 'none', sys-iface-state: 'managed')
16:23:49,584 INFO NetworkManager:<info>  [1628007829.5841] device (ens3): state change: ip-check -> secondaries (reason 'none', sys-iface-state: 'managed')
16:23:49,584 INFO NetworkManager:<info>  [1628007829.5842] device (ens3): state change: secondaries -> activated (reason 'none', sys-iface-state: 'managed')
16:23:49,584 INFO NetworkManager:<info>  [1628007829.5845] manager: NetworkManager state is now CONNECTED_LOCAL
16:23:49,585 INFO NetworkManager:<info>  [1628007829.5851] manager: NetworkManager state is now CONNECTED_SITE
16:23:49,585 INFO NetworkManager:<info>  [1628007829.5852] policy: set 'Wired Connection' (ens3) as default for IPv4 routing and DNS
16:23:49,586 INFO NetworkManager:<info>  [1628007829.5861] device (ens3): Activation: successful, device activated.
16:23:49,586 INFO NetworkManager:<info>  [1628007829.5863] manager: NetworkManager state is now CONNECTED_GLOBAL
16:23:49,586 INFO NetworkManager:<info>  [1628007829.5868] manager: startup complete
16:23:49,586 INFO NetworkManager:<info>  [1628007829.5869] quitting now that startup is complete
16:23:49,591 INFO NetworkManager:<info>  [1628007829.5912] dhcp4 (ens3): canceled DHCP transaction
16:23:49,591 INFO NetworkManager:<info>  [1628007829.5913] dhcp4 (ens3): state changed bound -> done
16:23:49,591 INFO NetworkManager:<info>  [1628007829.5914] device (ens3): DHCPv4: trying to acquire a new lease within 180 seconds
16:23:49,591 INFO NetworkManager:<info>  [1628007829.5915] manager: NetworkManager state is now CONNECTED_SITE
16:23:49,591 INFO NetworkManager:<info>  [1628007829.5917] exiting (success)
16:23:49,617 INFO dracut-initqueue:anaconda: stage2 locations are: http://download-node-02.eng.bos.redhat.com/rhel-8/devel/candidate-trees/RHEL-8/RHEL-8.4.0-updates-20210803.2/compose/BaseOS/x86_64/os/
16:23:49,618 INFO dracut-initqueue:anaconda: fetching stage2 from http://download-node-02.eng.bos.redhat.com/rhel-8/devel/candidate-trees/RHEL-8/RHEL-8.4.0-updates-20210803.2/compose/BaseOS/x86_64/os/
16:23:49,702 INFO dracut-initqueue:  % Total    % Received % Xferd  Average Speed   Time    Time     Time  Current
16:23:49,702 INFO dracut-initqueue:                                 Dload  Upload   Total   Spent    Left  Speed
16:23:55,221 INFO dracut-initqueue:#015  0     0    0     0    0     0      0      0 --:--:-- --:--:-- --:--:--     0#015  5  618M    5 35.7M    0     0   109M      0  0:00:05 --:--:--  0:00:05  109M#015 23  618M   23  147M    0     0   111M      0  0:00:05  0:00:01  0:00:04  111M#015 42  618M   42  260M    0     0   111M      0  0:00:05  0:00:02  0:00:03  111M#015 60  618M   60  372M    0     0   112M      0  0:00:05  0:00:03  0:00:02  111M#015 78  618M   78  484M    0     0   112M      0  0:00:05  0:00:04  0:00:01  112M#015 96  618M   96  596M    0     0   112M      0  0:00:05  0:00:05 --:--:--  112M#015100  618M  100  618M    0     0   112M      0  0:00:05  0:00:05 --:--:--  112M
16:23:55,228 INFO dracut-initqueue:anaconda: successfully fetched stage2 from http://download-node-02.eng.bos.redhat.com/rhel-8/devel/candidate-trees/RHEL-8/RHEL-8.4.0-updates-20210803.2/compose/BaseOS/x86_64/os/
16:23:55,385 INFO kernel:loop: module loaded
16:23:55,516 INFO systemd:run-initramfs-squashfs.mount: Succeeded.
16:23:55,554 INFO systemd:Started dracut initqueue hook.
16:23:55,556 INFO systemd:Starting dracut pre-mount hook...
16:23:55,556 INFO systemd:Reached target Remote File Systems (Pre).
16:23:55,557 INFO systemd:Reached target Remote File Systems.
16:23:55,576 INFO systemd:Started dracut pre-mount hook.
16:23:55,577 INFO systemd:Reached target Initrd Root File System.
16:23:55,578 INFO systemd:Starting Reload Configuration from the Real Root...
16:23:55,588 INFO systemd:Reloading.
16:23:55,728 INFO systemd:initrd-parse-etc.service: Succeeded.
16:23:55,728 INFO systemd:Started Reload Configuration from the Real Root.
16:23:55,730 INFO systemd:Starting dracut mount hook...
16:23:55,730 INFO systemd:Reached target Initrd File Systems.
16:23:55,730 INFO systemd:Reached target Initrd Default Target.
16:23:55,832 INFO kernel:EXT4-fs (dm-0): mounted filesystem with ordered data mode. Opts: (null)
16:23:55,867 INFO systemd:Started dracut mount hook.
16:23:55,869 INFO systemd:Starting dracut pre-pivot and cleanup hook...
16:23:57,863 INFO systemd:var-lib-nfs-rpc_pipefs.mount: Succeeded.
16:23:57,874 INFO systemd:Started dracut pre-pivot and cleanup hook.
16:23:57,876 INFO systemd:Starting Cleaning Up and Shutting Down Daemons...
16:23:57,888 INFO systemd:Stopped target Timers.
16:23:57,889 INFO systemd:Starting Setup Virtual Console...
16:23:57,890 INFO systemd:Starting Plymouth switch root service...
16:23:57,891 INFO systemd:dracut-pre-pivot.service: Succeeded.
16:23:57,892 INFO systemd:Stopped dracut pre-pivot and cleanup hook.
16:23:57,892 INFO systemd:Stopped target Remote File Systems.
16:23:57,892 INFO systemd:dracut-mount.service: Succeeded.
16:23:57,892 INFO systemd:Stopped dracut mount hook.
16:23:57,893 INFO systemd:dracut-pre-mount.service: Succeeded.
16:23:57,893 INFO systemd:Stopped dracut pre-mount hook.
16:23:57,894 INFO systemd:Stopped target Initrd Default Target.
16:23:57,894 INFO systemd:Stopped target Initrd Root Device.
16:23:57,895 INFO systemd:Stopped target Remote File Systems (Pre).
16:23:57,895 INFO systemd:dracut-initqueue.service: Succeeded.
16:23:57,896 INFO systemd:Stopped dracut initqueue hook.
16:23:57,899 INFO systemd:Stopping Open-iSCSI...
16:23:57,899 INFO iscsid:iscsid: iscsid shutting down.
16:23:57,900 INFO systemd:Stopped target Basic System.
16:23:57,900 INFO systemd:Stopped target Slices.
16:23:57,900 INFO systemd:Stopped target Paths.
16:23:57,900 INFO systemd:Stopped target Sockets.
16:23:57,900 INFO systemd:Stopped target System Initialization.
16:23:57,900 INFO systemd:Stopped target Swap.
16:23:57,900 INFO systemd:systemd-sysctl.service: Succeeded.
16:23:57,900 INFO systemd:Stopped Apply Kernel Variables.
16:23:57,901 INFO systemd:systemd-modules-load.service: Succeeded.
16:23:57,901 INFO systemd:Stopped Load Kernel Modules.
16:23:57,905 INFO systemd:Stopped target Local Encrypted Volumes.
16:23:57,906 INFO systemd:systemd-tmpfiles-setup.service: Succeeded.
16:23:57,906 INFO systemd:Stopped Create Volatile Files and Directories.
16:23:57,906 INFO systemd:Stopped target Local File Systems.
16:23:57,907 INFO systemd:Stopped target Local File Systems (Pre).
16:23:57,913 INFO systemd:iscsid.service: Succeeded.
16:23:57,913 INFO systemd:Stopped Open-iSCSI.
16:23:57,921 INFO systemd:initrd-cleanup.service: Succeeded.
16:23:57,924 INFO systemd:Started Cleaning Up and Shutting Down Daemons.
16:23:57,925 INFO systemd:systemd-vconsole-setup.service: Succeeded.
16:23:57,926 INFO systemd:Started Setup Virtual Console.
16:23:57,927 INFO systemd:Stopping iSCSI UserSpace I/O driver...
16:23:57,937 INFO systemd:Stopping Device-Mapper Multipath Device Controller...
16:23:57,938 INFO systemd:iscsid.socket: Succeeded.
16:23:57,940 INFO systemd:Closed Open-iSCSI iscsid Socket.
16:23:57,941 INFO systemd:iscsiuio.service: Succeeded.
16:23:57,942 INFO systemd:Stopped iSCSI UserSpace I/O driver.
16:23:57,944 INFO systemd:Started Plymouth switch root service.
16:23:57,946 INFO systemd:iscsiuio.socket: Succeeded.
16:23:57,947 INFO systemd:Closed Open-iSCSI iscsiuio Socket.
16:23:57,957 INFO multipathd:ok
16:23:57,961 INFO multipathd:--------shut down-------
16:23:57,967 INFO systemd:multipathd.service: Succeeded.
16:23:57,968 INFO systemd:Stopped Device-Mapper Multipath Device Controller.
16:23:57,968 INFO systemd:systemd-udev-settle.service: Succeeded.
16:23:57,969 INFO systemd:Stopped udev Wait for Complete Device Initialization.
16:23:57,969 INFO systemd:systemd-udev-trigger.service: Succeeded.
16:23:57,970 INFO systemd:Stopped udev Coldplug all Devices.
16:23:57,970 INFO systemd:dracut-pre-trigger.service: Succeeded.
16:23:57,970 INFO systemd:Stopped dracut pre-trigger hook.
16:23:57,971 INFO systemd:Stopping udev Kernel Device Manager...
16:23:57,981 INFO systemd:systemd-udevd.service: Succeeded.
16:23:57,981 INFO systemd:Stopped udev Kernel Device Manager.
16:23:57,982 INFO systemd:Stopping Hardware RNG Entropy Gatherer Daemon...
16:23:57,982 INFO systemd:systemd-tmpfiles-setup-dev.service: Succeeded.
16:23:57,984 INFO systemd:Stopped Create Static Device Nodes in /dev.
16:23:57,985 INFO systemd:kmod-static-nodes.service: Succeeded.
16:23:57,985 INFO systemd:Stopped Create list of required static device nodes for the current kernel.
16:23:57,986 INFO systemd:dracut-pre-udev.service: Succeeded.
16:23:57,988 INFO systemd:Stopped dracut pre-udev hook.
16:23:57,989 INFO systemd:dracut-cmdline.service: Succeeded.
16:23:57,989 INFO systemd:Stopped dracut cmdline hook.
16:23:57,991 INFO systemd:systemd-udevd-kernel.socket: Succeeded.
16:23:57,991 INFO systemd:Closed udev Kernel Socket.
16:23:57,992 INFO systemd:systemd-udevd-control.socket: Succeeded.
16:23:57,992 INFO systemd:Closed udev Control Socket.
16:23:57,995 INFO systemd:Starting Cleanup udevd DB...
16:23:57,997 INFO systemd:rngd.service: Succeeded.
16:23:57,997 INFO systemd:Stopped Hardware RNG Entropy Gatherer Daemon.
16:23:58,011 INFO systemd:initrd-udevadm-cleanup-db.service: Succeeded.
16:23:58,011 INFO systemd:Started Cleanup udevd DB.
16:23:58,011 INFO systemd:Reached target Switch Root.
16:23:58,012 INFO systemd:Starting Switch Root...
16:23:58,031 NOTICE systemd:Switching root.
16:23:58,053 INFO systemd-journald:Journal stopped
16:24:00,497 WARNING kernel:printk: systemd: 20 output lines suppressed due to ratelimiting
16:24:00,497 INFO kernel:SELinux:  policy capability network_peer_controls=1
16:24:00,497 INFO kernel:SELinux:  policy capability open_perms=1
16:24:00,506 INFO kernel:SELinux:  policy capability extended_socket_class=1
16:24:00,506 INFO kernel:SELinux:  policy capability always_check_network=0
16:24:00,506 INFO kernel:SELinux:  policy capability cgroup_seclabel=1
16:24:00,506 INFO kernel:SELinux:  policy capability nnp_nosuid_transition=1
16:24:00,506 NOTICE kernel:audit: type=1403 audit(1628007839.308:2): auid=4294967295 ses=4294967295 lsm=selinux res=1
16:24:00,506 INFO systemd:Successfully loaded SELinux policy in 391.508ms.
16:24:00,506 INFO systemd:Relabelled /dev, /run and /sys/fs/cgroup in 41.321ms.
16:24:00,506 INFO systemd:systemd 239 (239-45.el8_4.3) running in system mode. (+PAM +AUDIT +SELINUX +IMA -APPARMOR +SMACK +SYSVINIT +UTMP +LIBCRYPTSETUP +GCRYPT +GNUTLS +ACL +XZ +LZ4 +SECCOMP +BLKID +ELFUTILS +KMOD +IDN2 -IDN +PCRE2 default-hierarchy=legacy)
16:24:00,506 INFO systemd:Detected virtualization kvm.
16:24:00,506 INFO systemd:Detected architecture x86-64.
16:24:00,506 INFO systemd:systemd-journald.service: Succeeded.
16:24:00,506 INFO systemd:initrd-switch-root.service: Succeeded.
16:24:00,506 INFO systemd:Stopped Switch Root.
16:24:00,506 INFO systemd:systemd-journald.service: Service has no hold-off time (RestartSec=0), scheduling restart.
16:24:00,506 INFO systemd:systemd-journald.service: Scheduled restart job, restart counter is at 1.
16:24:00,506 INFO systemd:Stopped Journal Service.
16:24:00,506 INFO systemd:Starting Journal Service...
16:24:00,506 INFO systemd-journald:Journal started
16:24:00,506 INFO systemd-journald:Runtime journal (/run/log/journal/8e9d2926311c4213802b648c218a33c3) is 8.0M, max 196.4M, 188.4M free.
16:24:00,549 INFO systemd:Mounted Huge Pages File System.
16:24:00,550 INFO systemd:Mounted POSIX Message Queue File System.
16:24:00,551 INFO systemd:Mounted Temporary Directory (/tmp).
16:24:00,551 INFO systemd:Started Create list of required static device nodes for the current kernel.
16:24:00,558 INFO systemd:Started Remount Root and Kernel File Systems.
16:24:00,570 INFO systemd:Starting Rebuild Hardware Database...
16:24:00,578 INFO systemd-modules-load:Module 'msr' is builtin
16:24:00,583 INFO systemd:Starting Flush Journal to Persistent Storage...
16:24:00,589 INFO systemd:Starting Load/Save Random Seed...
16:24:00,595 INFO systemd:Starting Create System Users...
16:24:00,618 INFO systemd:Started Load Kernel Modules.
16:24:00,622 INFO systemd:Mounted Kernel Debug File System.
16:24:00,639 INFO systemd:Starting Apply Kernel Variables...
16:24:00,648 INFO systemd-journald:Runtime journal (/run/log/journal/8e9d2926311c4213802b648c218a33c3) is 8.0M, max 196.4M, 188.4M free.
16:24:00,665 INFO systemd:Started Flush Journal to Persistent Storage.
16:24:00,668 INFO systemd:Started Load/Save Random Seed.
16:24:00,691 INFO systemd:Started Apply Kernel Variables.
16:24:00,728 INFO systemd:Started Create System Users.
16:24:00,730 INFO systemd:Starting Create Static Device Nodes in /dev...
16:24:00,804 INFO systemd:Started Create Static Device Nodes in /dev.
16:24:00,842 INFO systemd:systemd-vconsole-setup.service: Succeeded.
16:24:00,842 INFO systemd:Started Setup Virtual Console.
16:24:00,875 INFO systemd:Started udev Coldplug all Devices.
16:24:00,876 INFO systemd:Starting udev Wait for Complete Device Initialization...
16:24:01,137 INFO systemd:Started Rebuild Hardware Database.
16:24:01,137 INFO systemd:Starting udev Kernel Device Manager...
16:24:01,227 INFO systemd:Started udev Kernel Device Manager.
16:24:01,371 INFO kernel:piix4_smbus 0000:00:01.3: SMBus Host Controller at 0x700, revision 0
16:24:01,422 INFO kernel:input: PC Speaker as /devices/platform/pcspkr/input/input5
16:24:01,430 INFO systemd-udevd:Using default interface naming scheme 'rhel-8.0'.
16:24:01,433 INFO systemd-udevd:link_config: autonegotiation is unset or enabled, the speed and duplex are not writable.
16:24:01,502 INFO systemd-udevd:link_config: autonegotiation is unset or enabled, the speed and duplex are not writable.
16:24:01,711 INFO systemd:Started udev Wait for Complete Device Initialization.
16:24:01,713 INFO systemd:Starting Device-Mapper Multipath Device Controller...
16:24:01,888 INFO multipathd:--------start up--------
16:24:01,888 INFO multipathd:read /etc/multipath.conf
16:24:01,903 INFO multipathd:path checkers start up
16:24:01,924 INFO systemd:Started Device-Mapper Multipath Device Controller.
16:24:01,925 INFO systemd:Reached target Local File Systems (Pre).
16:24:01,925 INFO systemd:Reached target Local File Systems.
16:24:01,927 INFO systemd:Starting Rebuild Journal Catalog...
16:24:01,931 INFO systemd:Starting Rebuild Dynamic Linker Cache...
16:24:01,934 INFO systemd:Starting Restore /run/initramfs on shutdown...
16:24:01,937 INFO systemd:Starting Tell Plymouth To Write Out Runtime Data...
16:24:01,940 INFO systemd:Starting Import network configuration from initramfs...
16:24:01,971 INFO systemd:Started Restore /run/initramfs on shutdown.
16:24:01,996 INFO systemd:Started Rebuild Journal Catalog.
16:24:02,031 INFO systemd:Received SIGRTMIN+20 from PID 907 (plymouthd).
16:24:02,032 INFO systemd:Started Tell Plymouth To Write Out Runtime Data.
16:24:02,102 INFO systemd:Started Import network configuration from initramfs.
16:24:02,102 INFO systemd:Starting Create Volatile Files and Directories...
16:24:02,179 INFO systemd:Started Create Volatile Files and Directories.
16:24:02,180 INFO systemd:Starting Update UTMP about System Boot/Shutdown...
16:24:02,204 INFO systemd:Started Update UTMP about System Boot/Shutdown.
16:24:04,405 INFO systemd:Started Rebuild Dynamic Linker Cache.
16:24:04,407 INFO systemd:Starting Update is Completed...
16:24:04,429 INFO systemd:Started Update is Completed.
16:24:04,429 INFO systemd:Reached target System Initialization.
16:24:04,430 INFO systemd:Listening on Open-iSCSI iscsiuio Socket.
16:24:04,430 INFO systemd:Listening on Open-iSCSI iscsid Socket.
16:24:04,435 INFO systemd:Listening on D-Bus System Message Bus Socket.
16:24:04,436 INFO systemd:Reached target Sockets.
16:24:04,436 INFO systemd:Reached target Basic System.
16:24:04,441 INFO systemd:Starting OpenSSH ecdsa Server Key Generation...
16:24:04,443 INFO systemd:Starting OpenSSH ed25519 Server Key Generation...
16:24:04,445 INFO systemd:Starting OpenSSH rsa Server Key Generation...
16:24:04,447 INFO systemd:Starting pre-anaconda logging service...
16:24:04,449 INFO systemd:Starting Anaconda NetworkManager configuration...
16:24:04,455 INFO systemd:Starting Login Service...
16:24:04,456 INFO systemd:Starting Hardware RNG Entropy Gatherer Wake threshold service...
16:24:04,458 INFO systemd:Starting Service enabling compressing RAM with zRam...
16:24:04,472 INFO systemd:Started Daily Cleanup of Temporary Directories.
16:24:04,478 INFO systemd:Reached target Timers.
16:24:04,482 INFO systemd:Starting Terminate Plymouth Boot Screen...
16:24:04,484 INFO systemd:Starting Hold until boot process finishes up...
16:24:04,489 INFO zramswapon:+ MAX_RAM_ON=2097152
16:24:04,509 INFO systemd:anaconda-nm-config.service: Succeeded.
16:24:04,516 INFO zramswapon:++ grep -E --only-matching '[[:digit:]]+'
16:24:04,516 INFO zramswapon:++ grep MemTotal /proc/meminfo
16:24:04,527 INFO zramswapon:+ mem_total_kb=4023476
16:24:04,527 INFO zramswapon:+ grep -E 'inst\.zram=(on|1)' /proc/cmdline
16:24:04,528 INFO systemd:Started Anaconda NetworkManager configuration.
16:24:04,546 INFO systemd:Started Hardware RNG Entropy Gatherer Wake threshold service.
16:24:04,549 INFO systemd:Started Terminate Plymouth Boot Screen.
16:24:04,557 INFO zramswapon:+ force=1
16:24:04,557 INFO zramswapon:+ '[' '(' 4023476 -gt 2097152 ')' -a '(' 1 '!=' 0 ')' ']'
16:24:04,557 INFO zramswapon:+ exit 0
16:24:04,595 INFO systemd:anaconda-pre.service: Succeeded.
16:24:04,596 INFO systemd:Started pre-anaconda logging service.
16:24:04,604 INFO systemd:Started Service enabling compressing RAM with zRam.
16:24:04,606 INFO systemd:Started Hold until boot process finishes up.
16:24:04,615 INFO systemd:Received SIGRTMIN+21 from PID 907 (n/a).
16:24:04,617 INFO systemd:Received SIGRTMIN+21 from PID 907 (n/a).
16:24:04,621 INFO systemd:Started Hardware RNG Entropy Gatherer Daemon.
16:24:04,626 INFO systemd:Starting Network Manager...
16:24:04,669 INFO systemd:Started D-Bus System Message Bus.
16:24:04,704 INFO systemd-logind:New seat seat0.
16:24:04,719 INFO systemd-logind:Watching system buttons on /dev/input/event0 (Power Button)
16:24:04,720 INFO systemd-logind:Watching system buttons on /dev/input/event1 (AT Translated Set 2 keyboard)
16:24:04,771 INFO systemd:Started Login Service.
16:24:04,771 INFO systemd:sshd-keygen@ecdsa.service: Succeeded.
16:24:04,771 INFO systemd:Started OpenSSH ecdsa Server Key Generation.
16:24:04,771 INFO systemd:sshd-keygen@ed25519.service: Succeeded.
16:24:04,771 INFO systemd:Started OpenSSH ed25519 Server Key Generation.
16:24:04,784 INFO rngd:Initializing available sources
16:24:04,785 INFO rngd:Failed to init entropy source hwrng
16:24:04,785 INFO rngd:Failed to init entropy source rdrand
16:24:04,955 DEBUG NetworkManager:<debug> [1628007844.9549] monotonic timestamp started counting 1.926787254 seconds ago with an offset of 32.0 seconds to CLOCK_BOOTTIME (local time is 2021-08-03 16:24:04)
16:24:04,955 INFO NetworkManager:<info>  [1628007844.9557] NetworkManager (version 1.30.0-10.el8_4) is starting... (after a restart)
16:24:04,955 INFO NetworkManager:<info>  [1628007844.9558] Read config: /etc/NetworkManager/NetworkManager.conf (etc: 80-anaconda-no-ibft.conf, 90-anaconda-no-auto-default.conf, 91-anaconda-autoconnect-slaves.conf, 92-anaconda-loglevel-debug.conf)
16:24:04,956 DEBUG NetworkManager:<debug> [1628007844.9559] CONFIG: config-data[0x55a51420b040]: 3 groups
16:24:04,956 DEBUG NetworkManager:<debug> [1628007844.9561] CONFIG: 
16:24:04,956 DEBUG NetworkManager:<debug> [1628007844.9562] CONFIG: [main]
16:24:04,956 DEBUG NetworkManager:<debug> [1628007844.9563] CONFIG:   plugins=ifcfg-rh,no-ibft
16:24:04,956 DEBUG NetworkManager:<debug> [1628007844.9565] CONFIG:   no-auto-default=*
16:24:04,956 DEBUG NetworkManager:<debug> [1628007844.9566] CONFIG: 
16:24:04,956 DEBUG NetworkManager:<debug> [1628007844.9567] CONFIG: [logging]
16:24:04,956 DEBUG NetworkManager:<debug> [1628007844.9568] CONFIG:   level=DEBUG
16:24:04,956 DEBUG NetworkManager:<debug> [1628007844.9569] CONFIG: 
16:24:04,957 DEBUG NetworkManager:<debug> [1628007844.9571] CONFIG: [connection]
16:24:04,957 DEBUG NetworkManager:<debug> [1628007844.9572] CONFIG:   connection.autoconnect-slaves=1
16:24:04,957 DEBUG NetworkManager:<debug> [1628007844.9573] CONFIG: 
16:24:04,963 DEBUG NetworkManager:<debug> [1628007844.9575] CONFIG: # no-auto-default file "/var/lib/NetworkManager/no-auto-default.state"
16:24:04,963 DEBUG NetworkManager:<debug> [1628007844.9575] config: state: missing state file "/var/lib/NetworkManager/NetworkManager.state": No such file or directory
16:24:04,963 DEBUG NetworkManager:<debug> [1628007844.9575] WEXT support is disabled
16:24:04,970 DEBUG NetworkManager:<debug> [1628007844.9702] create NMDBusManager singleton (65faa8245f50f41a)
16:24:04,980 INFO systemd:Started Network Manager.
16:24:04,981 INFO systemd:Starting Network Manager Wait Online...
16:24:04,981 INFO systemd:Reached target Network.
16:24:04,982 INFO systemd:Starting RHSM dbus service...
16:24:04,983 INFO NetworkManager:<info>  [1628007844.9829] bus-manager: acquired D-Bus service "org.freedesktop.NetworkManager"
16:24:04,989 DEBUG NetworkManager:<debug> [1628007844.9893] netns[0x55a514220820]: new netns (net:8, mnt:9)
16:24:04,993 DEBUG NetworkManager:<debug> [1628007844.9935] platform-linux: create (ignore netns, initial netns, use udev)
16:24:05,002 DEBUG NetworkManager:<debug> [1628007845.0018] platform-linux: Netlink socket for events established: port=1595, fd=12
16:24:05,002 DEBUG NetworkManager:<debug> [1628007845.0018] platform-linux: populate platform cache
16:24:05,002 DEBUG NetworkManager:<debug> [1628007845.0019] platform: kernel-support for USER_IPV6LL (IFLA_INET6_ADDR_GEN_MODE support) detected: supported
16:24:05,002 DEBUG NetworkManager:<debug> [1628007845.0026] platform: (lo) signal: link   added: 1: lo <UP,LOWER_UP;loopback,up,running,lowerup> mtu 65536 arp 772 loopback? not-init addrgenmode eui64 addr 00:00:00:00:00:00 brd 00:00:00:00:00:00 driver unknown rx:10,764 tx:10,764
16:24:05,002 DEBUG NetworkManager:<debug> [1628007845.0029] platform: (ens3) signal: link   added: 2: ens3 <UP,LOWER_UP;broadcast,multicast,up,running,lowerup> mtu 1500 arp 1 ethernet? not-init addrgenmode none addr 52:54:00:57:4D:45 brd FF:FF:FF:FF:FF:FF driver virtio_net rx:36265,650781860 tx:29068,1923826
16:24:05,003 DEBUG NetworkManager:<debug> [1628007845.0031] platform: kernel-support for EXTENDED_IFA_FLAGS (IPv6 temporary addresses support) detected: supported
16:24:05,003 DEBUG NetworkManager:<debug> [1628007845.0032] platform: (lo) signal: address 4   added: 127.0.0.1/8 brd 0.0.0.0 lft forever pref forever lifetime 1-0[4294967295,4294967295] dev 1 flags permanent src kernel
16:24:05,003 DEBUG NetworkManager:<debug> [1628007845.0034] platform: (ens3) signal: address 4   added: 192.168.122.19/24 brd 192.168.122.255 lft 3585sec pref 3585sec lifetime 1-1[3585,3585] dev 2 flags noprefixroute src kernel
16:24:05,003 DEBUG NetworkManager:<debug> [1628007845.0036] platform: (lo) signal: address 6   added: ::1/128 lft forever pref forever lifetime 1-0[4294967295,4294967295] dev 1 flags permanent src kernel
16:24:05,004 DEBUG NetworkManager:<debug> [1628007845.0037] platform: (ens3) signal: address 6   added: fe80::5054:ff:fe57:4d45/64 lft forever pref forever lifetime 1-0[4294967295,4294967295] dev 2 flags permanent,noprefixroute src kernel
16:24:05,004 DEBUG NetworkManager:<debug> [1628007845.0039] platform: (ens3) signal: route   4   added: type unicast 0.0.0.0/0 via 192.168.122.1 dev 2 metric 100 mss 0 rt-src rt-dhcp scope global
16:24:05,004 DEBUG NetworkManager:<debug> [1628007845.0039] platform: (ens3) signal: route   4   added: type unicast 192.168.122.0/24 via 0.0.0.0 dev 2 metric 100 mss 0 rt-src rt-kernel scope link pref-src 192.168.122.19
16:24:05,004 DEBUG NetworkManager:<debug> [1628007845.0039] platform: (lo) signal: route   4   added: type local table 255 127.0.0.0/8 via 0.0.0.0 dev 1 metric 0 mss 0 rt-src rt-kernel scope host pref-src 127.0.0.1
16:24:05,004 DEBUG NetworkManager:<debug> [1628007845.0040] platform: (lo) signal: route   4   added: type local table 255 127.0.0.1/32 via 0.0.0.0 dev 1 metric 0 mss 0 rt-src rt-kernel scope host pref-src 127.0.0.1
16:24:05,004 DEBUG NetworkManager:<debug> [1628007845.0040] platform: (ens3) signal: route   4   added: type local table 255 192.168.122.19/32 via 0.0.0.0 dev 2 metric 0 mss 0 rt-src rt-kernel scope host pref-src 192.168.122.19
16:24:05,005 DEBUG NetworkManager:<debug> [1628007845.0046] platform: kernel-support for RTA_PREF (ability to set router preference for IPv6 routes) detected: supported
16:24:05,005 DEBUG NetworkManager:<debug> [1628007845.0047] platform: (lo) signal: route   6   added: type unicast ::1/128 via :: dev 1 metric 256 mss 0 rt-src rt-kernel
16:24:05,005 DEBUG NetworkManager:<debug> [1628007845.0047] platform: (ens3) signal: route   6   added: type unicast fe80::/64 via :: dev 2 metric 100 mss 0 rt-src rt-kernel
16:24:05,005 DEBUG NetworkManager:<debug> [1628007845.0047] platform: (lo) signal: route   6   added: type local table 255 ::1/128 via :: dev 1 metric 0 mss 0 rt-src rt-kernel
16:24:05,005 DEBUG NetworkManager:<debug> [1628007845.0047] platform: (ens3) signal: route   6   added: type local table 255 fe80::5054:ff:fe57:4d45/128 via :: dev 2 metric 0 mss 0 rt-src rt-kernel
16:24:05,005 DEBUG NetworkManager:<debug> [1628007845.0048] platform: (ens3) signal: route   6   added: type unicast table 255 ff00::/8 via :: dev 2 metric 256 mss 0 rt-src rt-boot
16:24:05,005 DEBUG NetworkManager:<debug> [1628007845.0048] platform: kernel-support for FRA_PROTOCOL (FRA_PROTOCOL attribute for policy routing rules) detected: supported
16:24:05,005 DEBUG NetworkManager:<debug> [1628007845.0048] platform: kernel-support for FRA_UID_RANGE (FRA_UID_RANGE attribute for policy routing rules) not detected: assume supported
16:24:05,005 DEBUG NetworkManager:<debug> [1628007845.0048] platform: kernel-support for FRA_L3MDEV (FRA_L3MDEV attribute for policy routing rules) not detected: assume supported
16:24:05,005 DEBUG NetworkManager:<debug> [1628007845.0049] platform: kernel-support for FRA_IP_PROTO (FRA_IP_PROTO, FRA_SPORT_RANGE, FRA_DPORT_RANGE attributes for policy routing rules) not detected: assume supported
16:24:05,005 DEBUG NetworkManager:<debug> [1628007845.0049] platform: signal: rt-rule   added: [4] 0: from all lookup 255 protocol 2
16:24:05,006 DEBUG NetworkManager:<debug> [1628007845.0049] platform: signal: rt-rule   added: [4] 32766: from all lookup 254 protocol 2
16:24:05,006 DEBUG NetworkManager:<debug> [1628007845.0049] platform: signal: rt-rule   added: [4] 32767: from all lookup 253 protocol 2
16:24:05,006 DEBUG NetworkManager:<debug> [1628007845.0050] platform: signal: rt-rule   added: [6] 0: from all lookup 255 protocol 2
16:24:05,006 DEBUG NetworkManager:<debug> [1628007845.0050] platform: signal: rt-rule   added: [6] 32766: from all lookup 254 protocol 2
16:24:05,007 DEBUG NetworkManager:<debug> [1628007845.0064] platform: (lo) signal: qdisc   added: noqueue dev 1 family 0 handle 0 parent ffffffff info 2
16:24:05,008 DEBUG NetworkManager:<debug> [1628007845.0064] platform: (ens3) signal: qdisc   added: fq_codel dev 2 family 0 handle 0 parent ffffffff info 2 limit 10240 flows 1024 target 4999 interval 99999 quantum 1514 memory_limit 33554432 ecn
16:24:05,008 DEBUG NetworkManager:<debug> [1628007845.0073] platform: (ens3) signal: link changed: 2: ens3 <UP,LOWER_UP;broadcast,multicast,up,running,lowerup> mtu 1500 arp 1 ethernet? init addrgenmode none addr 52:54:00:57:4D:45 brd FF:FF:FF:FF:FF:FF driver virtio_net rx:36265,650781860 tx:29068,1923826
16:24:05,008 DEBUG NetworkManager:<debug> [1628007845.0075] platform: (lo) signal: link changed: 1: lo <UP,LOWER_UP;loopback,up,running,lowerup> mtu 65536 arp 772 loopback? init addrgenmode eui64 addr 00:00:00:00:00:00 brd 00:00:00:00:00:00 driver unknown rx:10,764 tx:10,764
16:24:05,008 DEBUG NetworkManager:<debug> [1628007845.0076] setup NMPlatform singleton (cfea2feb45d73947)
16:24:05,008 DEBUG NetworkManager:<debug> [1628007845.0076] rules-manager: routing-rule: track [ab9e5eb6a8bd52a3,0] "[4] 0: from all lookup 255 protocol 2")
16:24:05,008 DEBUG NetworkManager:<debug> [1628007845.0076] rules-manager: routing-rule: track [ab9e5eb6a8bd52a3,0] "[4] 32766: from all lookup 254 protocol 2")
16:24:05,008 DEBUG NetworkManager:<debug> [1628007845.0076] rules-manager: routing-rule: track [ab9e5eb6a8bd52a3,0] "[4] 32767: from all lookup 253 protocol 2")
16:24:05,008 DEBUG NetworkManager:<debug> [1628007845.0077] rules-manager: routing-rule: track [ab9e5eb6a8bd52a3,0] "[6] 0: from all lookup 255 protocol 2")
16:24:05,008 DEBUG NetworkManager:<debug> [1628007845.0077] rules-manager: routing-rule: track [ab9e5eb6a8bd52a3,0] "[6] 32766: from all lookup 254 protocol 2")
16:24:05,008 DEBUG NetworkManager:<debug> [1628007845.0077] rules-manager: routing-rule: track [0d1d93ec8cbd8041,0] "[4] 0: from all lookup 255 protocol 2")
16:24:05,008 DEBUG NetworkManager:<debug> [1628007845.0077] rules-manager: routing-rule: track [0d1d93ec8cbd8041,0] "[4] 32766: from all lookup 254 protocol 2")
16:24:05,008 DEBUG NetworkManager:<debug> [1628007845.0077] rules-manager: routing-rule: track [0d1d93ec8cbd8041,0] "[4] 32767: from all lookup 253 protocol 2")
16:24:05,009 DEBUG NetworkManager:<debug> [1628007845.0077] rules-manager: routing-rule: track [0d1d93ec8cbd8041,0] "[6] 0: from all lookup 255 protocol 2")
16:24:05,009 DEBUG NetworkManager:<debug> [1628007845.0078] rules-manager: routing-rule: track [0d1d93ec8cbd8041,0] "[6] 32766: from all lookup 254 protocol 2")
16:24:05,009 DEBUG NetworkManager:<debug> [1628007845.0078] create NMNetns singleton (bd6f45105010b848)
16:24:05,011 DEBUG NetworkManager:<debug> [1628007845.0114] auth[0x55a51422f360]: create auth-manager: polkit enabled
16:24:05,011 DEBUG NetworkManager:<debug> [1628007845.0114] auth[0x55a51422f360]: set instance
16:24:05,011 DEBUG NetworkManager:<debug> [1628007845.0114] setup NMAuthManager singleton (47d938b15c477e10)
16:24:05,025 INFO NetworkManager:<info>  [1628007845.0256] manager[0x55a514235080]: monitoring kernel firmware directory '/lib/firmware'.
16:24:05,041 DEBUG NetworkManager:<debug> [1628007845.0408] session-monitor: using systemd-logind session tracking
16:24:05,041 DEBUG NetworkManager:<debug> [1628007845.0409] create NMSessionMonitor singleton (927e8a99ea8d41ee)
16:24:05,041 DEBUG NetworkManager:<debug> [1628007845.0409] create NMAgentManager singleton (e7de3a137b2f0c74)
16:24:05,042 INFO dbus-daemon:[system] Activating via systemd: service name='org.freedesktop.hostname1' unit='dbus-org.freedesktop.hostname1.service' requested by ':1.3' (uid=0 pid=1595 comm="/usr/sbin/NetworkManager --no-daemon " label="system_u:system_r:kernel_t:s0")
16:24:05,059 INFO systemd:Starting Hostname Service...
16:24:05,425 INFO dbus-daemon:[system] Successfully activated service 'org.freedesktop.hostname1'
16:24:05,425 INFO systemd:Started Hostname Service.
16:24:05,430 INFO NetworkManager:<info>  [1628007845.4276] hostname: hostname: using hostnamed
16:24:05,430 DEBUG NetworkManager:<debug> [1628007845.4276] create NMHostnameManager singleton (53aaae15f8c13594)
16:24:05,430 DEBUG NetworkManager:<debug> [1628007845.4279] create NMFirewallManager singleton (c0e76ddc39f22456)
16:24:05,430 INFO NetworkManager:<info>  [1628007845.4281] dns-mgr[0x55a514225170]: init: dns=default,systemd-resolved rc-manager=symlink
16:24:05,430 DEBUG NetworkManager:<debug> [1628007845.4281] create NMDnsManager singleton (be0906e05c65e2ce)
16:24:05,430 DEBUG NetworkManager:<debug> [1628007845.4281] policy: hostname-mode: full
16:24:05,430 DEBUG NetworkManager:<debug> [1628007845.4285] setup NMManager singleton (c41ac425ef3df4fc)
16:24:05,433 DEBUG NetworkManager:<debug> [1628007845.4331] create NMConnectivity singleton (7a3b14331ab33030)
16:24:05,440 DEBUG NetworkManager:<debug> [1628007845.4401] Loaded device plugin: NM6LowpanDeviceFactory (internal)
16:24:05,440 DEBUG NetworkManager:<debug> [1628007845.4401] Loaded device plugin: NMBondDeviceFactory (internal)
16:24:05,440 DEBUG NetworkManager:<debug> [1628007845.4402] Loaded device plugin: NMBridgeDeviceFactory (internal)
16:24:05,440 DEBUG NetworkManager:<debug> [1628007845.4402] Loaded device plugin: NMDummyDeviceFactory (internal)
16:24:05,440 DEBUG NetworkManager:<debug> [1628007845.4402] Loaded device plugin: NMEthernetDeviceFactory (internal)
16:24:05,440 DEBUG NetworkManager:<debug> [1628007845.4403] Loaded device plugin: NMInfinibandDeviceFactory (internal)
16:24:05,440 DEBUG NetworkManager:<debug> [1628007845.4405] Loaded device plugin: NMIPTunnelDeviceFactory (internal)
16:24:05,440 DEBUG NetworkManager:<debug> [1628007845.4405] Loaded device plugin: NMMacsecDeviceFactory (internal)
16:24:05,441 DEBUG NetworkManager:<debug> [1628007845.4405] Loaded device plugin: NMMacvlanDeviceFactory (internal)
16:24:05,441 DEBUG NetworkManager:<debug> [1628007845.4405] Loaded device plugin: NMPppDeviceFactory (internal)
16:24:05,441 DEBUG NetworkManager:<debug> [1628007845.4406] Loaded device plugin: NMTunDeviceFactory (internal)
16:24:05,445 DEBUG NetworkManager:<debug> [1628007845.4406] Loaded device plugin: NMVethDeviceFactory (internal)
16:24:05,445 DEBUG NetworkManager:<debug> [1628007845.4407] Loaded device plugin: NMVlanDeviceFactory (internal)
16:24:05,446 DEBUG NetworkManager:<debug> [1628007845.4407] Loaded device plugin: NMVrfDeviceFactory (internal)
16:24:05,446 DEBUG NetworkManager:<debug> [1628007845.4407] Loaded device plugin: NMVxlanDeviceFactory (internal)
16:24:05,446 DEBUG NetworkManager:<debug> [1628007845.4408] Loaded device plugin: NMWireGuardDeviceFactory (internal)
16:24:05,446 DEBUG NetworkManager:<debug> [1628007845.4408] Loaded device plugin: NMWpanDeviceFactory (internal)
16:24:05,453 INFO NetworkManager:<info>  [1628007845.4476] Loaded device plugin: NMTeamFactory (/usr/lib64/NetworkManager/1.30.0-10.el8_4/libnm-device-plugin-team.so)
16:24:05,454 INFO NetworkManager:<info>  [1628007845.4541] Loaded device plugin: NMWifiFactory (/usr/lib64/NetworkManager/1.30.0-10.el8_4/libnm-device-plugin-wifi.so)
16:24:05,454 INFO NetworkManager:<info>  [1628007845.4541] manager: rfkill: Wi-Fi enabled by radio killswitch; enabled by state file
16:24:05,454 INFO NetworkManager:<info>  [1628007845.4543] manager: rfkill: WWAN enabled by radio killswitch; enabled by state file
16:24:05,454 INFO NetworkManager:<info>  [1628007845.4544] manager: Networking is enabled by state file
16:24:05,470 DEBUG NetworkManager:<debug> [1628007845.4545] dispatcher: (1) dispatching action 'hostname'
16:24:05,470 INFO dbus-daemon:[system] Activating via systemd: service name='org.freedesktop.nm_dispatcher' unit='dbus-org.freedesktop.nm-dispatcher.service' requested by ':1.3' (uid=0 pid=1595 comm="/usr/sbin/NetworkManager --no-daemon " label="system_u:system_r:kernel_t:s0")
16:24:05,470 DEBUG NetworkManager:<debug> [1628007845.4547] dhcp-init: enabled DHCP client 'dhclient' (not available)
16:24:05,470 DEBUG NetworkManager:<debug> [1628007845.4548] dhcp-init: enabled DHCP client 'internal'
16:24:05,470 DEBUG NetworkManager:<debug> [1628007845.4548] dhcp-init: enabled DHCP client 'systemd' (undocumented internal plugin)
16:24:05,471 DEBUG NetworkManager:<debug> [1628007845.4548] dhcp-init: enabled DHCP client 'nettools' (undocumented internal plugin)
16:24:05,471 INFO NetworkManager:<info>  [1628007845.4548] dhcp-init: Using DHCP client 'internal'
16:24:05,471 DEBUG NetworkManager:<debug> [1628007845.4548] create NMDhcpManager singleton (799659ec02fa69c9)
16:24:05,477 INFO NetworkManager:<info>  [1628007845.4742] settings: Loaded settings plugin: ifcfg-rh ("/usr/lib64/NetworkManager/1.30.0-10.el8_4/libnm-settings-plugin-ifcfg-rh.so")
16:24:05,478 WARNING NetworkManager:<warn>  [1628007845.4742] settings: skipping deprecated plugin no-ibft
16:24:05,478 INFO NetworkManager:<info>  [1628007845.4771] settings: Loaded settings plugin: keyfile (internal)
16:24:05,480 INFO systemd:Starting Network Manager Script Dispatcher Service...
16:24:05,485 DEBUG NetworkManager:<debug> [1628007845.4853] ++ connection 'new connection' (0x7f6110004f40/NMSimpleConnection/"802-3-ethernet"): [/org/freedesktop/NetworkManager/Settings/1]
16:24:05,485 DEBUG NetworkManager:<debug> [1628007845.4854] ++ connection                [ 0x55a51420b1a0 ]
16:24:05,485 DEBUG NetworkManager:<debug> [1628007845.4856] ++ connection.autoconnect-retries = 1
16:24:05,485 DEBUG NetworkManager:<debug> [1628007845.4858] ++ connection.id             = 'Wired Connection'
16:24:05,485 DEBUG NetworkManager:<debug> [1628007845.4859] ++ connection.multi-connect  = 3
16:24:05,486 DEBUG NetworkManager:<debug> [1628007845.4860] ++ connection.permissions    = []
16:24:05,486 DEBUG NetworkManager:<debug> [1628007845.4862] ++ connection.type           = '802-3-ethernet'
16:24:05,486 DEBUG NetworkManager:<debug> [1628007845.4863] ++ connection.uuid           = '08009ad8-e79a-460f-a5e9-c9c6926bb516'
16:24:05,486 DEBUG NetworkManager:<debug> [1628007845.4865] ++ connection.wait-device-timeout = 60000
16:24:05,486 DEBUG NetworkManager:<debug> [1628007845.4866] ++ 802-3-ethernet            [ 0x55a514216960 ]
16:24:05,486 DEBUG NetworkManager:<debug> [1628007845.4867] ++ 802-3-ethernet.mac-address-blacklist = []
16:24:05,487 DEBUG NetworkManager:<debug> [1628007845.4868] ++ 802-3-ethernet.s390-options = ((GHashTable*) 0x55a51426ec60)
16:24:05,487 DEBUG NetworkManager:<debug> [1628007845.4869] ++ ipv4                      [ 0x7f61140044f0 ]
16:24:05,487 DEBUG NetworkManager:<debug> [1628007845.4869] ++ ipv4.addresses            = ((GPtrArray*) 0x55a514278380)
16:24:05,487 DEBUG NetworkManager:<debug> [1628007845.4869] ++ ipv4.dhcp-timeout         = 90
16:24:05,487 DEBUG NetworkManager:<debug> [1628007845.4869] ++ ipv4.dhcp-vendor-class-identifier = 'anaconda-Linux'
16:24:05,487 DEBUG NetworkManager:<debug> [1628007845.4869] ++ ipv4.dns                  = []
16:24:05,487 DEBUG NetworkManager:<debug> [1628007845.4869] ++ ipv4.dns-search           = []
16:24:05,487 DEBUG NetworkManager:<debug> [1628007845.4870] ++ ipv4.may-fail             = FALSE
16:24:05,487 DEBUG NetworkManager:<debug> [1628007845.4870] ++ ipv4.method               = 'auto'
16:24:05,487 DEBUG NetworkManager:<debug> [1628007845.4870] ++ ipv4.routes               = ((GPtrArray*) 0x55a514278360)
16:24:05,487 DEBUG NetworkManager:<debug> [1628007845.4870] ++ ipv4.routing-rules        = <unknown>
16:24:05,488 DEBUG NetworkManager:<debug> [1628007845.4870] ++ ipv6                      [ 0x55a514222110 ]
16:24:05,489 DEBUG NetworkManager:<debug> [1628007845.4879] ++ ipv6.addr-gen-mode        = 0
16:24:05,489 DEBUG NetworkManager:<debug> [1628007845.4879] ++ ipv6.addresses            = ((GPtrArray*) 0x55a514278440)
16:24:05,489 DEBUG NetworkManager:<debug> [1628007845.4879] ++ ipv6.dhcp-timeout         = 90
16:24:05,489 DEBUG NetworkManager:<debug> [1628007845.4880] ++ ipv6.dns                  = []
16:24:05,489 DEBUG NetworkManager:<debug> [1628007845.4880] ++ ipv6.dns-search           = []
16:24:05,489 DEBUG NetworkManager:<debug> [1628007845.4880] ++ ipv6.method               = 'auto'
16:24:05,489 DEBUG NetworkManager:<debug> [1628007845.4880] ++ ipv6.routes               = ((GPtrArray*) 0x55a5142784c0)
16:24:05,489 DEBUG NetworkManager:<debug> [1628007845.4880] ++ ipv6.routing-rules        = <unknown>
16:24:05,489 DEBUG NetworkManager:<debug> [1628007845.4888] device[2ccdb7e1c490f302] (lo): ifindex: set ifindex 1
16:24:05,490 DEBUG NetworkManager:<debug> [1628007845.4899] device[2ccdb7e1c490f302] (lo): unmanaged: flags set to [platform-init,by-default=0x110/0x110/unmanaged/unrealized], set-unmanaged [by-default=0x100])
16:24:05,491 DEBUG NetworkManager:<debug> [1628007845.4900] device[2ccdb7e1c490f302] (lo): constructed (NMDeviceGeneric)
16:24:05,491 DEBUG NetworkManager:<debug> [1628007845.4900] device[2ccdb7e1c490f302] (lo): start setup of NMDeviceGeneric, kernel ifindex 1
16:24:05,491 DEBUG NetworkManager:<debug> [1628007845.4902] platform-linux: error reading net:/sys/class/net/lo/phys_port_id: error reading 4096 bytes from file descriptor: Operation not supported
16:24:05,491 DEBUG NetworkManager:<debug> [1628007845.4903] platform-linux: sysctl: reading 'net:/sys/class/net/lo/dev_id': '0x0'
16:24:05,491 DEBUG NetworkManager:<debug> [1628007845.4904] platform-linux: error reading net:/sys/class/net/lo/device/sriov_numvfs: Failed to open file "device/sriov_numvfs" with openat: No such file or directory
16:24:05,491 DEBUG NetworkManager:<debug> [1628007845.4905] device[2ccdb7e1c490f302] (lo): hw-addr: hardware address now 00:00:00:00:00:00
16:24:05,491 DEBUG NetworkManager:<debug> [1628007845.4905] device[2ccdb7e1c490f302] (lo): hw-addr: update initial MAC address 00:00:00:00:00:00
16:24:05,491 DEBUG NetworkManager:<debug> [1628007845.4905] device[2ccdb7e1c490f302] (lo): hw-addr: unable to read permanent MAC address (use current: 00:00:00:00:00:00)
16:24:05,491 INFO NetworkManager:<info>  [1628007845.4907] device (lo): carrier: link connected
16:24:05,491 DEBUG NetworkManager:<debug> [1628007845.4907] device[2ccdb7e1c490f302] (lo): unmanaged: flags set to [platform-init,by-default,!external-down=0x110/0x910/unmanaged/unrealized], set-managed [external-down=0x800])
16:24:05,491 DEBUG NetworkManager:<debug> [1628007845.4907] device[2ccdb7e1c490f302] (lo): unmanaged: flags set to [by-type,platform-init,by-default,!external-down=0x118/0x918/unmanaged/unrealized], set-unmanaged [by-type=0x8])
16:24:05,494 DEBUG NetworkManager:<debug> [1628007845.4908] device[2ccdb7e1c490f302] (lo): unmanaged: flags set to [by-type,platform-init,by-default,!user-settings,!external-down=0x118/0x958/unmanaged/unrealized], set-managed [user-settings=0x40])
16:24:05,494 DEBUG NetworkManager:<debug> [1628007845.4919] device[2ccdb7e1c490f302] (lo): unmanaged: flags set to [by-type,by-default,!platform-init,!user-settings,!external-down=0x108/0x958/unmanaged/unrealized], set-managed [platform-init=0x10])
16:24:05,494 DEBUG NetworkManager:<debug> [1628007845.4920] device[2ccdb7e1c490f302] (lo): unmanaged: flags set to [by-type,by-default,!sleeping,!platform-init,!user-settings,!external-down=0x108/0x959/unmanaged/unrealized], set-managed [sleeping=0x1])
16:24:05,494 INFO NetworkManager:<info>  [1628007845.4923] manager: (lo): new Generic device (/org/freedesktop/NetworkManager/Devices/1)
16:24:05,494 DEBUG NetworkManager:<debug> [1628007845.4930] device[3fc6e6f7b2617e7e] (ens3): ifindex: set ifindex 2
16:24:05,494 DEBUG NetworkManager:<debug> [1628007845.4931] device[3fc6e6f7b2617e7e] (ens3): constructed (NMDeviceEthernet)
16:24:05,494 DEBUG NetworkManager:<debug> [1628007845.4932] device[3fc6e6f7b2617e7e] (ens3): start setup of NMDeviceEthernet, kernel ifindex 2
16:24:05,494 DEBUG NetworkManager:<debug> [1628007845.4932] device[3fc6e6f7b2617e7e] (ens3): assume-state: set guess-assume=0, connection="08009ad8-e79a-460f-a5e9-c9c6926bb516"
16:24:05,494 DEBUG NetworkManager:<debug> [1628007845.4933] platform-linux: error reading net:/sys/class/net/ens3/phys_port_id: error reading 4096 bytes from file descriptor: Operation not supported
16:24:05,494 DEBUG NetworkManager:<debug> [1628007845.4933] platform-linux: sysctl: reading 'net:/sys/class/net/ens3/dev_id': '0x0'
16:24:05,494 DEBUG NetworkManager:<debug> [1628007845.4934] platform-linux: error reading net:/sys/class/net/ens3/device/sriov_numvfs: Failed to open file "device/sriov_numvfs" with openat: No such file or directory
16:24:05,494 DEBUG NetworkManager:<debug> [1628007845.4935] device[3fc6e6f7b2617e7e] (ens3): hw-addr: hardware address now 52:54:00:57:4D:45
16:24:05,495 DEBUG NetworkManager:<debug> [1628007845.4935] device[3fc6e6f7b2617e7e] (ens3): hw-addr: update initial MAC address 52:54:00:57:4D:45
16:24:05,495 DEBUG NetworkManager:<debug> [1628007845.4936] device[3fc6e6f7b2617e7e] (ens3): hw-addr: read permanent MAC address '52:54:00:57:4D:45'
16:24:05,495 INFO NetworkManager:<info>  [1628007845.4936] device (ens3): carrier: link connected
16:24:05,495 DEBUG NetworkManager:<debug> [1628007845.4938] device[3fc6e6f7b2617e7e] (ens3): unmanaged: flags set to [platform-init,!user-explicit=0x10/0x30/unmanaged/unrealized], set-managed [user-explicit=0x20])
16:24:05,495 DEBUG NetworkManager:<debug> [1628007845.4938] device[3fc6e6f7b2617e7e] (ens3): unmanaged: flags set to [platform-init,!by-type,!user-explicit=0x10/0x38/unmanaged/unrealized], set-managed [by-type=0x8])
16:24:05,495 DEBUG NetworkManager:<debug> [1628007845.4938] device[3fc6e6f7b2617e7e] (ens3): unmanaged: flags set to [platform-init,!by-type,!user-explicit,!user-settings=0x10/0x78/unmanaged/unrealized], set-managed [user-settings=0x40])
16:24:05,495 DEBUG NetworkManager:<debug> [1628007845.4938] device[3fc6e6f7b2617e7e] (ens3): unmanaged: flags set to [!by-type,!platform-init,!user-explicit,!user-settings=0x0/0x78/managed/unrealized], set-managed [platform-init=0x10])
16:24:05,495 DEBUG NetworkManager:<debug> [1628007845.4939] device[3fc6e6f7b2617e7e] (ens3): unmanaged: flags set to [!sleeping,!by-type,!platform-init,!user-explicit,!user-settings=0x0/0x79/managed/unrealized], set-managed [sleeping=0x1])
16:24:05,500 INFO NetworkManager:<info>  [1628007845.5006] manager: (ens3): new Ethernet device (/org/freedesktop/NetworkManager/Devices/2)
16:24:05,503 DEBUG NetworkManager:<debug> [1628007845.5036] device[3fc6e6f7b2617e7e] (ens3): ip4-config: update (commit=0, new-config=b8e2548e793b8ec9, route-table-sync-mode=0)
16:24:05,506 DEBUG NetworkManager:<debug> [1628007845.5063] device[3fc6e6f7b2617e7e] (ens3): ip4-config: set IP Config instance (/org/freedesktop/NetworkManager/IP4Config/1)
16:24:05,506 DEBUG NetworkManager:<debug> [1628007845.5068] dns-mgr: (device_ip_config_changed): queueing DNS updates (1)
16:24:05,515 DEBUG NetworkManager:<debug> [1628007845.5151] dns-mgr: (device_ip_config_changed): DNS configuration did not change
16:24:05,515 DEBUG NetworkManager:<debug> [1628007845.5153] dns-mgr: (device_ip_config_changed): no DNS changes to commit (0)
16:24:05,515 DEBUG NetworkManager:<debug> [1628007845.5156] device[3fc6e6f7b2617e7e] (ens3): ip6-config: update (commit=0, new-config=7c022c89976a01e9, route-table-sync-mode=0)
16:24:05,516 DEBUG NetworkManager:<debug> [1628007845.5160] device[3fc6e6f7b2617e7e] (ens3): ip6-config: set IP Config instance (/org/freedesktop/NetworkManager/IP6Config/1)
16:24:05,516 DEBUG NetworkManager:<debug> [1628007845.5166] dns-mgr: (device_ip_config_changed): queueing DNS updates (1)
16:24:05,518 DEBUG NetworkManager:<debug> [1628007845.5181] dns-mgr: (device_ip_config_changed): DNS configuration did not change
16:24:05,518 DEBUG NetworkManager:<debug> [1628007845.5183] dns-mgr: (device_ip_config_changed): no DNS changes to commit (0)
16:24:05,518 DEBUG NetworkManager:<debug> [1628007845.5186] platform-linux: sysctl: reading '/proc/sys/net/ipv6/conf/ens3/disable_ipv6': '0'
16:24:05,519 INFO NetworkManager:<info>  [1628007845.5190] manager: (ens3): assume: will attempt to assume matching connection 'Wired Connection' (08009ad8-e79a-460f-a5e9-c9c6926bb516) (indicated)
16:24:05,519 DEBUG NetworkManager:<debug> [1628007845.5192] device[3fc6e6f7b2617e7e] (ens3): assume-state: set guess-assume=0, connection=(null)
16:24:05,519 INFO NetworkManager:<info>  [1628007845.5194] device (ens3): state change: unmanaged -> unavailable (reason 'connection-assumed', sys-iface-state: 'assume')
16:24:05,519 DEBUG NetworkManager:<debug> [1628007845.5196] device[3fc6e6f7b2617e7e] (ens3): add_pending_action (1): 'in-state-change'
16:24:05,520 DEBUG NetworkManager:<debug> [1628007845.5203] platform-linux: sysctl: reading '/proc/sys/net/ipv6/conf/ens3/accept_ra': '0'
16:24:05,520 DEBUG NetworkManager:<debug> [1628007845.5205] platform-linux: sysctl: reading '/proc/sys/net/ipv6/conf/ens3/forwarding': '0'
16:24:05,522 DEBUG NetworkManager:<debug> [1628007845.5222] platform-linux: sysctl: reading '/proc/sys/net/ipv6/conf/ens3/hop_limit': '64'
16:24:05,522 DEBUG NetworkManager:<debug> [1628007845.5224] platform-linux: sysctl: reading '/proc/sys/net/ipv6/conf/ens3/use_tempaddr': '0'
16:24:05,526 DEBUG NetworkManager:<debug> [1628007845.5248] device[3fc6e6f7b2617e7e] (ens3): add_pending_action (2): 'recheck-available'
16:24:05,529 DEBUG NetworkManager:<debug> [1628007845.5294] device[3fc6e6f7b2617e7e] (ens3): connectivity state changed from UNKNOWN to NONE
16:24:05,532 DEBUG NetworkManager:<debug> [1628007845.5302] manager: connectivity checking indicates NONE
16:24:05,532 DEBUG NetworkManager:<debug> [1628007845.5326] dispatcher: (2) dispatching action 'connectivity-change'
16:24:05,536 DEBUG NetworkManager:<debug> [1628007845.5362] device[3fc6e6f7b2617e7e] (ens3): connectivity state changed from UNKNOWN to NONE
16:24:05,537 DEBUG NetworkManager:<debug> [1628007845.5367] device[3fc6e6f7b2617e7e] (ens3): remove_pending_action (1): 'in-state-change'
16:24:05,537 INFO NetworkManager:<info>  [1628007845.5375] device (ens3): state change: unavailable -> disconnected (reason 'connection-assumed', sys-iface-state: 'assume')
16:24:05,537 DEBUG NetworkManager:<debug> [1628007845.5377] device[3fc6e6f7b2617e7e] (ens3): add_pending_action (2): 'in-state-change'
16:24:05,541 DEBUG NetworkManager:<debug> [1628007845.5417] device[3fc6e6f7b2617e7e] (ens3): add_pending_action (3): 'autoactivate'
16:24:05,542 DEBUG NetworkManager:<debug> [1628007845.5421] device[3fc6e6f7b2617e7e] (ens3): remove_pending_action (2): 'in-state-change'
16:24:05,542 DEBUG NetworkManager:<debug> [1628007845.5425] active-connection[0x55a514238200]: set device "ens3" [0x55a514292710]
16:24:05,546 DEBUG NetworkManager:<debug> [1628007845.5461] device[3fc6e6f7b2617e7e] (ens3): add_pending_action (3): 'activation-1'
16:24:05,546 DEBUG NetworkManager:<debug> [1628007845.5465] active-connection[0x55a514238200]: constructed (NMActRequest, version-id 1, type assume)
16:24:05,548 INFO NetworkManager:<info>  [1628007845.5482] device (ens3): Activation: starting connection 'Wired Connection' (08009ad8-e79a-460f-a5e9-c9c6926bb516)
16:24:05,548 DEBUG NetworkManager:<debug> [1628007845.5485] device[3fc6e6f7b2617e7e] (ens3): activation-stage: schedule activate_stage1_device_prepare,v4 (id 34)
16:24:05,550 DEBUG NetworkManager:<debug> [1628007845.5502] create NMVpnManager singleton (4e4fbc21e25a5465)
16:24:05,550 DEBUG NetworkManager:<debug> [1628007845.5506] manager: creating virtual devices...
16:24:05,550 DEBUG NetworkManager:<debug> [1628007845.5509] setting up local loopback
16:24:05,551 DEBUG NetworkManager:<debug> [1628007845.5512] platform: (lo) link: setting up
16:24:05,551 DEBUG NetworkManager:<debug> [1628007845.5515] platform-linux: link: change 1: flags: set 0x1/0x1 ([up] / [up])
16:24:05,551 DEBUG NetworkManager:<debug> [1628007845.5518] platform-linux: do-request-link: 1 
16:24:05,554 DEBUG NetworkManager:<debug> [1628007845.5542] platform-linux: do-change-link[1]: success changing link: success
